Component: ARM Compiler 5.06 update 6 (build 750) Tool: armlink [4d35ed]

==============================================================================

Section Cross References

    main.o(i.InitUART1) refers to uidiv.o(.text) for __aeabi_uidivmod
    main.o(i.InitUART1) refers to main.o(i.__NVIC_SetPriority) for __NVIC_SetPriority
    main.o(i.InitUART1) refers to main.o(i.__NVIC_ClearPendingIRQ) for __NVIC_ClearPendingIRQ
    main.o(i.UART1_IRQHandler) refers to main.o(i.__NVIC_ClearPendingIRQ) for __NVIC_ClearPendingIRQ
    main.o(i.UART1_IRQHandler) refers to main.o(.data) for rx_data
    main.o(i.UART_led_control) refers to main.o(i.forwardLeft) for forwardLeft
    main.o(i.UART_led_control) refers to main.o(i.motorMovingFlagsSet) for motorMovingFlagsSet
    main.o(i.UART_led_control) refers to main.o(i.forwardRight) for forwardRight
    main.o(i.UART_led_control) refers to main.o(i.moveForward) for moveForward
    main.o(i.UART_led_control) refers to main.o(i.moveBackward) for moveBackward
    main.o(i.UART_led_control) refers to main.o(i.rotateLeft) for rotateLeft
    main.o(i.UART_led_control) refers to main.o(i.rotateRight) for rotateRight
    main.o(i.UART_led_control) refers to main.o(i.stopMotors) for stopMotors
    main.o(i.UART_led_control) refers to main.o(i.motorStopFlagsSet) for motorStopFlagsSet
    main.o(i.UART_led_control) refers to rtx_semaphore.o(.text.osSemaphoreRelease) for osSemaphoreRelease
    main.o(i.UART_led_control) refers to main.o(.data) for rx_data
    main.o(i.changeMotorFrequency) refers to idiv.o(.text) for __aeabi_idivmod
    main.o(i.main) refers to system_mkl25z4.o(i.SystemCoreClockUpdate) for SystemCoreClockUpdate
    main.o(i.main) refers to colorhandler.o(i.initGPIOLED) for initGPIOLED
    main.o(i.main) refers to main.o(i.InitUART1) for InitUART1
    main.o(i.main) refers to main.o(i.initPWM) for initPWM
    main.o(i.main) refers to rtx_kernel.o(.text.osKernelInitialize) for osKernelInitialize
    main.o(i.main) refers to rtx_semaphore.o(.text.osSemaphoreNew) for osSemaphoreNew
    main.o(i.main) refers to rtx_evflags.o(.text.osEventFlagsNew) for osEventFlagsNew
    main.o(i.main) refers to rtx_thread.o(.text.osThreadNew) for osThreadNew
    main.o(i.main) refers to rtx_thread.o(.text.osThreadSetPriority) for osThreadSetPriority
    main.o(i.main) refers to rtx_kernel.o(.text.osKernelStart) for osKernelStart
    main.o(i.main) refers to main.o(.data) for startSem
    main.o(i.main) refers to main.o(i.UART_led_control) for UART_led_control
    main.o(i.main) refers to main.o(i.movingGreenLED) for movingGreenLED
    main.o(i.main) refers to main.o(i.movingRedLED) for movingRedLED
    main.o(i.main) refers to main.o(i.stationGreenLED) for stationGreenLED
    main.o(i.main) refers to main.o(i.stationRedLED) for stationRedLED
    main.o(i.main) refers to main.o(i.movingBuzzer) for movingBuzzer
    main.o(i.main) refers to main.o(i.stopBuzzer) for stopBuzzer
    main.o(i.motorMovingFlagsSet) refers to rtx_evflags.o(.text.osEventFlagsSet) for osEventFlagsSet
    main.o(i.motorMovingFlagsSet) refers to rtx_evflags.o(.text.osEventFlagsClear) for osEventFlagsClear
    main.o(i.motorMovingFlagsSet) refers to main.o(.data) for movingGreenFlag
    main.o(i.motorStopFlagsSet) refers to rtx_evflags.o(.text.osEventFlagsSet) for osEventFlagsSet
    main.o(i.motorStopFlagsSet) refers to rtx_evflags.o(.text.osEventFlagsClear) for osEventFlagsClear
    main.o(i.motorStopFlagsSet) refers to main.o(.data) for stationGreenFlag
    main.o(i.movingBuzzer) refers to rtx_semaphore.o(.text.osSemaphoreAcquire) for osSemaphoreAcquire
    main.o(i.movingBuzzer) refers to buzzer.o(i.runningBuzzer) for runningBuzzer
    main.o(i.movingBuzzer) refers to main.o(.data) for startSem
    main.o(i.movingGreenLED) refers to rtx_evflags.o(.text.osEventFlagsWait) for osEventFlagsWait
    main.o(i.movingGreenLED) refers to colorhandler.o(i.startMovingGreen) for startMovingGreen
    main.o(i.movingGreenLED) refers to main.o(.data) for movingGreenFlag
    main.o(i.movingRedLED) refers to rtx_evflags.o(.text.osEventFlagsWait) for osEventFlagsWait
    main.o(i.movingRedLED) refers to colorhandler.o(i.startSlowFlashRed) for startSlowFlashRed
    main.o(i.movingRedLED) refers to main.o(.data) for movingRedFlag
    main.o(i.stationGreenLED) refers to rtx_evflags.o(.text.osEventFlagsWait) for osEventFlagsWait
    main.o(i.stationGreenLED) refers to colorhandler.o(i.startStationGreen) for startStationGreen
    main.o(i.stationGreenLED) refers to main.o(.data) for stationGreenFlag
    main.o(i.stationRedLED) refers to rtx_evflags.o(.text.osEventFlagsWait) for osEventFlagsWait
    main.o(i.stationRedLED) refers to colorhandler.o(i.startFastFlashRed) for startFastFlashRed
    main.o(i.stationRedLED) refers to main.o(.data) for stationRedFlag
    main.o(i.stopBuzzer) refers to rtx_semaphore.o(.text.osSemaphoreAcquire) for osSemaphoreAcquire
    main.o(i.stopBuzzer) refers to buzzer.o(i.endBuzzer) for endBuzzer
[...]
    Removing rtx_thread.o(.text.svcRtxThreadGetCount), (56 bytes).
    Removing rtx_thread.o(.ARM.exidx.text.svcRtxThreadGetCount), (8 bytes).
    Removing rtx_thread.o(.text.svcRtxThreadEnumerate), (96 bytes).
    Removing rtx_thread.o(.ARM.exidx.text.svcRtxThreadEnumerate), (8 bytes).
    Removing rtx_thread.o(.text.svcRtxThreadFlagsSet), (108 bytes).
    Removing rtx_thread.o(.ARM.exidx.text.svcRtxThreadFlagsSet), (8 bytes).
    Removing rtx_thread.o(.text.svcRtxThreadFlagsClear), (56 bytes).
    Removing rtx_thread.o(.ARM.exidx.text.svcRtxThreadFlagsClear), (8 bytes).
    Removing rtx_thread.o(.text.svcRtxThreadFlagsGet), (20 bytes).
    Removing rtx_thread.o(.ARM.exidx.text.svcRtxThreadFlagsGet), (8 bytes).
    Removing rtx_thread.o(.text.svcRtxThreadFlagsWait), (80 bytes).
    Removing rtx_thread.o(.ARM.exidx.text.svcRtxThreadFlagsWait), (8 bytes).
    Removing rtx_delay.o(.text), (0 bytes).
    Removing rtx_delay.o(.ARM.exidx.text.osDelay), (8 bytes).
    Removing rtx_delay.o(.text.osDelayUntil), (40 bytes).
    Removing rtx_delay.o(.ARM.exidx.text.osDelayUntil), (8 bytes).
    Removing rtx_delay.o(.ARM.exidx.text.svcRtxDelay), (8 bytes).
    Removing rtx_delay.o(.text.svcRtxDelayUntil), (32 bytes).
    Removing rtx_delay.o(.ARM.exidx.text.svcRtxDelayUntil), (8 bytes).
    Removing rtx_evflags.o(.text), (0 bytes).
    Removing rtx_evflags.o(.ARM.exidx.text.osEventFlagsNew), (8 bytes).
    Removing rtx_evflags.o(.text.osEventFlagsGetName), (36 bytes).
    Removing rtx_evflags.o(.ARM.exidx.text.osEventFlagsGetName), (8 bytes).
    Removing rtx_evflags.o(.ARM.exidx.text.osEventFlagsSet), (8 bytes).
    Removing rtx_evflags.o(.ARM.exidx.text.osEventFlagsClear), (8 bytes).
    Removing rtx_evflags.o(.ARM.exidx.text.svcRtxEventFlagsClear), (8 bytes).
    Removing rtx_evflags.o(.text.osEventFlagsGet), (48 bytes).
    Removing rtx_evflags.o(.ARM.exidx.text.osEventFlagsGet), (8 bytes).
    Removing rtx_evflags.o(.text.svcRtxEventFlagsGet), (18 bytes).
    Removing rtx_evflags.o(.ARM.exidx.text.svcRtxEventFlagsGet), (8 bytes).
    Removing rtx_evflags.o(.ARM.exidx.text.osEventFlagsWait), (8 bytes).
    Removing rtx_evflags.o(.text.osEventFlagsDelete), (40 bytes).
    Removing rtx_evflags.o(.ARM.exidx.text.osEventFlagsDelete), (8 bytes).
    Removing rtx_evflags.o(.ARM.exidx.text.svcRtxEventFlagsNew), (8 bytes).
    Removing rtx_evflags.o(.ARM.exidx.text.osRtxEventFlagsPostProcess), (8 bytes).
    Removing rtx_evflags.o(.ARM.exidx.text.EventFlagsCheck), (8 bytes).
    Removing rtx_evflags.o(.text.svcRtxEventFlagsGetName), (18 bytes).
    Removing rtx_evflags.o(.ARM.exidx.text.svcRtxEventFlagsGetName), (8 bytes).
    Removing rtx_evflags.o(.ARM.exidx.text.svcRtxEventFlagsSet), (8 bytes).
    Removing rtx_evflags.o(.ARM.exidx.text.svcRtxEventFlagsWait), (8 bytes).
    Removing rtx_evflags.o(.text.svcRtxEventFlagsDelete), (96 bytes).
    Removing rtx_evflags.o(.ARM.exidx.text.svcRtxEventFlagsDelete), (8 bytes).
    Removing rtx_semaphore.o(.text), (0 bytes).
    Removing rtx_semaphore.o(.ARM.exidx.text.osSemaphoreNew), (8 bytes).
    Removing rtx_semaphore.o(.text.osSemaphoreGetName), (36 bytes).
    Removing rtx_semaphore.o(.ARM.exidx.text.osSemaphoreGetName), (8 bytes).
    Removing rtx_semaphore.o(.ARM.exidx.text.osSemaphoreAcquire), (8 bytes).
    Removing rtx_semaphore.o(.ARM.exidx.text.osSemaphoreRelease), (8 bytes).
    Removing rtx_semaphore.o(.text.osSemaphoreGetCount), (48 bytes).
    Removing rtx_semaphore.o(.ARM.exidx.text.osSemaphoreGetCount), (8 bytes).
    Removing rtx_semaphore.o(.text.svcRtxSemaphoreGetCount), (18 bytes).
    Removing rtx_semaphore.o(.ARM.exidx.text.svcRtxSemaphoreGetCount), (8 bytes).
    Removing rtx_semaphore.o(.text.osSemaphoreDelete), (40 bytes).
    Removing rtx_semaphore.o(.ARM.exidx.text.osSemaphoreDelete), (8 bytes).
    Removing rtx_semaphore.o(.ARM.exidx.text.svcRtxSemaphoreNew), (8 bytes).
    Removing rtx_semaphore.o(.ARM.exidx.text.osRtxSemaphorePostProcess), (8 bytes).
    Removing rtx_semaphore.o(.ARM.exidx.text.SemaphoreTokenDecrement), (8 bytes).
    Removing rtx_semaphore.o(.text.svcRtxSemaphoreGetName), (18 bytes).
    Removing rtx_semaphore.o(.ARM.exidx.text.svcRtxSemaphoreGetName), (8 bytes).
    Removing rtx_semaphore.o(.ARM.exidx.text.svcRtxSemaphoreAcquire), (8 bytes).
    Removing rtx_semaphore.o(.ARM.exidx.text.SemaphoreTokenIncrement), (8 bytes).
    Removing rtx_semaphore.o(.ARM.exidx.text.svcRtxSemaphoreRelease), (8 bytes).
    Removing rtx_semaphore.o(.text.svcRtxSemaphoreDelete), (96 bytes).
    Removing rtx_semaphore.o(.ARM.exidx.text.svcRtxSemaphoreDelete), (8 bytes).
    Removing irq_cm0.o(.constdata), (1 bytes).
    Removing rtx_timer.o(.text), (0 bytes).
    Removing rtx_timer.o(.ARM.exidx.text.osRtxTimerThread), (8 bytes).
    Removing rtx_timer.o(.ARM.exidx.text.osRtxTimerTick), (8 bytes).
    Removing rtx_timer.o(.text.osTimerNew), (36 bytes).
    Removing rtx_timer.o(.ARM.exidx.text.osTimerNew), (8 bytes).
    Removing rtx_timer.o(.text.osTimerGetName), (36 bytes).
    Removing rtx_timer.o(.ARM.exidx.text.osTimerGetName), (8 bytes).
    Removing rtx_timer.o(.text.osTimerStart), (40 bytes).
    Removing rtx_timer.o(.ARM.exidx.text.osTimerStart), (8 bytes).
    Removing rtx_timer.o(.text.osTimerStop), (40 bytes).
    Removing rtx_timer.o(.ARM.exidx.text.osTimerStop), (8 bytes).
    Removing rtx_timer.o(.text.osTimerIsRunning), (36 bytes).
    Removing rtx_timer.o(.ARM.exidx.text.osTimerIsRunning), (8 bytes).
    Removing rtx_timer.o(.text.osTimerDelete), (40 bytes).
    Removing rtx_timer.o(.ARM.exidx.text.osTimerDelete), (8 bytes).
    Removing rtx_timer.o(.ARM.exidx.text.TimerInsert), (8 bytes).
    Removing rtx_timer.o(.text.svcRtxTimerNew), (132 bytes).
    Removing rtx_timer.o(.ARM.exidx.text.svcRtxTimerNew), (8 bytes).
    Removing rtx_timer.o(.text.svcRtxTimerGetName), (18 bytes).
    Removing rtx_timer.o(.ARM.exidx.text.svcRtxTimerGetName), (8 bytes).
    Removing rtx_timer.o(.text.svcRtxTimerStart), (72 bytes).
    Removing rtx_timer.o(.ARM.exidx.text.svcRtxTimerStart), (8 bytes).
    Removing rtx_timer.o(.text.TimerRemove), (40 bytes).
    Removing rtx_timer.o(.ARM.exidx.text.TimerRemove), (8 bytes).
    Removing rtx_timer.o(.text.svcRtxTimerStop), (42 bytes).
    Removing rtx_timer.o(.ARM.exidx.text.svcRtxTimerStop), (8 bytes).
    Removing rtx_timer.o(.text.svcRtxTimerIsRunning), (24 bytes).
    Removing rtx_timer.o(.ARM.exidx.text.svcRtxTimerIsRunning), (8 bytes).
    Removing rtx_timer.o(.text.svcRtxTimerDelete), (76 bytes).
    Removing rtx_timer.o(.ARM.exidx.text.svcRtxTimerDelete), (8 bytes).
    Removing rtx_mutex.o(.text), (0 bytes).
    Removing rtx_mutex.o(.ARM.exidx.text.osRtxMutexOwnerRelease), (8 bytes).
    Removing rtx_mutex.o(.text.osMutexNew), (36 bytes).
    Removing rtx_mutex.o(.ARM.exidx.text.osMutexNew), (8 bytes).
    Removing rtx_mutex.o(.text.osMutexGetName), (36 bytes).
    Removing rtx_mutex.o(.ARM.exidx.text.osMutexGetName), (8 bytes).
    Removing rtx_mutex.o(.text.osMutexAcquire), (40 bytes).
    Removing rtx_mutex.o(.ARM.exidx.text.osMutexAcquire), (8 bytes).
    Removing rtx_mutex.o(.text.osMutexRelease), (40 bytes).
    Removing rtx_mutex.o(.ARM.exidx.text.osMutexRelease), (8 bytes).
    Removing rtx_mutex.o(.text.osMutexGetOwner), (36 bytes).
    Removing rtx_mutex.o(.ARM.exidx.text.osMutexGetOwner), (8 bytes).
    Removing rtx_mutex.o(.text.osMutexDelete), (40 bytes).
    Removing rtx_mutex.o(.ARM.exidx.text.osMutexDelete), (8 bytes).
    Removing rtx_mutex.o(.text.svcRtxMutexNew), (112 bytes).
    Removing rtx_mutex.o(.ARM.exidx.text.svcRtxMutexNew), (8 bytes).
    Removing rtx_mutex.o(.text.svcRtxMutexGetName), (18 bytes).
    Removing rtx_mutex.o(.ARM.exidx.text.svcRtxMutexGetName), (8 bytes).
    Removing rtx_mutex.o(.text.svcRtxMutexAcquire), (152 bytes).
    Removing rtx_mutex.o(.ARM.exidx.text.svcRtxMutexAcquire), (8 bytes).
    Removing rtx_mutex.o(.text.svcRtxMutexRelease), (192 bytes).
    Removing rtx_mutex.o(.ARM.exidx.text.svcRtxMutexRelease), (8 bytes).
    Removing rtx_mutex.o(.text.svcRtxMutexGetOwner), (24 bytes).
    Removing rtx_mutex.o(.ARM.exidx.text.svcRtxMutexGetOwner), (8 bytes).
    Removing rtx_mutex.o(.text.svcRtxMutexDelete), (188 bytes).
    Removing rtx_mutex.o(.ARM.exidx.text.svcRtxMutexDelete), (8 bytes).
    Removing rtx_memory.o(.text), (0 bytes).
    Removing rtx_memory.o(.ARM.exidx.text.osRtxMemoryInit), (8 bytes).
    Removing rtx_memory.o(.ARM.exidx.text.osRtxMemoryAlloc), (8 bytes).
    Removing rtx_memory.o(.ARM.exidx.text.osRtxMemoryFree), (8 bytes).
    Removing rtx_mempool.o(.text), (0 bytes).
    Removing rtx_mempool.o(.ARM.exidx.text.osRtxMemoryPoolInit), (8 bytes).
    Removing rtx_mempool.o(.ARM.exidx.text.osRtxMemoryPoolAlloc), (8 bytes).
    Removing rtx_mempool.o(.ARM.exidx.text.osRtxMemoryPoolFree), (8 bytes).
    Removing rtx_mempool.o(.text.osMemoryPoolNew), (36 bytes).
    Removing rtx_mempool.o(.ARM.exidx.text.osMemoryPoolNew), (8 bytes).
    Removing rtx_mempool.o(.text.osMemoryPoolGetName), (36 bytes).
    Removing rtx_mempool.o(.ARM.exidx.text.osMemoryPoolGetName), (8 bytes).
    Removing rtx_mempool.o(.text.osMemoryPoolAlloc), (56 bytes).
    Removing rtx_mempool.o(.ARM.exidx.text.osMemoryPoolAlloc), (8 bytes).
    Removing rtx_mempool.o(.text.osMemoryPoolFree), (72 bytes).
    Removing rtx_mempool.o(.ARM.exidx.text.osMemoryPoolFree), (8 bytes).
    Removing rtx_mempool.o(.text.osMemoryPoolGetCapacity), (48 bytes).
    Removing rtx_mempool.o(.ARM.exidx.text.osMemoryPoolGetCapacity), (8 bytes).
    Removing rtx_mempool.o(.text.svcRtxMemoryPoolGetCapacity), (18 bytes).
    Removing rtx_mempool.o(.ARM.exidx.text.svcRtxMemoryPoolGetCapacity), (8 bytes).
    Removing rtx_mempool.o(.text.osMemoryPoolGetBlockSize), (48 bytes).
    Removing rtx_mempool.o(.ARM.exidx.text.osMemoryPoolGetBlockSize), (8 bytes).
    Removing rtx_mempool.o(.text.svcRtxMemoryPoolGetBlockSize), (18 bytes).
    Removing rtx_mempool.o(.ARM.exidx.text.svcRtxMemoryPoolGetBlockSize), (8 bytes).
    Removing rtx_mempool.o(.text.osMemoryPoolGetCount), (48 bytes).
    Removing rtx_mempool.o(.ARM.exidx.text.osMemoryPoolGetCount), (8 bytes).
    Removing rtx_mempool.o(.text.svcRtxMemoryPoolGetCount), (18 bytes).
    Removing rtx_mempool.o(.ARM.exidx.text.svcRtxMemoryPoolGetCount), (8 bytes).
    Removing rtx_mempool.o(.text.osMemoryPoolGetSpace), (36 bytes).
    Removing rtx_mempool.o(.ARM.exidx.text.osMemoryPoolGetSpace), (8 bytes).
    Removing rtx_mempool.o(.text.svcRtxMemoryPoolGetSpace), (22 bytes).
    Removing rtx_mempool.o(.ARM.exidx.text.svcRtxMemoryPoolGetSpace), (8 bytes).
    Removing rtx_mempool.o(.text.osMemoryPoolDelete), (40 bytes).
    Removing rtx_mempool.o(.ARM.exidx.text.osMemoryPoolDelete), (8 bytes).
    Removing rtx_mempool.o(.text.svcRtxMemoryPoolNew), (444 bytes).
    Removing rtx_mempool.o(.ARM.exidx.text.svcRtxMemoryPoolNew), (8 bytes).
    Removing rtx_mempool.o(.text.osRtxMemoryPoolPostProcess), (40 bytes).
    Removing rtx_mempool.o(.ARM.exidx.text.osRtxMemoryPoolPostProcess), (8 bytes).
    Removing rtx_mempool.o(.text.svcRtxMemoryPoolGetName), (18 bytes).
    Removing rtx_mempool.o(.ARM.exidx.text.svcRtxMemoryPoolGetName), (8 bytes).
    Removing rtx_mempool.o(.text.svcRtxMemoryPoolAlloc), (64 bytes).
    Removing rtx_mempool.o(.ARM.exidx.text.svcRtxMemoryPoolAlloc), (8 bytes).
    Removing rtx_mempool.o(.text.svcRtxMemoryPoolFree), (72 bytes).
    Removing rtx_mempool.o(.ARM.exidx.text.svcRtxMemoryPoolFree), (8 bytes).
    Removing rtx_mempool.o(.text.svcRtxMemoryPoolDelete), (112 bytes).
    Removing rtx_mempool.o(.ARM.exidx.text.svcRtxMemoryPoolDelete), (8 bytes).
    Removing rtx_system.o(.text), (0 bytes).
    Removing rtx_system.o(.ARM.exidx.text.osRtxTick_Handler), (8 bytes).
    Removing rtx_system.o(.ARM.exidx.text.osRtxPendSV_Handler), (8 bytes).
    Removing rtx_system.o(.ARM.exidx.text.osRtxPostProcess), (8 bytes).
    Removing os_systick.o(.text), (0 bytes).
    Removing os_systick.o(.ARM.exidx.text.OS_Tick_Setup), (8 bytes).
    Removing os_systick.o(.ARM.exidx.text.OS_Tick_Enable), (8 bytes).
    Removing os_systick.o(.text.OS_Tick_Disable), (40 bytes).
    Removing os_systick.o(.ARM.exidx.text.OS_Tick_Disable), (8 bytes).
    Removing os_systick.o(.ARM.exidx.text.OS_Tick_AcknowledgeIRQ), (8 bytes).
    Removing os_systick.o(.ARM.exidx.text.OS_Tick_GetIRQn), (8 bytes).
    Removing os_systick.o(.text.OS_Tick_GetClock), (12 bytes).
    Removing os_systick.o(.ARM.exidx.text.OS_Tick_GetClock), (8 bytes).
    Removing os_systick.o(.text.OS_Tick_GetInterval), (12 bytes).
    Removing os_systick.o(.ARM.exidx.text.OS_Tick_GetInterval), (8 bytes).
    Removing os_systick.o(.text.OS_Tick_GetCount), (16 bytes).
    Removing os_systick.o(.ARM.exidx.text.OS_Tick_GetCount), (8 bytes).
    Removing os_systick.o(.text.OS_Tick_GetOverflow), (16 bytes).
    Removing os_systick.o(.ARM.exidx.text.OS_Tick_GetOverflow), (8 bytes).
    Removing rtx_msgqueue.o(.text), (0 bytes).
    Removing rtx_msgqueue.o(.ARM.exidx.text.osMessageQueueNew), (8 bytes).
    Removing rtx_msgqueue.o(.text.osMessageQueueGetName), (36 bytes).
    Removing rtx_msgqueue.o(.ARM.exidx.text.osMessageQueueGetName), (8 bytes).
    Removing rtx_msgqueue.o(.ARM.exidx.text.osMessageQueuePut), (8 bytes).
    Removing rtx_msgqueue.o(.ARM.exidx.text.osMessageQueueGet), (8 bytes).
    Removing rtx_msgqueue.o(.text.osMessageQueueGetCapacity), (48 bytes).
    Removing rtx_msgqueue.o(.ARM.exidx.text.osMessageQueueGetCapacity), (8 bytes).
    Removing rtx_msgqueue.o(.text.svcRtxMessageQueueGetCapacity), (18 bytes).
    Removing rtx_msgqueue.o(.ARM.exidx.text.svcRtxMessageQueueGetCapacity), (8 bytes).
    Removing rtx_msgqueue.o(.text.osMessageQueueGetMsgSize), (48 bytes).
    Removing rtx_msgqueue.o(.ARM.exidx.text.osMessageQueueGetMsgSize), (8 bytes).
    Removing rtx_msgqueue.o(.text.svcRtxMessageQueueGetMsgSize), (18 bytes).
    Removing rtx_msgqueue.o(.ARM.exidx.text.svcRtxMessageQueueGetMsgSize), (8 bytes).
    Removing rtx_msgqueue.o(.text.osMessageQueueGetCount), (48 bytes).
    Removing rtx_msgqueue.o(.ARM.exidx.text.osMessageQueueGetCount), (8 bytes).
    Removing rtx_msgqueue.o(.text.svcRtxMessageQueueGetCount), (18 bytes).
    Removing rtx_msgqueue.o(.ARM.exidx.text.svcRtxMessageQueueGetCount), (8 bytes).
    Removing rtx_msgqueue.o(.text.osMessageQueueGetSpace), (36 bytes).
    Removing rtx_msgqueue.o(.ARM.exidx.text.osMessageQueueGetSpace), (8 bytes).
    Removing rtx_msgqueue.o(.text.svcRtxMessageQueueGetSpace), (22 bytes).
    Removing rtx_msgqueue.o(.ARM.exidx.text.svcRtxMessageQueueGetSpace), (8 bytes).
    Removing rtx_msgqueue.o(.text.osMessageQueueReset), (40 bytes).
    Removing rtx_msgqueue.o(.ARM.exidx.text.osMessageQueueReset), (8 bytes).
    Removing rtx_msgqueue.o(.text.osMessageQueueDelete), (40 bytes).
    Removing rtx_msgqueue.o(.ARM.exidx.text.osMessageQueueDelete), (8 bytes).
    Removing rtx_msgqueue.o(.ARM.exidx.text.svcRtxMessageQueueNew), (8 bytes).
    Removing rtx_msgqueue.o(.ARM.exidx.text.osRtxMessageQueuePostProcess), (8 bytes).
    Removing rtx_msgqueue.o(.ARM.exidx.text.MessageQueueRemove), (8 bytes).
    Removing rtx_msgqueue.o(.ARM.exidx.text.MessageQueuePut), (8 bytes).
    Removing rtx_msgqueue.o(.text.svcRtxMessageQueueGetName), (18 bytes).
    Removing rtx_msgqueue.o(.ARM.exidx.text.svcRtxMessageQueueGetName), (8 bytes).
    Removing rtx_msgqueue.o(.ARM.exidx.text.svcRtxMessageQueuePut), (8 bytes).
    Removing rtx_msgqueue.o(.ARM.exidx.text.MessageQueueGet), (8 bytes).
    Removing rtx_msgqueue.o(.ARM.exidx.text.svcRtxMessageQueueGet), (8 bytes).
    Removing rtx_msgqueue.o(.text.svcRtxMessageQueueReset), (162 bytes).
    Removing rtx_msgqueue.o(.ARM.exidx.text.svcRtxMessageQueueReset), (8 bytes).
    Removing rtx_msgqueue.o(.text.svcRtxMessageQueueDelete), (112 bytes).
    Removing rtx_msgqueue.o(.ARM.exidx.text.svcRtxMessageQueueDelete), (8 bytes).

379 unused section(s) (total 8981 bytes) removed from the image.

==============================================================================

Image Symbol Table

    Local Symbols

    Symbol Name                              Value     Ov Type        Size  Object(Section)

    RESET                                    0x00000000   Section      192  startup_mkl25z4.o(RESET)
    ../clib/../cmprslib/zerorunl.c           0x00000000   Number         0  __dczerorl.o ABSOLUTE
    ../clib/microlib/division.c              0x00000000   Number         0  uidiv.o ABSOLUTE
    ../clib/microlib/division.c              0x00000000   Number         0  idiv.o ABSOLUTE
    ../clib/microlib/init/entry.s            0x00000000   Number         0  entry9a.o ABSOLUTE
    ../clib/microlib/init/entry.s            0x00000000   Number         0  entry11a.o ABSOLUTE
    ../clib/microlib/init/entry.s            0x00000000   Number         0  entry7b.o ABSOLUTE
    ../clib/microlib/init/entry.s            0x00000000   Number         0  entry10a.o ABSOLUTE
    ../clib/microlib/init/entry.s            0x00000000   Number         0  entry9b.o ABSOLUTE
    ../clib/microlib/init/entry.s            0x00000000   Number         0  entry7a.o ABSOLUTE
    ../clib/microlib/init/entry.s            0x00000000   Number         0  entry.o ABSOLUTE
    ../clib/microlib/init/entry.s            0x00000000   Number         0  entry5.o ABSOLUTE
    ../clib/microlib/init/entry.s            0x00000000   Number         0  entry2.o ABSOLUTE
    ../clib/microlib/init/entry.s            0x00000000   Number         0  entry11b.o ABSOLUTE
    ../clib/microlib/init/entry.s            0x00000000   Number         0  entry8b.o ABSOLUTE
    ../clib/microlib/init/entry.s            0x00000000   Number         0  entry8a.o ABSOLUTE
    ../clib/microlib/init/entry.s            0x00000000   Number         0  entry10b.o ABSOLUTE
    ../clib/microlib/string/memcpy.c         0x00000000   Number         0  memcpyb.o ABSOLUTE
    ../clib/microlib/string/memcpy.c         0x00000000   Number         0  memcpya.o ABSOLUTE
    ../clib/microlib/string/memset.c         0x00000000   Number         0  memseta.o ABSOLUTE
    ..\..\..\Source\ARM\irq_cm0.s            0x00000000   Number         0  irq_cm0.o ABSOLUTE
    C:\Users\wijay\AppData\Local\Arm\Packs\ARM\CMSIS\5.6.0\CMSIS\RTOS2\RTX\Source\rtx_lib.c 0x00000000   Number         0  rtx_lib.o ABSOLUTE
    C:\\Users\\wijay\\AppData\\Local\\Arm\\Packs\\ARM\\CMSIS\\5.6.0\\CMSIS\\RTOS2\\RTX\\Source\\rtx_lib.c 0x00000000   Number         0  rtx_lib.o ABSOLUTE
    RTE\CMSIS\RTX_Config.c                   0x00000000   Number         0  rtx_config.o ABSOLUTE
    RTE\Device\MKL25Z128xxx4\startup_MKL25Z4.s 0x00000000   Number         0  startup_mkl25z4.o ABSOLUTE
    RTE\Device\MKL25Z128xxx4\system_MKL25Z4.c 0x00000000   Number         0  system_mkl25z4.o ABSOLUTE
    RTE\\CMSIS\\RTX_Config.c                 0x00000000   Number         0  rtx_config.o ABSOLUTE
    RTE\\Device\\MKL25Z128xxx4\\system_MKL25Z4.c 0x00000000   Number         0  system_mkl25z4.o ABSOLUTE
    buzzer.c                                 0x00000000   Number         0  buzzer.o ABSOLUTE
    buzzer.c                                 0x00000000   Number         0  buzzer.o ABSOLUTE
    colorHandler.c                           0x00000000   Number         0  colorhandler.o ABSOLUTE
    colorHandler.c                           0x00000000   Number         0  colorhandler.o ABSOLUTE
    dc.s                                     0x00000000   Number         0  dc.o ABSOLUTE
    handlers.s                               0x00000000   Number         0  handlers.o ABSOLUTE
    init.s                                   0x00000000   Number         0  init.o ABSOLUTE
    main.c                                   0x00000000   Number         0  main.o ABSOLUTE
    main.c                                   0x00000000   Number         0  main.o ABSOLUTE
    os_systick.c                             0x00000000   Number         0  os_systick.o ABSOLUTE
    rtx_delay.c                              0x00000000   Number         0  rtx_delay.o ABSOLUTE
    rtx_evflags.c                            0x00000000   Number         0  rtx_evflags.o ABSOLUTE
    rtx_kernel.c                             0x00000000   Number         0  rtx_kernel.o ABSOLUTE
    rtx_memory.c                             0x00000000   Number         0  rtx_memory.o ABSOLUTE
    rtx_mempool.c                            0x00000000   Number         0  rtx_mempool.o ABSOLUTE
    rtx_msgqueue.c                           0x00000000   Number         0  rtx_msgqueue.o ABSOLUTE
    rtx_mutex.c                              0x00000000   Number         0  rtx_mutex.o ABSOLUTE
    rtx_semaphore.c                          0x00000000   Number         0  rtx_semaphore.o ABSOLUTE
    rtx_system.c                             0x00000000   Number         0  rtx_system.o ABSOLUTE
    rtx_thread.c                             0x00000000   Number         0  rtx_thread.o ABSOLUTE
    rtx_timer.c                              0x00000000   Number         0  rtx_timer.o ABSOLUTE
    .ARM.Collect$$$$00000000                 0x000000c0   Section        0  entry.o(.ARM.Collect$$$$00000000)
    .ARM.Collect$$$$00000001                 0x000000c0   Section        4  entry2.o(.ARM.Collect$$$$00000001)
    .ARM.Collect$$$$00000004                 0x000000c4   Section        4  entry5.o(.ARM.Collect$$$$00000004)
    .ARM.Collect$$$$00000008                 0x000000c8   Section        0  entry7b.o(.ARM.Collect$$$$00000008)
    .ARM.Collect$$$$0000000A                 0x000000c8   Section        0  entry8b.o(.ARM.Collect$$$$0000000A)
    .ARM.Collect$$$$0000000B                 0x000000c8   Section        8  entry9a.o(.ARM.Collect$$$$0000000B)
    .ARM.Collect$$$$0000000D                 0x000000d0   Section        0  entry10a.o(.ARM.Collect$$$$0000000D)
    .ARM.Collect$$$$0000000F                 0x000000d0   Section        0  entry11a.o(.ARM.Collect$$$$0000000F)
    .ARM.Collect$$$$00002712                 0x000000d0   Section        4  entry2.o(.ARM.Collect$$$$00002712)
    __lit__00000000                          0x000000d0   Data           4  entry2.o(.ARM.Collect$$$$00002712)
    .text                                    0x000000d4   Section       40  startup_mkl25z4.o(.text)
    .text                                    0x000000fc   Section      164  irq_cm0.o(.text)
    .text                                    0x000001a0   Section        0  uidiv.o(.text)
    .text                                    0x000001cc   Section        0  idiv.o(.text)
    .text                                    0x000001f4   Section        0  memcpya.o(.text)
    .text                                    0x00000218   Section        0  memseta.o(.text)
    .text                                    0x0000023c   Section       36  init.o(.text)
    .text                                    0x00000260   Section        0  __dczerorl.o(.text)
    [Anonymous Symbol]                       0x0000029a   Section        0  rtx_evflags.o(.text.EventFlagsCheck)
    EventFlagsCheck                          0x0000029b   Thumb Code    78  rtx_evflags.o(.text.EventFlagsCheck)
    [Anonymous Symbol]                       0x000002e8   Section        0  rtx_msgqueue.o(.text.MessageQueueGet)
    MessageQueueGet                          0x000002e9   Thumb Code    76  rtx_msgqueue.o(.text.MessageQueueGet)
    [Anonymous Symbol]                       0x00000334   Section        0  rtx_msgqueue.o(.text.MessageQueuePut)
    MessageQueuePut                          0x00000335   Thumb Code    98  rtx_msgqueue.o(.text.MessageQueuePut)
    [Anonymous Symbol]                       0x00000396   Section        0  rtx_msgqueue.o(.text.MessageQueueRemove)
    MessageQueueRemove                       0x00000397   Thumb Code    30  rtx_msgqueue.o(.text.MessageQueueRemove)
    [Anonymous Symbol]                       0x000003b4   Section        0  os_systick.o(.text.OS_Tick_AcknowledgeIRQ)
    __arm_cp.3_0                             0x000003bc   Number         4  os_systick.o(.text.OS_Tick_AcknowledgeIRQ)
    [Anonymous Symbol]                       0x000003c0   Section        0  os_systick.o(.text.OS_Tick_Enable)
    __arm_cp.1_0                             0x000003e0   Number         4  os_systick.o(.text.OS_Tick_Enable)
    __arm_cp.1_1                             0x000003e4   Number         4  os_systick.o(.text.OS_Tick_Enable)
    __arm_cp.1_2                             0x000003e8   Number         4  os_systick.o(.text.OS_Tick_Enable)
    [Anonymous Symbol]                       0x000003ec   Section        0  os_systick.o(.text.OS_Tick_GetIRQn)
    [Anonymous Symbol]                       0x000003f2   Section        0  rtx_kernel.o(.text.osRtxKernelPreInit)
    [Anonymous Symbol]                       0x000003f4   Section        0  rtx_thread.o(.text.osRtxThreadRegPtr)
    i.__scatterload_null                     0x000003fa   Section        2  handlers.o(i.__scatterload_null)
    i.osRtxIdleThread                        0x000003fc   Section        0  rtx_config.o(i.osRtxIdleThread)
    .ARM.__at_0x400                          0x00000400   Section       16  startup_mkl25z4.o(.ARM.__at_0x400)
    [Anonymous Symbol]                       0x00000410   Section        0  os_systick.o(.text.OS_Tick_Setup)
    __arm_cp.0_0                             0x0000044c   Number         4  os_systick.o(.text.OS_Tick_Setup)
    __arm_cp.0_1                             0x00000450   Number         4  os_systick.o(.text.OS_Tick_Setup)
    __arm_cp.0_2                             0x00000454   Number         4  os_systick.o(.text.OS_Tick_Setup)
    __arm_cp.0_3                             0x00000458   Number         4  os_systick.o(.text.OS_Tick_Setup)
    [Anonymous Symbol]                       0x0000045c   Section        0  rtx_semaphore.o(.text.SemaphoreTokenDecrement)
    SemaphoreTokenDecrement                  0x0000045d   Thumb Code    36  rtx_semaphore.o(.text.SemaphoreTokenDecrement)
    [Anonymous Symbol]                       0x00000480   Section        0  rtx_semaphore.o(.text.SemaphoreTokenIncrement)
    SemaphoreTokenIncrement                  0x00000481   Thumb Code    38  rtx_semaphore.o(.text.SemaphoreTokenIncrement)
    [Anonymous Symbol]                       0x000004a6   Section        0  rtx_thread.o(.text.ThreadFlagsCheck)
    ThreadFlagsCheck                         0x000004a7   Thumb Code    78  rtx_thread.o(.text.ThreadFlagsCheck)
    [Anonymous Symbol]                       0x000004f4   Section        0  rtx_timer.o(.text.TimerInsert)
    TimerInsert                              0x000004f5   Thumb Code    76  rtx_timer.o(.text.TimerInsert)
    __arm_cp.8_0                             0x0000053c   Number         4  rtx_timer.o(.text.TimerInsert)
    [Anonymous Symbol]                       0x00000540   Section        0  rtx_delay.o(.text.osDelay)
    __arm_cp.0_0                             0x00000564   Number         4  rtx_delay.o(.text.osDelay)
    [Anonymous Symbol]                       0x00000568   Section        0  rtx_evflags.o(.text.osEventFlagsClear)
    __arm_cp.3_0                             0x00000588   Number         4  rtx_evflags.o(.text.osEventFlagsClear)
    [Anonymous Symbol]                       0x0000058c   Section        0  rtx_evflags.o(.text.osEventFlagsNew)
    __arm_cp.0_0                             0x000005ac   Number         4  rtx_evflags.o(.text.osEventFlagsNew)
    [Anonymous Symbol]                       0x000005b0   Section        0  rtx_evflags.o(.text.osEventFlagsSet)
    __arm_cp.2_0                             0x000005fc   Number         4  rtx_evflags.o(.text.osEventFlagsSet)
    [Anonymous Symbol]                       0x00000600   Section        0  rtx_evflags.o(.text.osEventFlagsWait)
    __arm_cp.7_0                             0x00000640   Number         4  rtx_evflags.o(.text.osEventFlagsWait)
    [Anonymous Symbol]                       0x00000644   Section        0  rtx_kernel.o(.text.osKernelInitialize)
    __arm_cp.1_0                             0x00000668   Number         4  rtx_kernel.o(.text.osKernelInitialize)
    [Anonymous Symbol]                       0x0000066c   Section        0  rtx_kernel.o(.text.osKernelStart)
    __arm_cp.6_0                             0x0000068c   Number         4  rtx_kernel.o(.text.osKernelStart)
    [Anonymous Symbol]                       0x00000690   Section        0  rtx_msgqueue.o(.text.osMessageQueueGet)
    __arm_cp.3_0                             0x00000700   Number         4  rtx_msgqueue.o(.text.osMessageQueueGet)
    [Anonymous Symbol]                       0x00000704   Section        0  rtx_msgqueue.o(.text.osMessageQueueNew)
    __arm_cp.0_0                             0x00000724   Number         4  rtx_msgqueue.o(.text.osMessageQueueNew)
    [Anonymous Symbol]                       0x00000728   Section        0  rtx_msgqueue.o(.text.osMessageQueuePut)
    __arm_cp.2_0                             0x0000079c   Number         4  rtx_msgqueue.o(.text.osMessageQueuePut)
    [Anonymous Symbol]                       0x000007a0   Section        0  rtx_evflags.o(.text.osRtxEventFlagsPostProcess)
    osRtxEventFlagsPostProcess               0x000007a1   Thumb Code    52  rtx_evflags.o(.text.osRtxEventFlagsPostProcess)
    [Anonymous Symbol]                       0x000007d4   Section        0  rtx_memory.o(.text.osRtxMemoryAlloc)
    [Anonymous Symbol]                       0x00000850   Section        0  rtx_memory.o(.text.osRtxMemoryFree)
    [Anonymous Symbol]                       0x0000089e   Section        0  rtx_memory.o(.text.osRtxMemoryInit)
    [Anonymous Symbol]                       0x000008d0   Section        0  rtx_mempool.o(.text.osRtxMemoryPoolAlloc)
    [Anonymous Symbol]                       0x000008fe   Section        0  rtx_mempool.o(.text.osRtxMemoryPoolFree)
    [Anonymous Symbol]                       0x00000938   Section        0  rtx_mempool.o(.text.osRtxMemoryPoolInit)
    [Anonymous Symbol]                       0x00000976   Section        0  rtx_msgqueue.o(.text.osRtxMessageQueuePostProcess)
    osRtxMessageQueuePostProcess             0x00000977   Thumb Code   188  rtx_msgqueue.o(.text.osRtxMessageQueuePostProcess)
    [Anonymous Symbol]                       0x00000a32   Section        0  rtx_mutex.o(.text.osRtxMutexOwnerRelease)
    [Anonymous Symbol]                       0x00000a78   Section        0  rtx_system.o(.text.osRtxPendSV_Handler)
    __arm_cp.1_0                             0x00000af4   Number         4  rtx_system.o(.text.osRtxPendSV_Handler)
    [Anonymous Symbol]                       0x00000af8   Section        0  rtx_system.o(.text.osRtxPostProcess)
    __arm_cp.2_0                             0x00000b5c   Number         4  rtx_system.o(.text.osRtxPostProcess)
    __arm_cp.2_1                             0x00000b60   Number         4  rtx_system.o(.text.osRtxPostProcess)
    [Anonymous Symbol]                       0x00000b64   Section        0  rtx_semaphore.o(.text.osRtxSemaphorePostProcess)
    osRtxSemaphorePostProcess                0x00000b65   Thumb Code    36  rtx_semaphore.o(.text.osRtxSemaphorePostProcess)
    [Anonymous Symbol]                       0x00000b88   Section        0  rtx_thread.o(.text.osRtxThreadBlock)
    osRtxThreadBlock                         0x00000b89   Thumb Code    56  rtx_thread.o(.text.osRtxThreadBlock)
    __arm_cp.10_0                            0x00000bbc   Number         4  rtx_thread.o(.text.osRtxThreadBlock)
    [Anonymous Symbol]                       0x00000bc0   Section        0  rtx_thread.o(.text.osRtxThreadDelayInsert)
    osRtxThreadDelayInsert                   0x00000bc1   Thumb Code   128  rtx_thread.o(.text.osRtxThreadDelayInsert)
    __arm_cp.14_0                            0x00000c3c   Number         4  rtx_thread.o(.text.osRtxThreadDelayInsert)
    [Anonymous Symbol]                       0x00000c40   Section        0  rtx_thread.o(.text.osRtxThreadDelayRemove)
    osRtxThreadDelayRemove                   0x00000c41   Thumb Code    68  rtx_thread.o(.text.osRtxThreadDelayRemove)
    __arm_cp.12_0                            0x00000c80   Number         4  rtx_thread.o(.text.osRtxThreadDelayRemove)
    [Anonymous Symbol]                       0x00000c84   Section        0  rtx_thread.o(.text.osRtxThreadDelayTick)
    __arm_cp.5_0                             0x00000cb8   Number         4  rtx_thread.o(.text.osRtxThreadDelayTick)
    [Anonymous Symbol]                       0x00000cbc   Section        0  rtx_thread.o(.text.osRtxThreadDispatch)
    __arm_cp.9_0                             0x00000d08   Number         4  rtx_thread.o(.text.osRtxThreadDispatch)
    [Anonymous Symbol]                       0x00000d0c   Section        0  rtx_thread.o(.text.osRtxThreadFree)
    osRtxThreadFree                          0x00000d0d   Thumb Code    84  rtx_thread.o(.text.osRtxThreadFree)
    __arm_cp.52_0                            0x00000d5c   Number         4  rtx_thread.o(.text.osRtxThreadFree)
    [Anonymous Symbol]                       0x00000d60   Section        0  rtx_thread.o(.text.osRtxThreadListGet)
    [Anonymous Symbol]                       0x00000d74   Section        0  rtx_thread.o(.text.osRtxThreadListPut)
    [Anonymous Symbol]                       0x00000da0   Section        0  rtx_thread.o(.text.osRtxThreadListRemove)
    [Anonymous Symbol]                       0x00000db8   Section        0  rtx_thread.o(.text.osRtxThreadListSort)
    [Anonymous Symbol]                       0x00000dde   Section        0  rtx_thread.o(.text.osRtxThreadPostProcess)
    osRtxThreadPostProcess                   0x00000ddf   Thumb Code    38  rtx_thread.o(.text.osRtxThreadPostProcess)
    [Anonymous Symbol]                       0x00000e04   Section        0  rtx_thread.o(.text.osRtxThreadReadyPut)
    __arm_cp.4_0                             0x00000e18   Number         4  rtx_thread.o(.text.osRtxThreadReadyPut)
    [Anonymous Symbol]                       0x00000e1c   Section        0  rtx_thread.o(.text.osRtxThreadStackCheck)
    __arm_cp.8_0                             0x00000e40   Number         4  rtx_thread.o(.text.osRtxThreadStackCheck)
    __arm_cp.8_1                             0x00000e44   Number         4  rtx_thread.o(.text.osRtxThreadStackCheck)
    [Anonymous Symbol]                       0x00000e48   Section        0  rtx_thread.o(.text.osRtxThreadStartup)
    __arm_cp.15_0                            0x00000e78   Number         4  rtx_thread.o(.text.osRtxThreadStartup)
    __arm_cp.15_1                            0x00000e7c   Number         4  rtx_thread.o(.text.osRtxThreadStartup)
    __arm_cp.15_2                            0x00000e80   Number         4  rtx_thread.o(.text.osRtxThreadStartup)
    __arm_cp.15_3                            0x00000e84   Number         4  rtx_thread.o(.text.osRtxThreadStartup)
    [Anonymous Symbol]                       0x00000e88   Section        0  rtx_thread.o(.text.osRtxThreadSwitch)
    __arm_cp.7_0                             0x00000e98   Number         4  rtx_thread.o(.text.osRtxThreadSwitch)
    [Anonymous Symbol]                       0x00000e9c   Section        0  rtx_thread.o(.text.osRtxThreadWaitEnter)
    __arm_cp.13_0                            0x00000ed4   Number         4  rtx_thread.o(.text.osRtxThreadWaitEnter)
    [Anonymous Symbol]                       0x00000ed8   Section        0  rtx_thread.o(.text.osRtxThreadWaitExit)
    [Anonymous Symbol]                       0x00000efc   Section        0  rtx_system.o(.text.osRtxTick_Handler)
    __arm_cp.0_0                             0x00000f6c   Number         4  rtx_system.o(.text.osRtxTick_Handler)
    [Anonymous Symbol]                       0x00000f70   Section        0  rtx_timer.o(.text.osRtxTimerThread)
    __arm_cp.0_0                             0x00000fa0   Number         4  rtx_timer.o(.text.osRtxTimerThread)
    __arm_cp.0_1                             0x00000fa4   Number         4  rtx_timer.o(.text.osRtxTimerThread)
    __arm_cp.0_2                             0x00000fa8   Number         4  rtx_timer.o(.text.osRtxTimerThread)
    [Anonymous Symbol]                       0x00000fac   Section        0  rtx_timer.o(.text.osRtxTimerTick)
    osRtxTimerTick                           0x00000fad   Thumb Code    96  rtx_timer.o(.text.osRtxTimerTick)
    __arm_cp.1_0                             0x00001008   Number         4  rtx_timer.o(.text.osRtxTimerTick)
    [Anonymous Symbol]                       0x0000100c   Section        0  rtx_semaphore.o(.text.osSemaphoreAcquire)
    __arm_cp.2_0                             0x0000104c   Number         4  rtx_semaphore.o(.text.osSemaphoreAcquire)
    [Anonymous Symbol]                       0x00001050   Section        0  rtx_semaphore.o(.text.osSemaphoreNew)
    __arm_cp.0_0                             0x00001070   Number         4  rtx_semaphore.o(.text.osSemaphoreNew)
    [Anonymous Symbol]                       0x00001074   Section        0  rtx_semaphore.o(.text.osSemaphoreRelease)
    __arm_cp.3_0                             0x000010bc   Number         4  rtx_semaphore.o(.text.osSemaphoreRelease)
    [Anonymous Symbol]                       0x000010c0   Section        0  rtx_thread.o(.text.osThreadExit)
    __arm_cp.31_0                            0x000010c8   Number         4  rtx_thread.o(.text.osThreadExit)
    [Anonymous Symbol]                       0x000010cc   Section        0  rtx_thread.o(.text.osThreadNew)
    __arm_cp.17_0                            0x000010ec   Number         4  rtx_thread.o(.text.osThreadNew)
    [Anonymous Symbol]                       0x000010f0   Section        0  rtx_thread.o(.text.osThreadSetPriority)
    __arm_cp.24_0                            0x00001114   Number         4  rtx_thread.o(.text.osThreadSetPriority)
    [Anonymous Symbol]                       0x00001118   Section        0  rtx_delay.o(.text.svcRtxDelay)
    svcRtxDelay                              0x00001119   Thumb Code    18  rtx_delay.o(.text.svcRtxDelay)
    [Anonymous Symbol]                       0x0000112a   Section        0  rtx_evflags.o(.text.svcRtxEventFlagsClear)
    svcRtxEventFlagsClear                    0x0000112b   Thumb Code    50  rtx_evflags.o(.text.svcRtxEventFlagsClear)
    [Anonymous Symbol]                       0x0000115c   Section        0  rtx_evflags.o(.text.svcRtxEventFlagsNew)
    svcRtxEventFlagsNew                      0x0000115d   Thumb Code   116  rtx_evflags.o(.text.svcRtxEventFlagsNew)
    __arm_cp.9_0                             0x000011c8   Number         4  rtx_evflags.o(.text.svcRtxEventFlagsNew)
    __arm_cp.9_1                             0x000011cc   Number         4  rtx_evflags.o(.text.svcRtxEventFlagsNew)
    [Anonymous Symbol]                       0x000011d0   Section        0  rtx_evflags.o(.text.svcRtxEventFlagsSet)
    svcRtxEventFlagsSet                      0x000011d1   Thumb Code   124  rtx_evflags.o(.text.svcRtxEventFlagsSet)
    [Anonymous Symbol]                       0x0000124c   Section        0  rtx_evflags.o(.text.svcRtxEventFlagsWait)
    svcRtxEventFlagsWait                     0x0000124d   Thumb Code   100  rtx_evflags.o(.text.svcRtxEventFlagsWait)
    __arm_cp.14_0                            0x000012ac   Number         4  rtx_evflags.o(.text.svcRtxEventFlagsWait)
    [Anonymous Symbol]                       0x000012b0   Section        0  rtx_kernel.o(.text.svcRtxKernelInitialize)
    svcRtxKernelInitialize                   0x000012b1   Thumb Code   328  rtx_kernel.o(.text.svcRtxKernelInitialize)
    __arm_cp.20_0                            0x000013ec   Number         4  rtx_kernel.o(.text.svcRtxKernelInitialize)
    __arm_cp.20_1                            0x000013f0   Number         4  rtx_kernel.o(.text.svcRtxKernelInitialize)
    __arm_cp.20_2                            0x000013f4   Number         4  rtx_kernel.o(.text.svcRtxKernelInitialize)
    [Anonymous Symbol]                       0x000013f8   Section        0  rtx_kernel.o(.text.svcRtxKernelStart)
    svcRtxKernelStart                        0x000013f9   Thumb Code   132  rtx_kernel.o(.text.svcRtxKernelStart)
    __arm_cp.21_0                            0x0000146c   Number         4  rtx_kernel.o(.text.svcRtxKernelStart)
    __arm_cp.21_1                            0x00001470   Number         4  rtx_kernel.o(.text.svcRtxKernelStart)
    __arm_cp.21_2                            0x00001474   Number         4  rtx_kernel.o(.text.svcRtxKernelStart)
    __arm_cp.21_3                            0x00001478   Number         4  rtx_kernel.o(.text.svcRtxKernelStart)
    [Anonymous Symbol]                       0x0000147c   Section        0  rtx_msgqueue.o(.text.svcRtxMessageQueueGet)
    svcRtxMessageQueueGet                    0x0000147d   Thumb Code   232  rtx_msgqueue.o(.text.svcRtxMessageQueueGet)
    __arm_cp.21_0                            0x00001560   Number         4  rtx_msgqueue.o(.text.svcRtxMessageQueueGet)
    [Anonymous Symbol]                       0x00001564   Section        0  rtx_msgqueue.o(.text.svcRtxMessageQueueNew)
    svcRtxMessageQueueNew                    0x00001565   Thumb Code   484  rtx_msgqueue.o(.text.svcRtxMessageQueueNew)
    __arm_cp.14_0                            0x00001730   Number         4  rtx_msgqueue.o(.text.svcRtxMessageQueueNew)
    __arm_cp.14_1                            0x00001734   Number         4  rtx_msgqueue.o(.text.svcRtxMessageQueueNew)
    __arm_cp.14_2                            0x00001738   Number         4  rtx_msgqueue.o(.text.svcRtxMessageQueueNew)
    __arm_cp.14_3                            0x0000173c   Number         4  rtx_msgqueue.o(.text.svcRtxMessageQueueNew)
    __arm_cp.14_4                            0x00001740   Number         4  rtx_msgqueue.o(.text.svcRtxMessageQueueNew)
    __arm_cp.14_5                            0x00001744   Number         4  rtx_msgqueue.o(.text.svcRtxMessageQueueNew)
    [Anonymous Symbol]                       0x00001748   Section        0  rtx_msgqueue.o(.text.svcRtxMessageQueuePut)
    svcRtxMessageQueuePut                    0x00001749   Thumb Code   188  rtx_msgqueue.o(.text.svcRtxMessageQueuePut)
    __arm_cp.19_0                            0x00001800   Number         4  rtx_msgqueue.o(.text.svcRtxMessageQueuePut)
    [Anonymous Symbol]                       0x00001804   Section        0  rtx_semaphore.o(.text.svcRtxSemaphoreAcquire)
    svcRtxSemaphoreAcquire                   0x00001805   Thumb Code    76  rtx_semaphore.o(.text.svcRtxSemaphoreAcquire)
    __arm_cp.11_0                            0x0000184c   Number         4  rtx_semaphore.o(.text.svcRtxSemaphoreAcquire)
    [Anonymous Symbol]                       0x00001850   Section        0  rtx_semaphore.o(.text.svcRtxSemaphoreNew)
    svcRtxSemaphoreNew                       0x00001851   Thumb Code   136  rtx_semaphore.o(.text.svcRtxSemaphoreNew)
    __arm_cp.7_0                             0x000018cc   Number         4  rtx_semaphore.o(.text.svcRtxSemaphoreNew)
    __arm_cp.7_1                             0x000018d0   Number         4  rtx_semaphore.o(.text.svcRtxSemaphoreNew)
    __arm_cp.7_2                             0x000018d4   Number         4  rtx_semaphore.o(.text.svcRtxSemaphoreNew)
    [Anonymous Symbol]                       0x000018d8   Section        0  rtx_semaphore.o(.text.svcRtxSemaphoreRelease)
    svcRtxSemaphoreRelease                   0x000018d9   Thumb Code    56  rtx_semaphore.o(.text.svcRtxSemaphoreRelease)
    [Anonymous Symbol]                       0x00001910   Section        0  rtx_thread.o(.text.svcRtxThreadExit)
    svcRtxThreadExit                         0x00001911   Thumb Code   108  rtx_thread.o(.text.svcRtxThreadExit)
    __arm_cp.54_0                            0x00001978   Number         4  rtx_thread.o(.text.svcRtxThreadExit)
    [Anonymous Symbol]                       0x0000197c   Section        0  rtx_thread.o(.text.svcRtxThreadNew)
    svcRtxThreadNew                          0x0000197d   Thumb Code   492  rtx_thread.o(.text.svcRtxThreadNew)
    __arm_cp.16_0                            0x00001b50   Number         4  rtx_thread.o(.text.svcRtxThreadNew)
    __arm_cp.16_1                            0x00001b54   Number         4  rtx_thread.o(.text.svcRtxThreadNew)
    __arm_cp.16_2                            0x00001b58   Number         4  rtx_thread.o(.text.svcRtxThreadNew)
    __arm_cp.16_3                            0x00001b5c   Number         4  rtx_thread.o(.text.svcRtxThreadNew)
    __arm_cp.16_4                            0x00001b60   Number         4  rtx_thread.o(.text.svcRtxThreadNew)
    __arm_cp.16_5                            0x00001b64   Number         4  rtx_thread.o(.text.svcRtxThreadNew)
    [Anonymous Symbol]                       0x00001b68   Section        0  rtx_thread.o(.text.svcRtxThreadSetPriority)
    svcRtxThreadSetPriority                  0x00001b69   Thumb Code    72  rtx_thread.o(.text.svcRtxThreadSetPriority)
    i.InitUART1                              0x00001bb0   Section        0  main.o(i.InitUART1)
    i.SystemCoreClockUpdate                  0x00001c60   Section        0  system_mkl25z4.o(i.SystemCoreClockUpdate)
    i.SystemInit                             0x00001df0   Section        0  system_mkl25z4.o(i.SystemInit)
    i.UART1_IRQHandler                       0x00001dfc   Section        0  main.o(i.UART1_IRQHandler)
    i.UART_led_control                       0x00001e24   Section        0  main.o(i.UART_led_control)
    i.__ARM_common_switch8                   0x00001eec   Section        0  rtx_config.o(i.__ARM_common_switch8)
    i.__NVIC_ClearPendingIRQ                 0x00001f08   Section        0  main.o(i.__NVIC_ClearPendingIRQ)
    __NVIC_ClearPendingIRQ                   0x00001f09   Thumb Code    18  main.o(i.__NVIC_ClearPendingIRQ)
    i.__NVIC_SetPriority                     0x00001f20   Section        0  main.o(i.__NVIC_SetPriority)
    __NVIC_SetPriority                       0x00001f21   Thumb Code   110  main.o(i.__NVIC_SetPriority)
    i.__scatterload_copy                     0x00001f98   Section       14  handlers.o(i.__scatterload_copy)
    i.__scatterload_zeroinit                 0x00001fa6   Section       14  handlers.o(i.__scatterload_zeroinit)
    i.calculateCnvValue                      0x00001fb4   Section        0  buzzer.o(i.calculateCnvValue)
    i.calculateModValue                      0x00001fd0   Section        0  buzzer.o(i.calculateModValue)
    i.changeFrequency                        0x00001fec   Section        0  buzzer.o(i.changeFrequency)
    i.endBuzzer                              0x00002018   Section        0  buzzer.o(i.endBuzzer)
    i.forwardLeft                            0x000020d8   Section        0  main.o(i.forwardLeft)
    i.forwardRight                           0x000020f0   Section        0  main.o(i.forwardRight)
    i.initGPIOLED                            0x0000210c   Section        0  colorhandler.o(i.initGPIOLED)
    i.initPWM                                0x000022f8   Section        0  main.o(i.initPWM)
    i.main                                   0x00002440   Section        0  main.o(i.main)
    i.motorMovingFlagsSet                    0x00002558   Section        0  main.o(i.motorMovingFlagsSet)
    i.motorStopFlagsSet                      0x00002594   Section        0  main.o(i.motorStopFlagsSet)
    i.moveBackward                           0x000025d0   Section        0  main.o(i.moveBackward)
    i.moveForward                            0x000025e8   Section        0  main.o(i.moveForward)
    i.movingBuzzer                           0x00002600   Section        0  main.o(i.movingBuzzer)
    i.movingGreenLED                         0x00002618   Section        0  main.o(i.movingGreenLED)
    i.movingRedLED                           0x00002634   Section        0  main.o(i.movingRedLED)
    i.osRtxErrorNotify                       0x00002650   Section        0  rtx_config.o(i.osRtxErrorNotify)
    i.rotateLeft                             0x00002670   Section        0  main.o(i.rotateLeft)
    i.rotateRight                            0x0000268c   Section        0  main.o(i.rotateRight)
    i.runningBuzzer                          0x000026a8   Section        0  buzzer.o(i.runningBuzzer)
    i.startFastFlashRed                      0x00002784   Section        0  colorhandler.o(i.startFastFlashRed)
    i.startMovingGreen                       0x000027b8   Section        0  colorhandler.o(i.startMovingGreen)
    i.startSlowFlashRed                      0x00002820   Section        0  colorhandler.o(i.startSlowFlashRed)
    i.startStationGreen                      0x00002858   Section        0  colorhandler.o(i.startStationGreen)
    i.stationGreenLED                        0x0000286c   Section        0  main.o(i.stationGreenLED)
    i.stationRedLED                          0x00002888   Section        0  main.o(i.stationRedLED)
    i.stopBuzzer                             0x000028a4   Section        0  main.o(i.stopBuzzer)
    i.stopMotors                             0x000028bc   Section        0  main.o(i.stopMotors)
    .constdata                               0x000028d0   Section      100  rtx_lib.o(.constdata)
    os_idle_thread_attr                      0x000028d0   Data          36  rtx_lib.o(.constdata)
    os_timer_thread_attr                     0x000028f4   Data          36  rtx_lib.o(.constdata)
    os_timer_mq_attr                         0x00002918   Data          24  rtx_lib.o(.constdata)
    .rodata                                  0x00002934   Section      160  rtx_lib.o(.rodata)
    __tagsym$$used                           0x00002934   Number         0  rtx_lib.o(.rodata)
    __tagsym$$used                           0x0000299c   Number         0  rtx_lib.o(.rodata)
    [Anonymous Symbol]                       0x000029d4   Section        0  rtx_kernel.o(.rodata.str1.4)
    .L.str                                   0x000029d4   Data          11  rtx_kernel.o(.rodata.str1.4)
    .bss.os                                  0x1ffff000   Section     4160  rtx_lib.o(.bss.os)
    os_mem                                   0x1ffff000   Data        4096  rtx_lib.o(.bss.os)
    os_isr_queue                             0x20000000   Data          64  rtx_lib.o(.bss.os)
    .bss.os.msgqueue.cb                      0x20000040   Section       52  rtx_lib.o(.bss.os.msgqueue.cb)
    os_timer_mq_cb                           0x20000040   Data          52  rtx_lib.o(.bss.os.msgqueue.cb)
    .bss.os.msgqueue.mem                     0x20000074   Section       80  rtx_lib.o(.bss.os.msgqueue.mem)
    os_timer_mq_data                         0x20000074   Data          80  rtx_lib.o(.bss.os.msgqueue.mem)
    .bss.os.thread.cb                        0x200000c4   Section      136  rtx_lib.o(.bss.os.thread.cb)
    os_idle_thread_cb                        0x200000c4   Data          68  rtx_lib.o(.bss.os.thread.cb)
    os_timer_thread_cb                       0x20000108   Data          68  rtx_lib.o(.bss.os.thread.cb)
    .bss.os.thread.stack                     0x20000150   Section      512  rtx_lib.o(.bss.os.thread.stack)
    os_idle_thread_stack                     0x20000150   Data         256  rtx_lib.o(.bss.os.thread.stack)
    os_timer_thread_stack                    0x20000250   Data         256  rtx_lib.o(.bss.os.thread.stack)
    .data                                    0x20000350   Section       44  main.o(.data)
    modValue0                                0x20000350   Data           4  main.o(.data)
    modValue2                                0x20000354   Data           4  main.o(.data)
    cnvValue0                                0x20000358   Data           4  main.o(.data)
    cnvValue2                                0x2000035c   Data           4  main.o(.data)
    rx_data                                  0x20000360   Data           1  main.o(.data)
    .data                                    0x2000037c   Section        8  buzzer.o(.data)
    .data                                    0x20000384   Section        4  system_mkl25z4.o(.data)
    [Anonymous Symbol]                       0x2000042c   Section        0  os_systick.o(.bss.PendST)
    PendST                                   0x2000042c   Data           1  os_systick.o(.bss.PendST)
    STACK                                    0x20000430   Section      256  startup_mkl25z4.o(STACK)

    Global Symbols

    Symbol Name                              Value     Ov Type        Size  Object(Section)

    BuildAttributes$$THM_ISAv3M$S$PE$A:L22$X:L11$S22$IEEE1$IW$~IW$USESV6$~STKCKD$USESV7$~SHL$OSPACE$EBA8$MICROLIB$REQ8$PRES8$EABIv2 0x00000000   Number         0  anon$$obj.o ABSOLUTE
    __ARM_use_no_argv                        0x00000000   Number         0  main.o ABSOLUTE
    __Vectors                                0x00000000   Data           4  startup_mkl25z4.o(RESET)
    .bss.os.evflags.cb$$Base                  - Undefined Weak Reference
    .bss.os.evflags.cb$$Limit                 - Undefined Weak Reference
    .bss.os.mempool.cb$$Base                  - Undefined Weak Reference
    .bss.os.mempool.cb$$Limit                 - Undefined Weak Reference
    .bss.os.mutex.cb$$Base                    - Undefined Weak Reference
    .bss.os.mutex.cb$$Limit                   - Undefined Weak Reference
    .bss.os.semaphore.cb$$Base                - Undefined Weak Reference
    .bss.os.semaphore.cb$$Limit               - Undefined Weak Reference
    .bss.os.timer.cb$$Base                    - Undefined Weak Reference
    .bss.os.timer.cb$$Limit                   - Undefined Weak Reference
    __cpp_initialize__aeabi_                  - Undefined Weak Reference
    __cxa_finalize                            - Undefined Weak Reference
    _clock_init                               - Undefined Weak Reference
    _microlib_exit                            - Undefined Weak Reference
    __Vectors_End                            0x000000c0   Data           0  startup_mkl25z4.o(RESET)
    __Vectors_Size                           0x000000c0   Number         0  startup_mkl25z4.o ABSOLUTE
    __main                                   0x000000c1   Thumb Code     0  entry.o(.ARM.Collect$$$$00000000)
    _main_stk                                0x000000c1   Thumb Code     0  entry2.o(.ARM.Collect$$$$00000001)
    _main_scatterload                        0x000000c5   Thumb Code     0  entry5.o(.ARM.Collect$$$$00000004)
    __main_after_scatterload                 0x000000c9   Thumb Code     0  entry5.o(.ARM.Collect$$$$00000004)
    _main_clock                              0x000000c9   Thumb Code     0  entry7b.o(.ARM.Collect$$$$00000008)
    _main_cpp_init                           0x000000c9   Thumb Code     0  entry8b.o(.ARM.Collect$$$$0000000A)
    _main_init                               0x000000c9   Thumb Code     0  entry9a.o(.ARM.Collect$$$$0000000B)
    __rt_final_cpp                           0x000000d1   Thumb Code     0  entry10a.o(.ARM.Collect$$$$0000000D)
    __rt_final_exit                          0x000000d1   Thumb Code     0  entry11a.o(.ARM.Collect$$$$0000000F)
    Reset_Handler                            0x000000d5   Thumb Code    12  startup_mkl25z4.o(.text)
    NMI_Handler                              0x000000e1   Thumb Code     2  startup_mkl25z4.o(.text)
    HardFault_Handler                        0x000000e3   Thumb Code     2  startup_mkl25z4.o(.text)
    ADC0_IRQHandler                          0x000000eb   Thumb Code     0  startup_mkl25z4.o(.text)
    CMP0_IRQHandler                          0x000000eb   Thumb Code     0  startup_mkl25z4.o(.text)
    DAC0_IRQHandler                          0x000000eb   Thumb Code     0  startup_mkl25z4.o(.text)
    DMA0_IRQHandler                          0x000000eb   Thumb Code     0  startup_mkl25z4.o(.text)
    DMA1_IRQHandler                          0x000000eb   Thumb Code     0  startup_mkl25z4.o(.text)
    DMA2_IRQHandler                          0x000000eb   Thumb Code     0  startup_mkl25z4.o(.text)
    DMA3_IRQHandler                          0x000000eb   Thumb Code     0  startup_mkl25z4.o(.text)
    DefaultISR                               0x000000eb   Thumb Code     0  startup_mkl25z4.o(.text)
    FTFA_IRQHandler                          0x000000eb   Thumb Code     0  startup_mkl25z4.o(.text)
    I2C0_IRQHandler                          0x000000eb   Thumb Code     0  startup_mkl25z4.o(.text)
    I2C1_IRQHandler                          0x000000eb   Thumb Code     0  startup_mkl25z4.o(.text)
    LLWU_IRQHandler                          0x000000eb   Thumb Code     0  startup_mkl25z4.o(.text)
    LPTMR0_IRQHandler                        0x000000eb   Thumb Code     0  startup_mkl25z4.o(.text)
    LVD_LVW_IRQHandler                       0x000000eb   Thumb Code     0  startup_mkl25z4.o(.text)
    MCG_IRQHandler                           0x000000eb   Thumb Code     0  startup_mkl25z4.o(.text)
    PIT_IRQHandler                           0x000000eb   Thumb Code     0  startup_mkl25z4.o(.text)
    PORTA_IRQHandler                         0x000000eb   Thumb Code     0  startup_mkl25z4.o(.text)
    PORTD_IRQHandler                         0x000000eb   Thumb Code     0  startup_mkl25z4.o(.text)
    RTC_IRQHandler                           0x000000eb   Thumb Code     0  startup_mkl25z4.o(.text)
    RTC_Seconds_IRQHandler                   0x000000eb   Thumb Code     0  startup_mkl25z4.o(.text)
    Reserved20_IRQHandler                    0x000000eb   Thumb Code     0  startup_mkl25z4.o(.text)
    Reserved39_IRQHandler                    0x000000eb   Thumb Code     0  startup_mkl25z4.o(.text)
    Reserved45_IRQHandler                    0x000000eb   Thumb Code     0  startup_mkl25z4.o(.text)
    SPI0_IRQHandler                          0x000000eb   Thumb Code     0  startup_mkl25z4.o(.text)
    SPI1_IRQHandler                          0x000000eb   Thumb Code     0  startup_mkl25z4.o(.text)
    TPM0_IRQHandler                          0x000000eb   Thumb Code     0  startup_mkl25z4.o(.text)
    TPM1_IRQHandler                          0x000000eb   Thumb Code     0  startup_mkl25z4.o(.text)
    TPM2_IRQHandler                          0x000000eb   Thumb Code     0  startup_mkl25z4.o(.text)
    TSI0_IRQHandler                          0x000000eb   Thumb Code     0  startup_mkl25z4.o(.text)
    UART0_IRQHandler                         0x000000eb   Thumb Code     0  startup_mkl25z4.o(.text)
    UART2_IRQHandler                         0x000000eb   Thumb Code     0  startup_mkl25z4.o(.text)
    USB0_IRQHandler                          0x000000eb   Thumb Code     0  startup_mkl25z4.o(.text)
    SVC_Handler                              0x000000fd   Thumb Code   132  irq_cm0.o(.text)
    PendSV_Handler                           0x00000181   Thumb Code    12  irq_cm0.o(.text)
    SysTick_Handler                          0x0000018d   Thumb Code    12  irq_cm0.o(.text)
    __aeabi_uidiv                            0x000001a1   Thumb Code     0  uidiv.o(.text)
    __aeabi_uidivmod                         0x000001a1   Thumb Code    44  uidiv.o(.text)
    __aeabi_idiv                             0x000001cd   Thumb Code     0  idiv.o(.text)
    __aeabi_idivmod                          0x000001cd   Thumb Code    40  idiv.o(.text)
    __aeabi_memcpy                           0x000001f5   Thumb Code    36  memcpya.o(.text)
    __aeabi_memcpy4                          0x000001f5   Thumb Code     0  memcpya.o(.text)
    __aeabi_memcpy8                          0x000001f5   Thumb Code     0  memcpya.o(.text)
    __aeabi_memset                           0x00000219   Thumb Code    14  memseta.o(.text)
    __aeabi_memset4                          0x00000219   Thumb Code     0  memseta.o(.text)
    __aeabi_memset8                          0x00000219   Thumb Code     0  memseta.o(.text)
    __aeabi_memclr                           0x00000227   Thumb Code     4  memseta.o(.text)
    __aeabi_memclr4                          0x00000227   Thumb Code     0  memseta.o(.text)
    __aeabi_memclr8                          0x00000227   Thumb Code     0  memseta.o(.text)
    _memset$wrapper                          0x0000022b   Thumb Code    18  memseta.o(.text)
    __scatterload                            0x0000023d   Thumb Code    28  init.o(.text)
    __scatterload_rt2                        0x0000023d   Thumb Code     0  init.o(.text)
    __decompress                             0x00000261   Thumb Code     0  __dczerorl.o(.text)
    __decompress0                            0x00000261   Thumb Code    58  __dczerorl.o(.text)
    OS_Tick_AcknowledgeIRQ                   0x000003b5   Thumb Code    12  os_systick.o(.text.OS_Tick_AcknowledgeIRQ)
    OS_Tick_Enable                           0x000003c1   Thumb Code    44  os_systick.o(.text.OS_Tick_Enable)
    OS_Tick_GetIRQn                          0x000003ed   Thumb Code     6  os_systick.o(.text.OS_Tick_GetIRQn)
    osRtxKernelPreInit                       0x000003f3   Thumb Code     2  rtx_kernel.o(.text.osRtxKernelPreInit)
    osRtxThreadRegPtr                        0x000003f5   Thumb Code     6  rtx_thread.o(.text.osRtxThreadRegPtr)
    __scatterload_null                       0x000003fb   Thumb Code     2  handlers.o(i.__scatterload_null)
    osRtxIdleThread                          0x000003fd   Thumb Code     4  rtx_config.o(i.osRtxIdleThread)
    OS_Tick_Setup                            0x00000411   Thumb Code    76  os_systick.o(.text.OS_Tick_Setup)
    osDelay                                  0x00000541   Thumb Code    40  rtx_delay.o(.text.osDelay)
    osEventFlagsClear                        0x00000569   Thumb Code    36  rtx_evflags.o(.text.osEventFlagsClear)
    osEventFlagsNew                          0x0000058d   Thumb Code    36  rtx_evflags.o(.text.osEventFlagsNew)
    osEventFlagsSet                          0x000005b1   Thumb Code    80  rtx_evflags.o(.text.osEventFlagsSet)
    osEventFlagsWait                         0x00000601   Thumb Code    68  rtx_evflags.o(.text.osEventFlagsWait)
    osKernelInitialize                       0x00000645   Thumb Code    40  rtx_kernel.o(.text.osKernelInitialize)
    osKernelStart                            0x0000066d   Thumb Code    36  rtx_kernel.o(.text.osKernelStart)
    osMessageQueueGet                        0x00000691   Thumb Code   116  rtx_msgqueue.o(.text.osMessageQueueGet)
    osMessageQueueNew                        0x00000705   Thumb Code    36  rtx_msgqueue.o(.text.osMessageQueueNew)
    osMessageQueuePut                        0x00000729   Thumb Code   120  rtx_msgqueue.o(.text.osMessageQueuePut)
    osRtxMemoryAlloc                         0x000007d5   Thumb Code   124  rtx_memory.o(.text.osRtxMemoryAlloc)
    osRtxMemoryFree                          0x00000851   Thumb Code    78  rtx_memory.o(.text.osRtxMemoryFree)
    osRtxMemoryInit                          0x0000089f   Thumb Code    50  rtx_memory.o(.text.osRtxMemoryInit)
    osRtxMemoryPoolAlloc                     0x000008d1   Thumb Code    46  rtx_mempool.o(.text.osRtxMemoryPoolAlloc)
    osRtxMemoryPoolFree                      0x000008ff   Thumb Code    58  rtx_mempool.o(.text.osRtxMemoryPoolFree)
    osRtxMemoryPoolInit                      0x00000939   Thumb Code    62  rtx_mempool.o(.text.osRtxMemoryPoolInit)
    osRtxMutexOwnerRelease                   0x00000a33   Thumb Code    68  rtx_mutex.o(.text.osRtxMutexOwnerRelease)
    osRtxPendSV_Handler                      0x00000a79   Thumb Code   128  rtx_system.o(.text.osRtxPendSV_Handler)
    osRtxPostProcess                         0x00000af9   Thumb Code   108  rtx_system.o(.text.osRtxPostProcess)
    osRtxThreadDelayTick                     0x00000c85   Thumb Code    56  rtx_thread.o(.text.osRtxThreadDelayTick)
    osRtxThreadDispatch                      0x00000cbd   Thumb Code    80  rtx_thread.o(.text.osRtxThreadDispatch)
    osRtxThreadListGet                       0x00000d61   Thumb Code    20  rtx_thread.o(.text.osRtxThreadListGet)
    osRtxThreadListPut                       0x00000d75   Thumb Code    44  rtx_thread.o(.text.osRtxThreadListPut)
    osRtxThreadListRemove                    0x00000da1   Thumb Code    24  rtx_thread.o(.text.osRtxThreadListRemove)
    osRtxThreadListSort                      0x00000db9   Thumb Code    38  rtx_thread.o(.text.osRtxThreadListSort)
    osRtxThreadReadyPut                      0x00000e05   Thumb Code    24  rtx_thread.o(.text.osRtxThreadReadyPut)
    osRtxThreadStackCheck                    0x00000e1d   Thumb Code    44  rtx_thread.o(.text.osRtxThreadStackCheck)
    osRtxThreadStartup                       0x00000e49   Thumb Code    64  rtx_thread.o(.text.osRtxThreadStartup)
    osRtxThreadSwitch                        0x00000e89   Thumb Code    20  rtx_thread.o(.text.osRtxThreadSwitch)
    osRtxThreadWaitEnter                     0x00000e9d   Thumb Code    60  rtx_thread.o(.text.osRtxThreadWaitEnter)
    osRtxThreadWaitExit                      0x00000ed9   Thumb Code    34  rtx_thread.o(.text.osRtxThreadWaitExit)
    osRtxTick_Handler                        0x00000efd   Thumb Code   116  rtx_system.o(.text.osRtxTick_Handler)
    osRtxTimerThread                         0x00000f71   Thumb Code    60  rtx_timer.o(.text.osRtxTimerThread)
    osSemaphoreAcquire                       0x0000100d   Thumb Code    68  rtx_semaphore.o(.text.osSemaphoreAcquire)
    osSemaphoreNew                           0x00001051   Thumb Code    36  rtx_semaphore.o(.text.osSemaphoreNew)
    osSemaphoreRelease                       0x00001075   Thumb Code    76  rtx_semaphore.o(.text.osSemaphoreRelease)
    osThreadExit                             0x000010c1   Thumb Code    12  rtx_thread.o(.text.osThreadExit)
    osThreadNew                              0x000010cd   Thumb Code    36  rtx_thread.o(.text.osThreadNew)
    osThreadSetPriority                      0x000010f1   Thumb Code    40  rtx_thread.o(.text.osThreadSetPriority)
    InitUART1                                0x00001bb1   Thumb Code   160  main.o(i.InitUART1)
    SystemCoreClockUpdate                    0x00001c61   Thumb Code   372  system_mkl25z4.o(i.SystemCoreClockUpdate)
    SystemInit                               0x00001df1   Thumb Code     8  system_mkl25z4.o(i.SystemInit)
    UART1_IRQHandler                         0x00001dfd   Thumb Code    30  main.o(i.UART1_IRQHandler)
    UART_led_control                         0x00001e25   Thumb Code   186  main.o(i.UART_led_control)
    __ARM_common_switch8                     0x00001eed   Thumb Code    28  rtx_config.o(i.__ARM_common_switch8)
    __scatterload_copy                       0x00001f99   Thumb Code    14  handlers.o(i.__scatterload_copy)
    __scatterload_zeroinit                   0x00001fa7   Thumb Code    14  handlers.o(i.__scatterload_zeroinit)
    calculateCnvValue                        0x00001fb5   Thumb Code    18  buzzer.o(i.calculateCnvValue)
    calculateModValue                        0x00001fd1   Thumb Code    18  buzzer.o(i.calculateModValue)
    changeFrequency                          0x00001fed   Thumb Code    32  buzzer.o(i.changeFrequency)
    endBuzzer                                0x00002019   Thumb Code   188  buzzer.o(i.endBuzzer)
    forwardLeft                              0x000020d9   Thumb Code    16  main.o(i.forwardLeft)
    forwardRight                             0x000020f1   Thumb Code    18  main.o(i.forwardRight)
    initGPIOLED                              0x0000210d   Thumb Code   470  colorhandler.o(i.initGPIOLED)
    initPWM                                  0x000022f9   Thumb Code   312  main.o(i.initPWM)
    main                                     0x00002441   Thumb Code   226  main.o(i.main)
    motorMovingFlagsSet                      0x00002559   Thumb Code    44  main.o(i.motorMovingFlagsSet)
    motorStopFlagsSet                        0x00002595   Thumb Code    44  main.o(i.motorStopFlagsSet)
    moveBackward                             0x000025d1   Thumb Code    16  main.o(i.moveBackward)
    moveForward                              0x000025e9   Thumb Code    16  main.o(i.moveForward)
    movingBuzzer                             0x00002601   Thumb Code    20  main.o(i.movingBuzzer)
    movingGreenLED                           0x00002619   Thumb Code    24  main.o(i.movingGreenLED)
    movingRedLED                             0x00002635   Thumb Code    24  main.o(i.movingRedLED)
    osRtxErrorNotify                         0x00002651   Thumb Code    32  rtx_config.o(i.osRtxErrorNotify)
    rotateLeft                               0x00002671   Thumb Code    20  main.o(i.rotateLeft)
    rotateRight                              0x0000268d   Thumb Code    20  main.o(i.rotateRight)
    runningBuzzer                            0x000026a9   Thumb Code   214  buzzer.o(i.runningBuzzer)
    startFastFlashRed                        0x00002785   Thumb Code    42  colorhandler.o(i.startFastFlashRed)
    startMovingGreen                         0x000027b9   Thumb Code   100  colorhandler.o(i.startMovingGreen)
    startSlowFlashRed                        0x00002821   Thumb Code    46  colorhandler.o(i.startSlowFlashRed)
    startStationGreen                        0x00002859   Thumb Code    14  colorhandler.o(i.startStationGreen)
    stationGreenLED                          0x0000286d   Thumb Code    24  main.o(i.stationGreenLED)
    stationRedLED                            0x00002889   Thumb Code    24  main.o(i.stationRedLED)
    stopBuzzer                               0x000028a5   Thumb Code    20  main.o(i.stopBuzzer)
    stopMotors                               0x000028bd   Thumb Code    14  main.o(i.stopMotors)
    osRtxUserSVC                             0x00002930   Data           4  rtx_lib.o(.constdata)
    osRtxConfig                              0x00002934   Data         104  rtx_lib.o(.rodata)
    os_cb_sections                           0x0000299c   Data          56  rtx_lib.o(.rodata)
    Region$$Table$$Base                      0x000029e0   Number         0  anon$$obj.o(Region$$Table)
    Region$$Table$$Limit                     0x00002a00   Number         0  anon$$obj.o(Region$$Table)
    .bss.os.msgqueue.cb$$Base                0x20000040   Number         0  rtx_lib.o(.bss.os.msgqueue.cb)
    .bss.os.msgqueue.cb$$Limit               0x20000074   Number         0  rtx_lib.o(.bss.os.msgqueue.cb)
    .bss.os.thread.cb$$Base                  0x200000c4   Number         0  rtx_lib.o(.bss.os.thread.cb)
    .bss.os.thread.cb$$Limit                 0x2000014c   Number         0  rtx_lib.o(.bss.os.thread.cb)
    movingGreenFlag                          0x20000364   Data           4  main.o(.data)
    movingRedFlag                            0x20000368   Data           4  main.o(.data)
    stationGreenFlag                         0x2000036c   Data           4  main.o(.data)
    stationRedFlag                           0x20000370   Data           4  main.o(.data)
    endSem                                   0x20000374   Data           4  main.o(.data)
    startSem                                 0x20000378   Data           4  main.o(.data)
    modValue                                 0x2000037c   Data           4  buzzer.o(.data)
    cnvValue                                 0x20000380   Data           4  buzzer.o(.data)
    SystemCoreClock                          0x20000384   Data           4  system_mkl25z4.o(.data)
    osRtxInfo                                0x20000388   Data         164  rtx_kernel.o(.data.os)
    __initial_sp                             0x20000530   Data           0  startup_mkl25z4.o(STACK)



==============================================================================

Memory Map of the image

  Image Entry point : 0x000000d5

  Load Region LR_1 (Base: 0x00000000, Size: 0x00003e2c, Max: 0xffffffff, ABSOLUTE, COMPRESSED[0x00002a40])

    Execution Region ER_RO (Exec base: 0x00000000, Load base: 0x00000000, Size: 0x00002a00, Max: 0xffffffff, ABSOLUTE)

    Exec Addr    Load Addr    Size         Type   Attr      Idx    E Section Name        Object

    0x00000000   0x00000000   0x000000c0   Data   RO          372    RESET               startup_mkl25z4.o
    0x000000c0   0x000000c0   0x00000000   Code   RO          956  * .ARM.Collect$$$$00000000  mc_p.l(entry.o)
    0x000000c0   0x000000c0   0x00000004   Code   RO          969    .ARM.Collect$$$$00000001  mc_p.l(entry2.o)
    0x000000c4   0x000000c4   0x00000004   Code   RO          972    .ARM.Collect$$$$00000004  mc_p.l(entry5.o)
    0x000000c8   0x000000c8   0x00000000   Code   RO          974    .ARM.Collect$$$$00000008  mc_p.l(entry7b.o)
    0x000000c8   0x000000c8   0x00000000   Code   RO          976    .ARM.Collect$$$$0000000A  mc_p.l(entry8b.o)
    0x000000c8   0x000000c8   0x00000008   Code   RO          977    .ARM.Collect$$$$0000000B  mc_p.l(entry9a.o)
    0x000000d0   0x000000d0   0x00000000   Code   RO          979    .ARM.Collect$$$$0000000D  mc_p.l(entry10a.o)
    0x000000d0   0x000000d0   0x00000000   Code   RO          981    .ARM.Collect$$$$0000000F  mc_p.l(entry11a.o)
    0x000000d0   0x000000d0   0x00000004   Code   RO          970    .ARM.Collect$$$$00002712  mc_p.l(entry2.o)
    0x000000d4   0x000000d4   0x00000028   Code   RO          374  * .text               startup_mkl25z4.o
    0x000000fc   0x000000fc   0x000000a4   Code   RO          708    .text               RTX_CM0.lib(irq_cm0.o)
    0x000001a0   0x000001a0   0x0000002c   Code   RO          959    .text               mc_p.l(uidiv.o)
    0x000001cc   0x000001cc   0x00000028   Code   RO          961    .text               mc_p.l(idiv.o)
    0x000001f4   0x000001f4   0x00000024   Code   RO          963    .text               mc_p.l(memcpya.o)
    0x00000218   0x00000218   0x00000024   Code   RO          965    .text               mc_p.l(memseta.o)
    0x0000023c   0x0000023c   0x00000024   Code   RO          983    .text               mc_p.l(init.o)
    0x00000260   0x00000260   0x0000003a   Code   RO          993    .text               mc_p.l(__dczerorl.o)
    0x0000029a   0x0000029a   0x0000004e   Code   RO          650    .text.EventFlagsCheck  RTX_CM0.lib(rtx_evflags.o)
    0x000002e8   0x000002e8   0x0000004c   Code   RO          940    .text.MessageQueueGet  RTX_CM0.lib(rtx_msgqueue.o)
    0x00000334   0x00000334   0x00000062   Code   RO          934    .text.MessageQueuePut  RTX_CM0.lib(rtx_msgqueue.o)
    0x00000396   0x00000396   0x0000001e   Code   RO          932    .text.MessageQueueRemove  RTX_CM0.lib(rtx_msgqueue.o)
    0x000003b4   0x000003b4   0x0000000c   Code   RO          878    .text.OS_Tick_AcknowledgeIRQ  RTX_CM0.lib(os_systick.o)
    0x000003c0   0x000003c0   0x0000002c   Code   RO          874    .text.OS_Tick_Enable  RTX_CM0.lib(os_systick.o)
    0x000003ec   0x000003ec   0x00000006   Code   RO          880    .text.OS_Tick_GetIRQn  RTX_CM0.lib(os_systick.o)
    0x000003f2   0x000003f2   0x00000002   Code   RO          413    .text.osRtxKernelPreInit  RTX_CM0.lib(rtx_kernel.o)
    0x000003f4   0x000003f4   0x00000006   Code   RO          490    .text.osRtxThreadRegPtr  RTX_CM0.lib(rtx_thread.o)
    0x000003fa   0x000003fa   0x00000002   Code   RO          988    i.__scatterload_null  mc_p.l(handlers.o)
    0x000003fc   0x000003fc   0x00000004   Code   RO          341    i.osRtxIdleThread   rtx_config.o
    0x00000400   0x00000400   0x00000010   Code   RO          373    .ARM.__at_0x400     startup_mkl25z4.o
    0x00000410   0x00000410   0x0000004c   Code   RO          872    .text.OS_Tick_Setup  RTX_CM0.lib(os_systick.o)
    0x0000045c   0x0000045c   0x00000024   Code   RO          687    .text.SemaphoreTokenDecrement  RTX_CM0.lib(rtx_semaphore.o)
    0x00000480   0x00000480   0x00000026   Code   RO          693    .text.SemaphoreTokenIncrement  RTX_CM0.lib(rtx_semaphore.o)
    0x000004a6   0x000004a6   0x0000004e   Code   RO          558    .text.ThreadFlagsCheck  RTX_CM0.lib(rtx_thread.o)
    0x000004f4   0x000004f4   0x0000004c   Code   RO          729    .text.TimerInsert   RTX_CM0.lib(rtx_timer.o)
    0x00000540   0x00000540   0x00000028   Code   RO          611    .text.osDelay       RTX_CM0.lib(rtx_delay.o)
    0x00000568   0x00000568   0x00000024   Code   RO          634    .text.osEventFlagsClear  RTX_CM0.lib(rtx_evflags.o)
    0x0000058c   0x0000058c   0x00000024   Code   RO          628    .text.osEventFlagsNew  RTX_CM0.lib(rtx_evflags.o)
    0x000005b0   0x000005b0   0x00000050   Code   RO          632    .text.osEventFlagsSet  RTX_CM0.lib(rtx_evflags.o)
    0x00000600   0x00000600   0x00000044   Code   RO          642    .text.osEventFlagsWait  RTX_CM0.lib(rtx_evflags.o)
    0x00000644   0x00000644   0x00000028   Code   RO          415    .text.osKernelInitialize  RTX_CM0.lib(rtx_kernel.o)
    0x0000066c   0x0000066c   0x00000024   Code   RO          425    .text.osKernelStart  RTX_CM0.lib(rtx_kernel.o)
    0x00000690   0x00000690   0x00000074   Code   RO          906    .text.osMessageQueueGet  RTX_CM0.lib(rtx_msgqueue.o)
    0x00000704   0x00000704   0x00000024   Code   RO          900    .text.osMessageQueueNew  RTX_CM0.lib(rtx_msgqueue.o)
    0x00000728   0x00000728   0x00000078   Code   RO          904    .text.osMessageQueuePut  RTX_CM0.lib(rtx_msgqueue.o)
    0x000007a0   0x000007a0   0x00000034   Code   RO          648    .text.osRtxEventFlagsPostProcess  RTX_CM0.lib(rtx_evflags.o)
    0x000007d4   0x000007d4   0x0000007c   Code   RO          791    .text.osRtxMemoryAlloc  RTX_CM0.lib(rtx_memory.o)
    0x00000850   0x00000850   0x0000004e   Code   RO          793    .text.osRtxMemoryFree  RTX_CM0.lib(rtx_memory.o)
    0x0000089e   0x0000089e   0x00000032   Code   RO          789    .text.osRtxMemoryInit  RTX_CM0.lib(rtx_memory.o)
    0x000008d0   0x000008d0   0x0000002e   Code   RO          806    .text.osRtxMemoryPoolAlloc  RTX_CM0.lib(rtx_mempool.o)
    0x000008fe   0x000008fe   0x0000003a   Code   RO          808    .text.osRtxMemoryPoolFree  RTX_CM0.lib(rtx_mempool.o)
    0x00000938   0x00000938   0x0000003e   Code   RO          804    .text.osRtxMemoryPoolInit  RTX_CM0.lib(rtx_mempool.o)
    0x00000976   0x00000976   0x000000bc   Code   RO          930    .text.osRtxMessageQueuePostProcess  RTX_CM0.lib(rtx_msgqueue.o)
    0x00000a32   0x00000a32   0x00000044   Code   RO          754    .text.osRtxMutexOwnerRelease  RTX_CM0.lib(rtx_mutex.o)
    0x00000a76   0x00000a76   0x00000002   PAD
    0x00000a78   0x00000a78   0x00000080   Code   RO          859    .text.osRtxPendSV_Handler  RTX_CM0.lib(rtx_system.o)
    0x00000af8   0x00000af8   0x0000006c   Code   RO          861    .text.osRtxPostProcess  RTX_CM0.lib(rtx_system.o)
    0x00000b64   0x00000b64   0x00000024   Code   RO          685    .text.osRtxSemaphorePostProcess  RTX_CM0.lib(rtx_semaphore.o)
    0x00000b88   0x00000b88   0x00000038   Code   RO          498    .text.osRtxThreadBlock  RTX_CM0.lib(rtx_thread.o)
    0x00000bc0   0x00000bc0   0x00000080   Code   RO          506    .text.osRtxThreadDelayInsert  RTX_CM0.lib(rtx_thread.o)
    0x00000c40   0x00000c40   0x00000044   Code   RO          502    .text.osRtxThreadDelayRemove  RTX_CM0.lib(rtx_thread.o)
    0x00000c84   0x00000c84   0x00000038   Code   RO          488    .text.osRtxThreadDelayTick  RTX_CM0.lib(rtx_thread.o)
    0x00000cbc   0x00000cbc   0x00000050   Code   RO          496    .text.osRtxThreadDispatch  RTX_CM0.lib(rtx_thread.o)
    0x00000d0c   0x00000d0c   0x00000054   Code   RO          582    .text.osRtxThreadFree  RTX_CM0.lib(rtx_thread.o)
    0x00000d60   0x00000d60   0x00000014   Code   RO          480    .text.osRtxThreadListGet  RTX_CM0.lib(rtx_thread.o)
    0x00000d74   0x00000d74   0x0000002c   Code   RO          478    .text.osRtxThreadListPut  RTX_CM0.lib(rtx_thread.o)
    0x00000da0   0x00000da0   0x00000018   Code   RO          484    .text.osRtxThreadListRemove  RTX_CM0.lib(rtx_thread.o)
    0x00000db8   0x00000db8   0x00000026   Code   RO          482    .text.osRtxThreadListSort  RTX_CM0.lib(rtx_thread.o)
    0x00000dde   0x00000dde   0x00000026   Code   RO          556    .text.osRtxThreadPostProcess  RTX_CM0.lib(rtx_thread.o)
    0x00000e04   0x00000e04   0x00000018   Code   RO          486    .text.osRtxThreadReadyPut  RTX_CM0.lib(rtx_thread.o)
    0x00000e1c   0x00000e1c   0x0000002c   Code   RO          494    .text.osRtxThreadStackCheck  RTX_CM0.lib(rtx_thread.o)
    0x00000e48   0x00000e48   0x00000040   Code   RO          508    .text.osRtxThreadStartup  RTX_CM0.lib(rtx_thread.o)
    0x00000e88   0x00000e88   0x00000014   Code   RO          492    .text.osRtxThreadSwitch  RTX_CM0.lib(rtx_thread.o)
    0x00000e9c   0x00000e9c   0x0000003c   Code   RO          504    .text.osRtxThreadWaitEnter  RTX_CM0.lib(rtx_thread.o)
    0x00000ed8   0x00000ed8   0x00000022   Code   RO          500    .text.osRtxThreadWaitExit  RTX_CM0.lib(rtx_thread.o)
    0x00000efa   0x00000efa   0x00000002   PAD
    0x00000efc   0x00000efc   0x00000074   Code   RO          857    .text.osRtxTick_Handler  RTX_CM0.lib(rtx_system.o)
    0x00000f70   0x00000f70   0x0000003c   Code   RO          713    .text.osRtxTimerThread  RTX_CM0.lib(rtx_timer.o)
    0x00000fac   0x00000fac   0x00000060   Code   RO          715    .text.osRtxTimerTick  RTX_CM0.lib(rtx_timer.o)
    0x0000100c   0x0000100c   0x00000044   Code   RO          673    .text.osSemaphoreAcquire  RTX_CM0.lib(rtx_semaphore.o)
    0x00001050   0x00001050   0x00000024   Code   RO          669    .text.osSemaphoreNew  RTX_CM0.lib(rtx_semaphore.o)
    0x00001074   0x00001074   0x0000004c   Code   RO          675    .text.osSemaphoreRelease  RTX_CM0.lib(rtx_semaphore.o)
    0x000010c0   0x000010c0   0x0000000c   Code   RO          540    .text.osThreadExit  RTX_CM0.lib(rtx_thread.o)
    0x000010cc   0x000010cc   0x00000024   Code   RO          512    .text.osThreadNew   RTX_CM0.lib(rtx_thread.o)
    0x000010f0   0x000010f0   0x00000028   Code   RO          526    .text.osThreadSetPriority  RTX_CM0.lib(rtx_thread.o)
    0x00001118   0x00001118   0x00000012   Code   RO          615    .text.svcRtxDelay   RTX_CM0.lib(rtx_delay.o)
    0x0000112a   0x0000112a   0x00000032   Code   RO          636    .text.svcRtxEventFlagsClear  RTX_CM0.lib(rtx_evflags.o)
    0x0000115c   0x0000115c   0x00000074   Code   RO          646    .text.svcRtxEventFlagsNew  RTX_CM0.lib(rtx_evflags.o)
    0x000011d0   0x000011d0   0x0000007c   Code   RO          654    .text.svcRtxEventFlagsSet  RTX_CM0.lib(rtx_evflags.o)
    0x0000124c   0x0000124c   0x00000064   Code   RO          656    .text.svcRtxEventFlagsWait  RTX_CM0.lib(rtx_evflags.o)
    0x000012b0   0x000012b0   0x00000148   Code   RO          453    .text.svcRtxKernelInitialize  RTX_CM0.lib(rtx_kernel.o)
    0x000013f8   0x000013f8   0x00000084   Code   RO          455    .text.svcRtxKernelStart  RTX_CM0.lib(rtx_kernel.o)
    0x0000147c   0x0000147c   0x000000e8   Code   RO          942    .text.svcRtxMessageQueueGet  RTX_CM0.lib(rtx_msgqueue.o)
    0x00001564   0x00001564   0x000001e4   Code   RO          928    .text.svcRtxMessageQueueNew  RTX_CM0.lib(rtx_msgqueue.o)
    0x00001748   0x00001748   0x000000bc   Code   RO          938    .text.svcRtxMessageQueuePut  RTX_CM0.lib(rtx_msgqueue.o)
    0x00001804   0x00001804   0x0000004c   Code   RO          691    .text.svcRtxSemaphoreAcquire  RTX_CM0.lib(rtx_semaphore.o)
    0x00001850   0x00001850   0x00000088   Code   RO          683    .text.svcRtxSemaphoreNew  RTX_CM0.lib(rtx_semaphore.o)
    0x000018d8   0x000018d8   0x00000038   Code   RO          695    .text.svcRtxSemaphoreRelease  RTX_CM0.lib(rtx_semaphore.o)
    0x00001910   0x00001910   0x0000006c   Code   RO          586    .text.svcRtxThreadExit  RTX_CM0.lib(rtx_thread.o)
    0x0000197c   0x0000197c   0x000001ec   Code   RO          510    .text.svcRtxThreadNew  RTX_CM0.lib(rtx_thread.o)
    0x00001b68   0x00001b68   0x00000048   Code   RO          568    .text.svcRtxThreadSetPriority  RTX_CM0.lib(rtx_thread.o)
    0x00001bb0   0x00001bb0   0x000000b0   Code   RO            3    i.InitUART1         main.o
    0x00001c60   0x00001c60   0x00000190   Code   RO          382    i.SystemCoreClockUpdate  system_mkl25z4.o
    0x00001df0   0x00001df0   0x0000000c   Code   RO          383    i.SystemInit        system_mkl25z4.o
    0x00001dfc   0x00001dfc   0x00000028   Code   RO            4    i.UART1_IRQHandler  main.o
    0x00001e24   0x00001e24   0x000000c8   Code   RO            5    i.UART_led_control  main.o
    0x00001eec   0x00001eec   0x0000001c   Code   RO          361    i.__ARM_common_switch8  rtx_config.o
    0x00001f08   0x00001f08   0x00000018   Code   RO            6    i.__NVIC_ClearPendingIRQ  main.o
    0x00001f20   0x00001f20   0x00000078   Code   RO            7    i.__NVIC_SetPriority  main.o
    0x00001f98   0x00001f98   0x0000000e   Code   RO          987    i.__scatterload_copy  mc_p.l(handlers.o)
    0x00001fa6   0x00001fa6   0x0000000e   Code   RO          989    i.__scatterload_zeroinit  mc_p.l(handlers.o)
    0x00001fb4   0x00001fb4   0x0000001c   Code   RO          205    i.calculateCnvValue  buzzer.o
    0x00001fd0   0x00001fd0   0x0000001c   Code   RO          206    i.calculateModValue  buzzer.o
    0x00001fec   0x00001fec   0x0000002c   Code   RO          207    i.changeFrequency   buzzer.o
    0x00002018   0x00002018   0x000000c0   Code   RO          208    i.endBuzzer         buzzer.o
    0x000020d8   0x000020d8   0x00000018   Code   RO            9    i.forwardLeft       main.o
    0x000020f0   0x000020f0   0x0000001c   Code   RO           10    i.forwardRight      main.o
    0x0000210c   0x0000210c   0x000001ec   Code   RO          261    i.initGPIOLED       colorhandler.o
    0x000022f8   0x000022f8   0x00000148   Code   RO           11    i.initPWM           main.o
    0x00002440   0x00002440   0x00000118   Code   RO           12    i.main              main.o
    0x00002558   0x00002558   0x0000003c   Code   RO           13    i.motorMovingFlagsSet  main.o
    0x00002594   0x00002594   0x0000003c   Code   RO           14    i.motorStopFlagsSet  main.o
    0x000025d0   0x000025d0   0x00000018   Code   RO           15    i.moveBackward      main.o
    0x000025e8   0x000025e8   0x00000018   Code   RO           16    i.moveForward       main.o
    0x00002600   0x00002600   0x00000018   Code   RO           17    i.movingBuzzer      main.o
    0x00002618   0x00002618   0x0000001c   Code   RO           18    i.movingGreenLED    main.o
    0x00002634   0x00002634   0x0000001c   Code   RO           19    i.movingRedLED      main.o
    0x00002650   0x00002650   0x00000020   Code   RO          340    i.osRtxErrorNotify  rtx_config.o
    0x00002670   0x00002670   0x0000001c   Code   RO           20    i.rotateLeft        main.o
    0x0000268c   0x0000268c   0x0000001c   Code   RO           21    i.rotateRight       main.o
    0x000026a8   0x000026a8   0x000000dc   Code   RO          210    i.runningBuzzer     buzzer.o
    0x00002784   0x00002784   0x00000034   Code   RO          262    i.startFastFlashRed  colorhandler.o
    0x000027b8   0x000027b8   0x00000068   Code   RO          263    i.startMovingGreen  colorhandler.o
    0x00002820   0x00002820   0x00000038   Code   RO          264    i.startSlowFlashRed  colorhandler.o
    0x00002858   0x00002858   0x00000014   Code   RO          265    i.startStationGreen  colorhandler.o
    0x0000286c   0x0000286c   0x0000001c   Code   RO           22    i.stationGreenLED   main.o
    0x00002888   0x00002888   0x0000001c   Code   RO           23    i.stationRedLED     main.o
    0x000028a4   0x000028a4   0x00000018   Code   RO           24    i.stopBuzzer        main.o
    0x000028bc   0x000028bc   0x00000014   Code   RO           25    i.stopMotors        main.o
    0x000028d0   0x000028d0   0x00000064   Data   RO          310    .constdata          rtx_lib.o
    0x00002934   0x00002934   0x000000a0   Data   RO          312    .rodata             rtx_lib.o
    0x000029d4   0x000029d4   0x0000000b   Data   RO          467    .rodata.str1.4      RTX_CM0.lib(rtx_kernel.o)
    0x000029df   0x000029df   0x00000001   PAD
    0x000029e0   0x000029e0   0x00000020   Data   RO          985    Region$$Table       anon$$obj.o


    Execution Region ER_RW (Exec base: 0x1ffff000, Load base: 0x00002a00, Size: 0x0000142c, Max: 0xffffffff, ABSOLUTE, COMPRESSED[0x00000040])

    Exec Addr    Load Addr    Size         Type   Attr      Idx    E Section Name        Object

    0x1ffff000   COMPRESSED   0x00001040   Data   RW          305    .bss.os             rtx_lib.o
    0x20000040   COMPRESSED   0x00000034   Data   RW          306    .bss.os.msgqueue.cb  rtx_lib.o
    0x20000074   COMPRESSED   0x00000050   Data   RW          307    .bss.os.msgqueue.mem  rtx_lib.o
    0x200000c4   COMPRESSED   0x00000088   Data   RW          308    .bss.os.thread.cb   rtx_lib.o
    0x2000014c   COMPRESSED   0x00000004   PAD
    0x20000150   COMPRESSED   0x00000200   Data   RW          309    .bss.os.thread.stack  rtx_lib.o
    0x20000350   COMPRESSED   0x0000002c   Data   RW           26    .data               main.o
    0x2000037c   COMPRESSED   0x00000008   Data   RW          211    .data               buzzer.o
    0x20000384   COMPRESSED   0x00000004   Data   RW          384    .data               system_mkl25z4.o
    0x20000388   COMPRESSED   0x000000a4   Data   RW          468    .data.os            RTX_CM0.lib(rtx_kernel.o)


    Execution Region ER_ZI (Exec base: 0x2000042c, Load base: 0x00002a40, Size: 0x00000104, Max: 0xffffffff, ABSOLUTE)

    Exec Addr    Load Addr    Size         Type   Attr      Idx    E Section Name        Object

    0x2000042c        -       0x00000001   Zero   RW          890    .bss.PendST         RTX_CM0.lib(os_systick.o)
    0x2000042d   0x00002a40   0x00000003   PAD
    0x20000430        -       0x00000100   Zero   RW          370    STACK               startup_mkl25z4.o


==============================================================================

Image component sizes


      Code (inc. data)   RO Data    RW Data    ZI Data      Debug   Object Name

       512         42          0          8          0       2466   buzzer.o
       724         52          0          0          0       2177   colorhandler.o
      1624        238          0         44          0     238093   main.o
        64          8          0          0          0       1001   rtx_config.o
         0          0        260       4940          0       9178   rtx_lib.o
        56         30        192          0        256        828   startup_mkl25z4.o
       412         42          0          4          0       1455   system_mkl25z4.o

    ----------------------------------------------------------------------
      3392        412        484       5000        256     255198   Object Totals
         0          0         32          0          0          0   (incl. Generated)
         0          0          0          4          0          0   (incl. Padding)

    ----------------------------------------------------------------------

      Code (inc. data)   RO Data    RW Data    ZI Data      Debug   Library Member Name

       164          8          0          0          0        496   irq_cm0.o
       138         32          0          0          1       2766   os_systick.o
        58          4          0          0          0       2753   rtx_delay.o
       740         28          0          0          0      12348   rtx_evflags.o
       538         36         11        164          0      16105   rtx_kernel.o
       252          0          0          0          0       2564   rtx_memory.o
       166          0          0          0          0      14282   rtx_mempool.o
      1568         44          0          0          0      17889   rtx_msgqueue.o
        68          0          0          0          0       9201   rtx_mutex.o
       558         28          0          0          0      10054   rtx_semaphore.o
       352         26          0          0          0       4635   rtx_system.o
      1726        100          0          0          0      30867   rtx_thread.o
       232         20          0          0          0      10018   rtx_timer.o
        58          0          0          0          0          0   __dczerorl.o
         0          0          0          0          0          0   entry.o
         0          0          0          0          0          0   entry10a.o
         0          0          0          0          0          0   entry11a.o
         8          4          0          0          0          0   entry2.o
         4          0          0          0          0          0   entry5.o
         0          0          0          0          0          0   entry7b.o
         0          0          0          0          0          0   entry8b.o
         8          4          0          0          0          0   entry9a.o
        30          0          0          0          0          0   handlers.o
        40          0          0          0          0         72   idiv.o
        36          8          0          0          0         68   init.o
        36          0          0          0          0         60   memcpya.o
        36          0          0          0          0        100   memseta.o
        44          0          0          0          0         72   uidiv.o

    ----------------------------------------------------------------------
      6864        342         12        164          4     134350   Library Totals
         4          0          1          0          3          0   (incl. Padding)

    ----------------------------------------------------------------------

      Code (inc. data)   RO Data    RW Data    ZI Data      Debug   Library Name

      6560        326         11        164          1     133978   RTX_CM0.lib
       300         16          0          0          0        372   mc_p.l

    ----------------------------------------------------------------------
      6864        342         12        164          4     134350   Library Totals

    ----------------------------------------------------------------------

==============================================================================


      Code (inc. data)   RO Data    RW Data    ZI Data      Debug   

     10256        754        496       5164        260     387916   Grand Totals
     10256        754        496         64        260     387916   ELF Image Totals (compressed)
     10256        754        496         64          0          0   ROM Totals

==============================================================================

    Total RO  Size (Code + RO Data)                10752 (  10.50kB)
    Total RW  Size (RW Data + ZI Data)              5424 (   5.30kB)
    Total ROM Size (Code + RO Data + RW Data)      10816 (  10.56kB)

==============================================================================

