Component: Arm Compiler for Embedded 6.19 Tool: armlink [5e73cb00]

==============================================================================

Section Cross References

    main.o(.text.motorMovingFlagsSet) refers to rtx_evflags.o(.text.osEventFlagsSet) for osEventFlagsSet
    main.o(.text.motorMovingFlagsSet) refers to rtx_evflags.o(.text.osEventFlagsClear) for osEventFlagsClear
    main.o(.text.motorMovingFlagsSet) refers to main.o(.bss.movingGreenFlag) for movingGreenFlag
    main.o(.text.motorMovingFlagsSet) refers to main.o(.bss.movingRedFlag) for movingRedFlag
    main.o(.text.motorMovingFlagsSet) refers to main.o(.bss.stationGreenFlag) for stationGreenFlag
    main.o(.text.motorMovingFlagsSet) refers to main.o(.bss.stationRedFlag) for stationRedFlag
    main.o(.ARM.exidx.text.motorMovingFlagsSet) refers to main.o(.text.motorMovingFlagsSet) for [Anonymous Symbol]
    main.o(.text.motorStopFlagsSet) refers to rtx_evflags.o(.text.osEventFlagsSet) for osEventFlagsSet
    main.o(.text.motorStopFlagsSet) refers to rtx_evflags.o(.text.osEventFlagsClear) for osEventFlagsClear
    main.o(.text.motorStopFlagsSet) refers to main.o(.bss.stationGreenFlag) for stationGreenFlag
    main.o(.text.motorStopFlagsSet) refers to main.o(.bss.stationRedFlag) for stationRedFlag
    main.o(.text.motorStopFlagsSet) refers to main.o(.bss.movingGreenFlag) for movingGreenFlag
    main.o(.text.motorStopFlagsSet) refers to main.o(.bss.movingRedFlag) for movingRedFlag
    main.o(.ARM.exidx.text.motorStopFlagsSet) refers to main.o(.text.motorStopFlagsSet) for [Anonymous Symbol]
    main.o(.text.motorThread) refers to motor_control.o(.text.moveForward) for moveForward
    main.o(.text.motorThread) refers to rtx_evflags.o(.text.osEventFlagsSet) for osEventFlagsSet
    main.o(.text.motorThread) refers to rtx_evflags.o(.text.osEventFlagsClear) for osEventFlagsClear
    main.o(.text.motorThread) refers to rtx_delay.o(.text.osDelay) for osDelay
    main.o(.text.motorThread) refers to motor_control.o(.text.stopMotors) for stopMotors
    main.o(.text.motorThread) refers to main.o(.bss.movingGreenFlag) for movingGreenFlag
    main.o(.text.motorThread) refers to main.o(.bss.movingRedFlag) for movingRedFlag
    main.o(.text.motorThread) refers to main.o(.bss.stationGreenFlag) for stationGreenFlag
    main.o(.text.motorThread) refers to main.o(.bss.stationRedFlag) for stationRedFlag
    main.o(.ARM.exidx.text.motorThread) refers to main.o(.text.motorThread) for [Anonymous Symbol]
    main.o(.text.movingGreenLED) refers to rtx_evflags.o(.text.osEventFlagsWait) for osEventFlagsWait
    main.o(.text.movingGreenLED) refers to colorhandler.o(.text.startMovingGreen) for startMovingGreen
    main.o(.text.movingGreenLED) refers to main.o(.bss.movingGreenFlag) for movingGreenFlag
    main.o(.ARM.exidx.text.movingGreenLED) refers to main.o(.text.movingGreenLED) for [Anonymous Symbol]
    main.o(.text.stationGreenLED) refers to rtx_evflags.o(.text.osEventFlagsWait) for osEventFlagsWait
    main.o(.text.stationGreenLED) refers to colorhandler.o(.text.startStationGreen) for startStationGreen
    main.o(.text.stationGreenLED) refers to main.o(.bss.stationGreenFlag) for stationGreenFlag
    main.o(.ARM.exidx.text.stationGreenLED) refers to main.o(.text.stationGreenLED) for [Anonymous Symbol]
    main.o(.text.movingRedLED) refers to rtx_evflags.o(.text.osEventFlagsWait) for osEventFlagsWait
    main.o(.text.movingRedLED) refers to colorhandler.o(.text.startSlowFlashRed) for startSlowFlashRed
    main.o(.text.movingRedLED) refers to main.o(.bss.movingRedFlag) for movingRedFlag
    main.o(.ARM.exidx.text.movingRedLED) refers to main.o(.text.movingRedLED) for [Anonymous Symbol]
    main.o(.text.stationRedLED) refers to rtx_evflags.o(.text.osEventFlagsWait) for osEventFlagsWait
    main.o(.text.stationRedLED) refers to colorhandler.o(.text.startFastFlashRed) for startFastFlashRed
    main.o(.text.stationRedLED) refers to main.o(.bss.stationRedFlag) for stationRedFlag
    main.o(.ARM.exidx.text.stationRedLED) refers to main.o(.text.stationRedLED) for [Anonymous Symbol]
    main.o(.text.main) refers to system_mkl25z4.o(.text.SystemCoreClockUpdate) for SystemCoreClockUpdate
    main.o(.text.main) refers to pwm.o(.text.initPWM) for initPWM
    main.o(.text.main) refers to colorhandler.o(.text.initGPIOLED) for initGPIOLED
    main.o(.text.main) refers to buzzer.o(.text.initBuzzerPWM) for initBuzzerPWM
    main.o(.text.main) refers to rtx_kernel.o(.text.osKernelInitialize) for osKernelInitialize
    main.o(.text.main) refers to rtx_evflags.o(.text.osEventFlagsNew) for osEventFlagsNew
    main.o(.text.main) refers to rtx_thread.o(.text.osThreadNew) for osThreadNew
    main.o(.text.main) refers to rtx_kernel.o(.text.osKernelStart) for osKernelStart
    main.o(.text.main) refers to main.o(.bss.movingGreenFlag) for movingGreenFlag
    main.o(.text.main) refers to main.o(.bss.movingRedFlag) for movingRedFlag
[...]
    Removing system_mkl25z4.o(.ARM.exidx.text.SystemCoreClockUpdate), (8 bytes).
    Removing rtx_kernel.o(.text), (0 bytes).
    Removing rtx_kernel.o(.ARM.exidx.text.osRtxKernelPreInit), (8 bytes).
    Removing rtx_kernel.o(.ARM.exidx.text.osKernelInitialize), (8 bytes).
    Removing rtx_kernel.o(.text.osKernelGetInfo), (44 bytes).
    Removing rtx_kernel.o(.ARM.exidx.text.osKernelGetInfo), (8 bytes).
    Removing rtx_kernel.o(.text.svcRtxKernelGetInfo), (56 bytes).
    Removing rtx_kernel.o(.ARM.exidx.text.svcRtxKernelGetInfo), (8 bytes).
    Removing rtx_kernel.o(.text.osKernelGetState), (48 bytes).
    Removing rtx_kernel.o(.ARM.exidx.text.osKernelGetState), (8 bytes).
    Removing rtx_kernel.o(.text.svcRtxKernelGetState), (12 bytes).
    Removing rtx_kernel.o(.ARM.exidx.text.svcRtxKernelGetState), (8 bytes).
    Removing rtx_kernel.o(.ARM.exidx.text.osKernelStart), (8 bytes).
    Removing rtx_kernel.o(.text.osKernelLock), (36 bytes).
    Removing rtx_kernel.o(.ARM.exidx.text.osKernelLock), (8 bytes).
    Removing rtx_kernel.o(.text.osKernelUnlock), (36 bytes).
    Removing rtx_kernel.o(.ARM.exidx.text.osKernelUnlock), (8 bytes).
    Removing rtx_kernel.o(.text.osKernelRestoreLock), (40 bytes).
    Removing rtx_kernel.o(.ARM.exidx.text.osKernelRestoreLock), (8 bytes).
    Removing rtx_kernel.o(.text.osKernelSuspend), (32 bytes).
    Removing rtx_kernel.o(.ARM.exidx.text.osKernelSuspend), (8 bytes).
    Removing rtx_kernel.o(.text.osKernelResume), (32 bytes).
    Removing rtx_kernel.o(.ARM.exidx.text.osKernelResume), (8 bytes).
    Removing rtx_kernel.o(.text.osKernelGetTickCount), (40 bytes).
    Removing rtx_kernel.o(.ARM.exidx.text.osKernelGetTickCount), (8 bytes).
    Removing rtx_kernel.o(.text.svcRtxKernelGetTickCount), (12 bytes).
    Removing rtx_kernel.o(.ARM.exidx.text.svcRtxKernelGetTickCount), (8 bytes).
    Removing rtx_kernel.o(.text.osKernelGetTickFreq), (40 bytes).
    Removing rtx_kernel.o(.ARM.exidx.text.osKernelGetTickFreq), (8 bytes).
    Removing rtx_kernel.o(.text.svcRtxKernelGetTickFreq), (12 bytes).
    Removing rtx_kernel.o(.ARM.exidx.text.svcRtxKernelGetTickFreq), (8 bytes).
    Removing rtx_kernel.o(.text.osKernelGetSysTimerCount), (36 bytes).
    Removing rtx_kernel.o(.ARM.exidx.text.osKernelGetSysTimerCount), (8 bytes).
    Removing rtx_kernel.o(.text.svcRtxKernelGetSysTimerCount), (44 bytes).
    Removing rtx_kernel.o(.ARM.exidx.text.svcRtxKernelGetSysTimerCount), (8 bytes).
    Removing rtx_kernel.o(.text.osKernelGetSysTimerFreq), (36 bytes).
    Removing rtx_kernel.o(.ARM.exidx.text.osKernelGetSysTimerFreq), (8 bytes).
    Removing rtx_kernel.o(.text.svcRtxKernelGetSysTimerFreq), (8 bytes).
    Removing rtx_kernel.o(.ARM.exidx.text.svcRtxKernelGetSysTimerFreq), (8 bytes).
    Removing rtx_kernel.o(.ARM.exidx.text.svcRtxKernelInitialize), (8 bytes).
    Removing rtx_kernel.o(.ARM.exidx.text.svcRtxKernelStart), (8 bytes).
    Removing rtx_kernel.o(.text.svcRtxKernelLock), (36 bytes).
    Removing rtx_kernel.o(.ARM.exidx.text.svcRtxKernelLock), (8 bytes).
    Removing rtx_kernel.o(.text.svcRtxKernelUnlock), (36 bytes).
    Removing rtx_kernel.o(.ARM.exidx.text.svcRtxKernelUnlock), (8 bytes).
    Removing rtx_kernel.o(.text.svcRtxKernelRestoreLock), (48 bytes).
    Removing rtx_kernel.o(.ARM.exidx.text.svcRtxKernelRestoreLock), (8 bytes).
    Removing rtx_kernel.o(.text.svcRtxKernelSuspend), (84 bytes).
    Removing rtx_kernel.o(.ARM.exidx.text.svcRtxKernelSuspend), (8 bytes).
    Removing rtx_kernel.o(.text.svcRtxKernelResume), (136 bytes).
    Removing rtx_kernel.o(.ARM.exidx.text.svcRtxKernelResume), (8 bytes).
    Removing rtx_thread.o(.text), (0 bytes).
    Removing rtx_thread.o(.ARM.exidx.text.osRtxThreadListPut), (8 bytes).
    Removing rtx_thread.o(.ARM.exidx.text.osRtxThreadListGet), (8 bytes).
    Removing rtx_thread.o(.text.osRtxThreadListSort), (38 bytes).
    Removing rtx_thread.o(.ARM.exidx.text.osRtxThreadListSort), (8 bytes).
    Removing rtx_thread.o(.ARM.exidx.text.osRtxThreadListRemove), (8 bytes).
    Removing rtx_thread.o(.ARM.exidx.text.osRtxThreadReadyPut), (8 bytes).
    Removing rtx_thread.o(.ARM.exidx.text.osRtxThreadDelayTick), (8 bytes).
    Removing rtx_thread.o(.ARM.exidx.text.osRtxThreadRegPtr), (8 bytes).
    Removing rtx_thread.o(.ARM.exidx.text.osRtxThreadSwitch), (8 bytes).
    Removing rtx_thread.o(.ARM.exidx.text.osRtxThreadStackCheck), (8 bytes).
    Removing rtx_thread.o(.ARM.exidx.text.osRtxThreadDispatch), (8 bytes).
    Removing rtx_thread.o(.ARM.exidx.text.osRtxThreadBlock), (8 bytes).
    Removing rtx_thread.o(.ARM.exidx.text.osRtxThreadWaitExit), (8 bytes).
    Removing rtx_thread.o(.ARM.exidx.text.osRtxThreadDelayRemove), (8 bytes).
    Removing rtx_thread.o(.ARM.exidx.text.osRtxThreadWaitEnter), (8 bytes).
    Removing rtx_thread.o(.ARM.exidx.text.osRtxThreadDelayInsert), (8 bytes).
    Removing rtx_thread.o(.ARM.exidx.text.osRtxThreadStartup), (8 bytes).
    Removing rtx_thread.o(.ARM.exidx.text.svcRtxThreadNew), (8 bytes).
    Removing rtx_thread.o(.ARM.exidx.text.osThreadNew), (8 bytes).
    Removing rtx_thread.o(.text.osThreadGetName), (36 bytes).
    Removing rtx_thread.o(.ARM.exidx.text.osThreadGetName), (8 bytes).
    Removing rtx_thread.o(.text.osThreadGetId), (40 bytes).
    Removing rtx_thread.o(.ARM.exidx.text.osThreadGetId), (8 bytes).
    Removing rtx_thread.o(.text.svcRtxThreadGetId), (12 bytes).
    Removing rtx_thread.o(.ARM.exidx.text.svcRtxThreadGetId), (8 bytes).
    Removing rtx_thread.o(.text.osThreadGetState), (40 bytes).
    Removing rtx_thread.o(.ARM.exidx.text.osThreadGetState), (8 bytes).
    Removing rtx_thread.o(.text.osThreadGetStackSize), (36 bytes).
    Removing rtx_thread.o(.ARM.exidx.text.osThreadGetStackSize), (8 bytes).
    Removing rtx_thread.o(.text.osThreadGetStackSpace), (36 bytes).
    Removing rtx_thread.o(.ARM.exidx.text.osThreadGetStackSpace), (8 bytes).
    Removing rtx_thread.o(.text.osThreadSetPriority), (40 bytes).
    Removing rtx_thread.o(.ARM.exidx.text.osThreadSetPriority), (8 bytes).
    Removing rtx_thread.o(.text.osThreadGetPriority), (40 bytes).
    Removing rtx_thread.o(.ARM.exidx.text.osThreadGetPriority), (8 bytes).
    Removing rtx_thread.o(.text.osThreadYield), (36 bytes).
    Removing rtx_thread.o(.ARM.exidx.text.osThreadYield), (8 bytes).
    Removing rtx_thread.o(.text.osThreadSuspend), (40 bytes).
    Removing rtx_thread.o(.ARM.exidx.text.osThreadSuspend), (8 bytes).
    Removing rtx_thread.o(.text.osThreadResume), (40 bytes).
    Removing rtx_thread.o(.ARM.exidx.text.osThreadResume), (8 bytes).
    Removing rtx_thread.o(.text.osThreadDetach), (40 bytes).
    Removing rtx_thread.o(.ARM.exidx.text.osThreadDetach), (8 bytes).
    Removing rtx_thread.o(.text.osThreadJoin), (40 bytes).
    Removing rtx_thread.o(.ARM.exidx.text.osThreadJoin), (8 bytes).
    Removing rtx_thread.o(.ARM.exidx.text.osThreadExit), (8 bytes).
    Removing rtx_thread.o(.text.osThreadTerminate), (40 bytes).
    Removing rtx_thread.o(.ARM.exidx.text.osThreadTerminate), (8 bytes).
    Removing rtx_thread.o(.text.osThreadGetCount), (32 bytes).
    Removing rtx_thread.o(.ARM.exidx.text.osThreadGetCount), (8 bytes).
    Removing rtx_thread.o(.text.osThreadEnumerate), (36 bytes).
    Removing rtx_thread.o(.ARM.exidx.text.osThreadEnumerate), (8 bytes).
    Removing rtx_thread.o(.text.osThreadFlagsSet), (88 bytes).
    Removing rtx_thread.o(.ARM.exidx.text.osThreadFlagsSet), (8 bytes).
    Removing rtx_thread.o(.text.osThreadFlagsClear), (40 bytes).
    Removing rtx_thread.o(.ARM.exidx.text.osThreadFlagsClear), (8 bytes).
    Removing rtx_thread.o(.text.osThreadFlagsGet), (32 bytes).
    Removing rtx_thread.o(.ARM.exidx.text.osThreadFlagsGet), (8 bytes).
    Removing rtx_thread.o(.text.osThreadFlagsWait), (40 bytes).
    Removing rtx_thread.o(.ARM.exidx.text.osThreadFlagsWait), (8 bytes).
    Removing rtx_thread.o(.ARM.exidx.text.osRtxThreadPostProcess), (8 bytes).
    Removing rtx_thread.o(.ARM.exidx.text.ThreadFlagsCheck), (8 bytes).
    Removing rtx_thread.o(.text.svcRtxThreadGetName), (18 bytes).
    Removing rtx_thread.o(.ARM.exidx.text.svcRtxThreadGetName), (8 bytes).
    Removing rtx_thread.o(.text.svcRtxThreadGetState), (24 bytes).
    Removing rtx_thread.o(.ARM.exidx.text.svcRtxThreadGetState), (8 bytes).
    Removing rtx_thread.o(.text.svcRtxThreadGetStackSize), (18 bytes).
    Removing rtx_thread.o(.ARM.exidx.text.svcRtxThreadGetStackSize), (8 bytes).
    Removing rtx_thread.o(.text.svcRtxThreadGetStackSpace), (68 bytes).
    Removing rtx_thread.o(.ARM.exidx.text.svcRtxThreadGetStackSpace), (8 bytes).
    Removing rtx_thread.o(.text.svcRtxThreadSetPriority), (72 bytes).
    Removing rtx_thread.o(.ARM.exidx.text.svcRtxThreadSetPriority), (8 bytes).
    Removing rtx_thread.o(.text.svcRtxThreadGetPriority), (28 bytes).
    Removing rtx_thread.o(.ARM.exidx.text.svcRtxThreadGetPriority), (8 bytes).
    Removing rtx_thread.o(.text.svcRtxThreadYield), (56 bytes).
    Removing rtx_thread.o(.ARM.exidx.text.svcRtxThreadYield), (8 bytes).
    Removing rtx_thread.o(.text.svcRtxThreadSuspend), (136 bytes).
    Removing rtx_thread.o(.ARM.exidx.text.svcRtxThreadSuspend), (8 bytes).
    Removing rtx_thread.o(.text.svcRtxThreadResume), (54 bytes).
    Removing rtx_thread.o(.ARM.exidx.text.svcRtxThreadResume), (8 bytes).
    Removing rtx_thread.o(.text.svcRtxThreadDetach), (58 bytes).
    Removing rtx_thread.o(.ARM.exidx.text.svcRtxThreadDetach), (8 bytes).
    Removing rtx_thread.o(.text.osRtxThreadListUnlink), (36 bytes).
    Removing rtx_thread.o(.ARM.exidx.text.osRtxThreadListUnlink), (8 bytes).
    Removing rtx_thread.o(.ARM.exidx.text.osRtxThreadFree), (8 bytes).
    Removing rtx_thread.o(.text.svcRtxThreadJoin), (92 bytes).
    Removing rtx_thread.o(.ARM.exidx.text.svcRtxThreadJoin), (8 bytes).
    Removing rtx_thread.o(.ARM.exidx.text.svcRtxThreadExit), (8 bytes).
    Removing rtx_thread.o(.text.svcRtxThreadTerminate), (188 bytes).
    Removing rtx_thread.o(.ARM.exidx.text.svcRtxThreadTerminate), (8 bytes).
    Removing rtx_thread.o(.text.svcRtxThreadGetCount), (56 bytes).
    Removing rtx_thread.o(.ARM.exidx.text.svcRtxThreadGetCount), (8 bytes).
    Removing rtx_thread.o(.text.svcRtxThreadEnumerate), (96 bytes).
    Removing rtx_thread.o(.ARM.exidx.text.svcRtxThreadEnumerate), (8 bytes).
    Removing rtx_thread.o(.text.svcRtxThreadFlagsSet), (108 bytes).
    Removing rtx_thread.o(.ARM.exidx.text.svcRtxThreadFlagsSet), (8 bytes).
    Removing rtx_thread.o(.text.svcRtxThreadFlagsClear), (56 bytes).
    Removing rtx_thread.o(.ARM.exidx.text.svcRtxThreadFlagsClear), (8 bytes).
    Removing rtx_thread.o(.text.svcRtxThreadFlagsGet), (20 bytes).
    Removing rtx_thread.o(.ARM.exidx.text.svcRtxThreadFlagsGet), (8 bytes).
    Removing rtx_thread.o(.text.svcRtxThreadFlagsWait), (80 bytes).
    Removing rtx_thread.o(.ARM.exidx.text.svcRtxThreadFlagsWait), (8 bytes).
    Removing rtx_delay.o(.text), (0 bytes).
    Removing rtx_delay.o(.ARM.exidx.text.osDelay), (8 bytes).
    Removing rtx_delay.o(.text.osDelayUntil), (40 bytes).
    Removing rtx_delay.o(.ARM.exidx.text.osDelayUntil), (8 bytes).
    Removing rtx_delay.o(.ARM.exidx.text.svcRtxDelay), (8 bytes).
    Removing rtx_delay.o(.text.svcRtxDelayUntil), (32 bytes).
    Removing rtx_delay.o(.ARM.exidx.text.svcRtxDelayUntil), (8 bytes).
    Removing rtx_evflags.o(.text), (0 bytes).
    Removing rtx_evflags.o(.ARM.exidx.text.osEventFlagsNew), (8 bytes).
    Removing rtx_evflags.o(.text.osEventFlagsGetName), (36 bytes).
    Removing rtx_evflags.o(.ARM.exidx.text.osEventFlagsGetName), (8 bytes).
    Removing rtx_evflags.o(.ARM.exidx.text.osEventFlagsSet), (8 bytes).
    Removing rtx_evflags.o(.ARM.exidx.text.osEventFlagsClear), (8 bytes).
    Removing rtx_evflags.o(.ARM.exidx.text.svcRtxEventFlagsClear), (8 bytes).
    Removing rtx_evflags.o(.text.osEventFlagsGet), (48 bytes).
    Removing rtx_evflags.o(.ARM.exidx.text.osEventFlagsGet), (8 bytes).
    Removing rtx_evflags.o(.text.svcRtxEventFlagsGet), (18 bytes).
    Removing rtx_evflags.o(.ARM.exidx.text.svcRtxEventFlagsGet), (8 bytes).
    Removing rtx_evflags.o(.ARM.exidx.text.osEventFlagsWait), (8 bytes).
    Removing rtx_evflags.o(.text.osEventFlagsDelete), (40 bytes).
    Removing rtx_evflags.o(.ARM.exidx.text.osEventFlagsDelete), (8 bytes).
    Removing rtx_evflags.o(.ARM.exidx.text.svcRtxEventFlagsNew), (8 bytes).
    Removing rtx_evflags.o(.ARM.exidx.text.osRtxEventFlagsPostProcess), (8 bytes).
    Removing rtx_evflags.o(.ARM.exidx.text.EventFlagsCheck), (8 bytes).
    Removing rtx_evflags.o(.text.svcRtxEventFlagsGetName), (18 bytes).
    Removing rtx_evflags.o(.ARM.exidx.text.svcRtxEventFlagsGetName), (8 bytes).
    Removing rtx_evflags.o(.ARM.exidx.text.svcRtxEventFlagsSet), (8 bytes).
    Removing rtx_evflags.o(.ARM.exidx.text.svcRtxEventFlagsWait), (8 bytes).
    Removing rtx_evflags.o(.text.svcRtxEventFlagsDelete), (96 bytes).
    Removing rtx_evflags.o(.ARM.exidx.text.svcRtxEventFlagsDelete), (8 bytes).
    Removing irq_cm0.o(.constdata), (1 bytes).
    Removing rtx_timer.o(.text), (0 bytes).
    Removing rtx_timer.o(.ARM.exidx.text.osRtxTimerThread), (8 bytes).
    Removing rtx_timer.o(.ARM.exidx.text.osRtxTimerTick), (8 bytes).
    Removing rtx_timer.o(.text.osTimerNew), (36 bytes).
    Removing rtx_timer.o(.ARM.exidx.text.osTimerNew), (8 bytes).
    Removing rtx_timer.o(.text.osTimerGetName), (36 bytes).
    Removing rtx_timer.o(.ARM.exidx.text.osTimerGetName), (8 bytes).
    Removing rtx_timer.o(.text.osTimerStart), (40 bytes).
    Removing rtx_timer.o(.ARM.exidx.text.osTimerStart), (8 bytes).
    Removing rtx_timer.o(.text.osTimerStop), (40 bytes).
    Removing rtx_timer.o(.ARM.exidx.text.osTimerStop), (8 bytes).
    Removing rtx_timer.o(.text.osTimerIsRunning), (36 bytes).
    Removing rtx_timer.o(.ARM.exidx.text.osTimerIsRunning), (8 bytes).
    Removing rtx_timer.o(.text.osTimerDelete), (40 bytes).
    Removing rtx_timer.o(.ARM.exidx.text.osTimerDelete), (8 bytes).
    Removing rtx_timer.o(.ARM.exidx.text.TimerInsert), (8 bytes).
    Removing rtx_timer.o(.text.svcRtxTimerNew), (132 bytes).
    Removing rtx_timer.o(.ARM.exidx.text.svcRtxTimerNew), (8 bytes).
    Removing rtx_timer.o(.text.svcRtxTimerGetName), (18 bytes).
    Removing rtx_timer.o(.ARM.exidx.text.svcRtxTimerGetName), (8 bytes).
    Removing rtx_timer.o(.text.svcRtxTimerStart), (72 bytes).
    Removing rtx_timer.o(.ARM.exidx.text.svcRtxTimerStart), (8 bytes).
    Removing rtx_timer.o(.text.TimerRemove), (40 bytes).
    Removing rtx_timer.o(.ARM.exidx.text.TimerRemove), (8 bytes).
    Removing rtx_timer.o(.text.svcRtxTimerStop), (42 bytes).
    Removing rtx_timer.o(.ARM.exidx.text.svcRtxTimerStop), (8 bytes).
    Removing rtx_timer.o(.text.svcRtxTimerIsRunning), (24 bytes).
    Removing rtx_timer.o(.ARM.exidx.text.svcRtxTimerIsRunning), (8 bytes).
    Removing rtx_timer.o(.text.svcRtxTimerDelete), (76 bytes).
    Removing rtx_timer.o(.ARM.exidx.text.svcRtxTimerDelete), (8 bytes).
    Removing rtx_mutex.o(.text), (0 bytes).
    Removing rtx_mutex.o(.ARM.exidx.text.osRtxMutexOwnerRelease), (8 bytes).
    Removing rtx_mutex.o(.text.osMutexNew), (36 bytes).
    Removing rtx_mutex.o(.ARM.exidx.text.osMutexNew), (8 bytes).
    Removing rtx_mutex.o(.text.osMutexGetName), (36 bytes).
    Removing rtx_mutex.o(.ARM.exidx.text.osMutexGetName), (8 bytes).
    Removing rtx_mutex.o(.text.osMutexAcquire), (40 bytes).
    Removing rtx_mutex.o(.ARM.exidx.text.osMutexAcquire), (8 bytes).
    Removing rtx_mutex.o(.text.osMutexRelease), (40 bytes).
    Removing rtx_mutex.o(.ARM.exidx.text.osMutexRelease), (8 bytes).
    Removing rtx_mutex.o(.text.osMutexGetOwner), (36 bytes).
    Removing rtx_mutex.o(.ARM.exidx.text.osMutexGetOwner), (8 bytes).
    Removing rtx_mutex.o(.text.osMutexDelete), (40 bytes).
    Removing rtx_mutex.o(.ARM.exidx.text.osMutexDelete), (8 bytes).
    Removing rtx_mutex.o(.text.svcRtxMutexNew), (112 bytes).
    Removing rtx_mutex.o(.ARM.exidx.text.svcRtxMutexNew), (8 bytes).
    Removing rtx_mutex.o(.text.svcRtxMutexGetName), (18 bytes).
    Removing rtx_mutex.o(.ARM.exidx.text.svcRtxMutexGetName), (8 bytes).
    Removing rtx_mutex.o(.text.svcRtxMutexAcquire), (152 bytes).
    Removing rtx_mutex.o(.ARM.exidx.text.svcRtxMutexAcquire), (8 bytes).
    Removing rtx_mutex.o(.text.svcRtxMutexRelease), (192 bytes).
    Removing rtx_mutex.o(.ARM.exidx.text.svcRtxMutexRelease), (8 bytes).
    Removing rtx_mutex.o(.text.svcRtxMutexGetOwner), (24 bytes).
    Removing rtx_mutex.o(.ARM.exidx.text.svcRtxMutexGetOwner), (8 bytes).
    Removing rtx_mutex.o(.text.svcRtxMutexDelete), (188 bytes).
    Removing rtx_mutex.o(.ARM.exidx.text.svcRtxMutexDelete), (8 bytes).
    Removing rtx_memory.o(.text), (0 bytes).
    Removing rtx_memory.o(.ARM.exidx.text.osRtxMemoryInit), (8 bytes).
    Removing rtx_memory.o(.ARM.exidx.text.osRtxMemoryAlloc), (8 bytes).
    Removing rtx_memory.o(.ARM.exidx.text.osRtxMemoryFree), (8 bytes).
    Removing rtx_mempool.o(.text), (0 bytes).
    Removing rtx_mempool.o(.ARM.exidx.text.osRtxMemoryPoolInit), (8 bytes).
    Removing rtx_mempool.o(.ARM.exidx.text.osRtxMemoryPoolAlloc), (8 bytes).
    Removing rtx_mempool.o(.ARM.exidx.text.osRtxMemoryPoolFree), (8 bytes).
    Removing rtx_mempool.o(.text.osMemoryPoolNew), (36 bytes).
    Removing rtx_mempool.o(.ARM.exidx.text.osMemoryPoolNew), (8 bytes).
    Removing rtx_mempool.o(.text.osMemoryPoolGetName), (36 bytes).
    Removing rtx_mempool.o(.ARM.exidx.text.osMemoryPoolGetName), (8 bytes).
    Removing rtx_mempool.o(.text.osMemoryPoolAlloc), (56 bytes).
    Removing rtx_mempool.o(.ARM.exidx.text.osMemoryPoolAlloc), (8 bytes).
    Removing rtx_mempool.o(.text.osMemoryPoolFree), (72 bytes).
    Removing rtx_mempool.o(.ARM.exidx.text.osMemoryPoolFree), (8 bytes).
    Removing rtx_mempool.o(.text.osMemoryPoolGetCapacity), (48 bytes).
    Removing rtx_mempool.o(.ARM.exidx.text.osMemoryPoolGetCapacity), (8 bytes).
    Removing rtx_mempool.o(.text.svcRtxMemoryPoolGetCapacity), (18 bytes).
    Removing rtx_mempool.o(.ARM.exidx.text.svcRtxMemoryPoolGetCapacity), (8 bytes).
    Removing rtx_mempool.o(.text.osMemoryPoolGetBlockSize), (48 bytes).
    Removing rtx_mempool.o(.ARM.exidx.text.osMemoryPoolGetBlockSize), (8 bytes).
    Removing rtx_mempool.o(.text.svcRtxMemoryPoolGetBlockSize), (18 bytes).
    Removing rtx_mempool.o(.ARM.exidx.text.svcRtxMemoryPoolGetBlockSize), (8 bytes).
    Removing rtx_mempool.o(.text.osMemoryPoolGetCount), (48 bytes).
    Removing rtx_mempool.o(.ARM.exidx.text.osMemoryPoolGetCount), (8 bytes).
    Removing rtx_mempool.o(.text.svcRtxMemoryPoolGetCount), (18 bytes).
    Removing rtx_mempool.o(.ARM.exidx.text.svcRtxMemoryPoolGetCount), (8 bytes).
    Removing rtx_mempool.o(.text.osMemoryPoolGetSpace), (36 bytes).
    Removing rtx_mempool.o(.ARM.exidx.text.osMemoryPoolGetSpace), (8 bytes).
    Removing rtx_mempool.o(.text.svcRtxMemoryPoolGetSpace), (22 bytes).
    Removing rtx_mempool.o(.ARM.exidx.text.svcRtxMemoryPoolGetSpace), (8 bytes).
    Removing rtx_mempool.o(.text.osMemoryPoolDelete), (40 bytes).
    Removing rtx_mempool.o(.ARM.exidx.text.osMemoryPoolDelete), (8 bytes).
    Removing rtx_mempool.o(.text.svcRtxMemoryPoolNew), (444 bytes).
    Removing rtx_mempool.o(.ARM.exidx.text.svcRtxMemoryPoolNew), (8 bytes).
    Removing rtx_mempool.o(.text.osRtxMemoryPoolPostProcess), (40 bytes).
    Removing rtx_mempool.o(.ARM.exidx.text.osRtxMemoryPoolPostProcess), (8 bytes).
    Removing rtx_mempool.o(.text.svcRtxMemoryPoolGetName), (18 bytes).
    Removing rtx_mempool.o(.ARM.exidx.text.svcRtxMemoryPoolGetName), (8 bytes).
    Removing rtx_mempool.o(.text.svcRtxMemoryPoolAlloc), (64 bytes).
    Removing rtx_mempool.o(.ARM.exidx.text.svcRtxMemoryPoolAlloc), (8 bytes).
    Removing rtx_mempool.o(.text.svcRtxMemoryPoolFree), (72 bytes).
    Removing rtx_mempool.o(.ARM.exidx.text.svcRtxMemoryPoolFree), (8 bytes).
    Removing rtx_mempool.o(.text.svcRtxMemoryPoolDelete), (112 bytes).
    Removing rtx_mempool.o(.ARM.exidx.text.svcRtxMemoryPoolDelete), (8 bytes).
    Removing rtx_system.o(.text), (0 bytes).
    Removing rtx_system.o(.ARM.exidx.text.osRtxTick_Handler), (8 bytes).
    Removing rtx_system.o(.ARM.exidx.text.osRtxPendSV_Handler), (8 bytes).
    Removing rtx_system.o(.ARM.exidx.text.osRtxPostProcess), (8 bytes).
    Removing os_systick.o(.text), (0 bytes).
    Removing os_systick.o(.ARM.exidx.text.OS_Tick_Setup), (8 bytes).
    Removing os_systick.o(.ARM.exidx.text.OS_Tick_Enable), (8 bytes).
    Removing os_systick.o(.text.OS_Tick_Disable), (40 bytes).
    Removing os_systick.o(.ARM.exidx.text.OS_Tick_Disable), (8 bytes).
    Removing os_systick.o(.ARM.exidx.text.OS_Tick_AcknowledgeIRQ), (8 bytes).
    Removing os_systick.o(.ARM.exidx.text.OS_Tick_GetIRQn), (8 bytes).
    Removing os_systick.o(.text.OS_Tick_GetClock), (12 bytes).
    Removing os_systick.o(.ARM.exidx.text.OS_Tick_GetClock), (8 bytes).
    Removing os_systick.o(.text.OS_Tick_GetInterval), (12 bytes).
    Removing os_systick.o(.ARM.exidx.text.OS_Tick_GetInterval), (8 bytes).
    Removing os_systick.o(.text.OS_Tick_GetCount), (16 bytes).
    Removing os_systick.o(.ARM.exidx.text.OS_Tick_GetCount), (8 bytes).
    Removing os_systick.o(.text.OS_Tick_GetOverflow), (16 bytes).
    Removing os_systick.o(.ARM.exidx.text.OS_Tick_GetOverflow), (8 bytes).
    Removing rtx_msgqueue.o(.text), (0 bytes).
    Removing rtx_msgqueue.o(.ARM.exidx.text.osMessageQueueNew), (8 bytes).
    Removing rtx_msgqueue.o(.text.osMessageQueueGetName), (36 bytes).
    Removing rtx_msgqueue.o(.ARM.exidx.text.osMessageQueueGetName), (8 bytes).
    Removing rtx_msgqueue.o(.ARM.exidx.text.osMessageQueuePut), (8 bytes).
    Removing rtx_msgqueue.o(.ARM.exidx.text.osMessageQueueGet), (8 bytes).
    Removing rtx_msgqueue.o(.text.osMessageQueueGetCapacity), (48 bytes).
    Removing rtx_msgqueue.o(.ARM.exidx.text.osMessageQueueGetCapacity), (8 bytes).
    Removing rtx_msgqueue.o(.text.svcRtxMessageQueueGetCapacity), (18 bytes).
    Removing rtx_msgqueue.o(.ARM.exidx.text.svcRtxMessageQueueGetCapacity), (8 bytes).
    Removing rtx_msgqueue.o(.text.osMessageQueueGetMsgSize), (48 bytes).
    Removing rtx_msgqueue.o(.ARM.exidx.text.osMessageQueueGetMsgSize), (8 bytes).
    Removing rtx_msgqueue.o(.text.svcRtxMessageQueueGetMsgSize), (18 bytes).
    Removing rtx_msgqueue.o(.ARM.exidx.text.svcRtxMessageQueueGetMsgSize), (8 bytes).
    Removing rtx_msgqueue.o(.text.osMessageQueueGetCount), (48 bytes).
    Removing rtx_msgqueue.o(.ARM.exidx.text.osMessageQueueGetCount), (8 bytes).
    Removing rtx_msgqueue.o(.text.svcRtxMessageQueueGetCount), (18 bytes).
    Removing rtx_msgqueue.o(.ARM.exidx.text.svcRtxMessageQueueGetCount), (8 bytes).
    Removing rtx_msgqueue.o(.text.osMessageQueueGetSpace), (36 bytes).
    Removing rtx_msgqueue.o(.ARM.exidx.text.osMessageQueueGetSpace), (8 bytes).
    Removing rtx_msgqueue.o(.text.svcRtxMessageQueueGetSpace), (22 bytes).
    Removing rtx_msgqueue.o(.ARM.exidx.text.svcRtxMessageQueueGetSpace), (8 bytes).
    Removing rtx_msgqueue.o(.text.osMessageQueueReset), (40 bytes).
    Removing rtx_msgqueue.o(.ARM.exidx.text.osMessageQueueReset), (8 bytes).
    Removing rtx_msgqueue.o(.text.osMessageQueueDelete), (40 bytes).
    Removing rtx_msgqueue.o(.ARM.exidx.text.osMessageQueueDelete), (8 bytes).
    Removing rtx_msgqueue.o(.ARM.exidx.text.svcRtxMessageQueueNew), (8 bytes).
    Removing rtx_msgqueue.o(.ARM.exidx.text.osRtxMessageQueuePostProcess), (8 bytes).
    Removing rtx_msgqueue.o(.ARM.exidx.text.MessageQueueRemove), (8 bytes).
    Removing rtx_msgqueue.o(.ARM.exidx.text.MessageQueuePut), (8 bytes).
    Removing rtx_msgqueue.o(.text.svcRtxMessageQueueGetName), (18 bytes).
    Removing rtx_msgqueue.o(.ARM.exidx.text.svcRtxMessageQueueGetName), (8 bytes).
    Removing rtx_msgqueue.o(.ARM.exidx.text.svcRtxMessageQueuePut), (8 bytes).
    Removing rtx_msgqueue.o(.ARM.exidx.text.MessageQueueGet), (8 bytes).
    Removing rtx_msgqueue.o(.ARM.exidx.text.svcRtxMessageQueueGet), (8 bytes).
    Removing rtx_msgqueue.o(.text.svcRtxMessageQueueReset), (162 bytes).
    Removing rtx_msgqueue.o(.ARM.exidx.text.svcRtxMessageQueueReset), (8 bytes).
    Removing rtx_msgqueue.o(.text.svcRtxMessageQueueDelete), (112 bytes).
    Removing rtx_msgqueue.o(.ARM.exidx.text.svcRtxMessageQueueDelete), (8 bytes).

402 unused section(s) (total 9255 bytes) removed from the image.

==============================================================================

Image Symbol Table

    Local Symbols

    Symbol Name                              Value     Ov Type        Size  Object(Section)

    ../clib/division.s                       0x00000000   Number         0  aeabi_sdivfast.o ABSOLUTE
    ../clib/division.s                       0x00000000   Number         0  aeabi_sdivfast_div0.o ABSOLUTE
    ../clib/microlib/division.c              0x00000000   Number         0  uidiv.o ABSOLUTE
    ../clib/microlib/division.c              0x00000000   Number         0  idiv.o ABSOLUTE
    ../clib/microlib/division.c              0x00000000   Number         0  uidiv_div0.o ABSOLUTE
    ../clib/microlib/division.c              0x00000000   Number         0  idiv_div0.o ABSOLUTE
    ../clib/microlib/division.c              0x00000000   Number         0  idiv0.o ABSOLUTE
    ../clib/microlib/init/entry.s            0x00000000   Number         0  entry.o ABSOLUTE
    ../clib/microlib/init/entry.s            0x00000000   Number         0  entry2.o ABSOLUTE
    ../clib/microlib/init/entry.s            0x00000000   Number         0  entry5.o ABSOLUTE
    ../clib/microlib/init/entry.s            0x00000000   Number         0  entry7a.o ABSOLUTE
    ../clib/microlib/init/entry.s            0x00000000   Number         0  entry7b.o ABSOLUTE
    ../clib/microlib/init/entry.s            0x00000000   Number         0  entry8a.o ABSOLUTE
    ../clib/microlib/init/entry.s            0x00000000   Number         0  entry8b.o ABSOLUTE
    ../clib/microlib/init/entry.s            0x00000000   Number         0  entry9a.o ABSOLUTE
    ../clib/microlib/init/entry.s            0x00000000   Number         0  entry9b.o ABSOLUTE
    ../clib/microlib/init/entry.s            0x00000000   Number         0  entry10a.o ABSOLUTE
    ../clib/microlib/init/entry.s            0x00000000   Number         0  entry10b.o ABSOLUTE
    ../clib/microlib/init/entry.s            0x00000000   Number         0  entry11a.o ABSOLUTE
    ../clib/microlib/init/entry.s            0x00000000   Number         0  entry11b.o ABSOLUTE
    ../clib/microlib/string/memcpy.c         0x00000000   Number         0  memcpya.o ABSOLUTE
    ../clib/microlib/string/memcpy.c         0x00000000   Number         0  memcpyb.o ABSOLUTE
    ../clib/microlib/string/memset.c         0x00000000   Number         0  memseta.o ABSOLUTE
    ..\..\..\Source\ARM\irq_cm0.s            0x00000000   Number         0  irq_cm0.o ABSOLUTE
    RTE/Device/MKL25Z128xxx4/startup_MKL25Z4.s 0x00000000   Number         0  startup_mkl25z4.o ABSOLUTE
    RTX_Config.c                             0x00000000   Number         0  rtx_config.o ABSOLUTE
    buzzer.c                                 0x00000000   Number         0  buzzer.o ABSOLUTE
    colorHandler.c                           0x00000000   Number         0  colorhandler.o ABSOLUTE
    dc.s                                     0x00000000   Number         0  dc.o ABSOLUTE
    handlers.s                               0x00000000   Number         0  handlers.o ABSOLUTE
    init.s                                   0x00000000   Number         0  init.o ABSOLUTE
    main.c                                   0x00000000   Number         0  main.o ABSOLUTE
    motor_control.c                          0x00000000   Number         0  motor_control.o ABSOLUTE
    os_systick.c                             0x00000000   Number         0  os_systick.o ABSOLUTE
    pwm.c                                    0x00000000   Number         0  pwm.o ABSOLUTE
    rtx_delay.c                              0x00000000   Number         0  rtx_delay.o ABSOLUTE
    rtx_evflags.c                            0x00000000   Number         0  rtx_evflags.o ABSOLUTE
    rtx_kernel.c                             0x00000000   Number         0  rtx_kernel.o ABSOLUTE
    rtx_lib.c                                0x00000000   Number         0  rtx_lib.o ABSOLUTE
    rtx_memory.c                             0x00000000   Number         0  rtx_memory.o ABSOLUTE
    rtx_mempool.c                            0x00000000   Number         0  rtx_mempool.o ABSOLUTE
    rtx_msgqueue.c                           0x00000000   Number         0  rtx_msgqueue.o ABSOLUTE
    rtx_mutex.c                              0x00000000   Number         0  rtx_mutex.o ABSOLUTE
    rtx_system.c                             0x00000000   Number         0  rtx_system.o ABSOLUTE
    rtx_thread.c                             0x00000000   Number         0  rtx_thread.o ABSOLUTE
    rtx_timer.c                              0x00000000   Number         0  rtx_timer.o ABSOLUTE
    system_MKL25Z4.c                         0x00000000   Number         0  system_mkl25z4.o ABSOLUTE
    RESET                                    0x00000000   Section      192  startup_mkl25z4.o(RESET)
    .ARM.Collect$$$$00000000                 0x000000c0   Section        0  entry.o(.ARM.Collect$$$$00000000)
    .ARM.Collect$$$$00000001                 0x000000c0   Section        4  entry2.o(.ARM.Collect$$$$00000001)
    .ARM.Collect$$$$00000004                 0x000000c4   Section        4  entry5.o(.ARM.Collect$$$$00000004)
    .ARM.Collect$$$$00000008                 0x000000c8   Section        0  entry7b.o(.ARM.Collect$$$$00000008)
    .ARM.Collect$$$$0000000A                 0x000000c8   Section        0  entry8b.o(.ARM.Collect$$$$0000000A)
    .ARM.Collect$$$$0000000B                 0x000000c8   Section        8  entry9a.o(.ARM.Collect$$$$0000000B)
    __lit__00000000                          0x000000d0   Data           4  entry2.o(.ARM.Collect$$$$00002712)
    .ARM.Collect$$$$0000000D                 0x000000d0   Section        0  entry10a.o(.ARM.Collect$$$$0000000D)
    .ARM.Collect$$$$0000000F                 0x000000d0   Section        0  entry11a.o(.ARM.Collect$$$$0000000F)
    .ARM.Collect$$$$00002712                 0x000000d0   Section        4  entry2.o(.ARM.Collect$$$$00002712)
    .text                                    0x000000d4   Section       40  startup_mkl25z4.o(.text)
    .text                                    0x000000fc   Section      164  irq_cm0.o(.text)
    .text                                    0x000001a0   Section        0  memcpya.o(.text)
    .text                                    0x000001c4   Section        0  memseta.o(.text)
    .text                                    0x000001e8   Section        0  uidiv_div0.o(.text)
    .text                                    0x00000228   Section       36  init.o(.text)
    EventFlagsCheck                          0x0000024d   Thumb Code    78  rtx_evflags.o(.text.EventFlagsCheck)
    [Anonymous Symbol]                       0x0000024c   Section        0  rtx_evflags.o(.text.EventFlagsCheck)
    MessageQueueGet                          0x0000029b   Thumb Code    76  rtx_msgqueue.o(.text.MessageQueueGet)
    [Anonymous Symbol]                       0x0000029a   Section        0  rtx_msgqueue.o(.text.MessageQueueGet)
    MessageQueuePut                          0x000002e7   Thumb Code    98  rtx_msgqueue.o(.text.MessageQueuePut)
    [Anonymous Symbol]                       0x000002e6   Section        0  rtx_msgqueue.o(.text.MessageQueuePut)
    MessageQueueRemove                       0x00000349   Thumb Code    30  rtx_msgqueue.o(.text.MessageQueueRemove)
    [Anonymous Symbol]                       0x00000348   Section        0  rtx_msgqueue.o(.text.MessageQueueRemove)
    [Anonymous Symbol]                       0x00000368   Section        0  os_systick.o(.text.OS_Tick_AcknowledgeIRQ)
    [Anonymous Symbol]                       0x00000370   Section        0  os_systick.o(.text.OS_Tick_Enable)
    __arm_cp.1_1                             0x00000390   Number         4  os_systick.o(.text.OS_Tick_Enable)
    [Anonymous Symbol]                       0x00000394   Section        0  os_systick.o(.text.OS_Tick_GetIRQn)
    [Anonymous Symbol]                       0x0000039c   Section        0  os_systick.o(.text.OS_Tick_Setup)
    __arm_cp.0_1                             0x000003d8   Number         4  os_systick.o(.text.OS_Tick_Setup)
    __arm_cp.0_2                             0x000003dc   Number         4  os_systick.o(.text.OS_Tick_Setup)
    __arm_cp.0_3                             0x000003e0   Number         4  os_systick.o(.text.OS_Tick_Setup)
    [Anonymous Symbol]                       0x000003e4   Section        0  rtx_config.o(.text.osRtxErrorNotify)
    [Anonymous Symbol]                       0x000003e6   Section        0  rtx_config.o(.text.osRtxIdleThread)
    [Anonymous Symbol]                       0x000003e8   Section        0  rtx_kernel.o(.text.osRtxKernelPreInit)
    [Anonymous Symbol]                       0x000003ea   Section        0  rtx_thread.o(.text.osRtxThreadRegPtr)
    [Anonymous Symbol]                       0x000003f0   Section        0  rtx_thread.o(.text.osThreadExit)
    __arm_cp.31_0                            0x000003f8   Number         4  rtx_thread.o(.text.osThreadExit)
    i.__scatterload_null                     0x000003fc   Section        2  handlers.o(i.__scatterload_null)
    .ARM.__at_0x400                          0x00000400   Section       16  startup_mkl25z4.o(.ARM.__at_0x400)
    [Anonymous Symbol]                       0x00000410   Section        0  system_mkl25z4.o(.text.SystemCoreClockUpdate)
    __arm_cp.1_0                             0x00000500   Number         4  system_mkl25z4.o(.text.SystemCoreClockUpdate)
    __arm_cp.1_1                             0x00000504   Number         4  system_mkl25z4.o(.text.SystemCoreClockUpdate)
    __arm_cp.1_2                             0x00000508   Number         4  system_mkl25z4.o(.text.SystemCoreClockUpdate)
    __arm_cp.1_3                             0x0000050c   Number         4  system_mkl25z4.o(.text.SystemCoreClockUpdate)
    __arm_cp.1_4                             0x00000510   Number         4  system_mkl25z4.o(.text.SystemCoreClockUpdate)
    __arm_cp.1_5                             0x00000514   Number         4  system_mkl25z4.o(.text.SystemCoreClockUpdate)
    __arm_cp.1_6                             0x00000518   Number         4  system_mkl25z4.o(.text.SystemCoreClockUpdate)
    [Anonymous Symbol]                       0x0000051c   Section        0  system_mkl25z4.o(.text.SystemInit)
    __arm_cp.0_0                             0x000005d8   Number         4  system_mkl25z4.o(.text.SystemInit)
    __arm_cp.0_1                             0x000005dc   Number         4  system_mkl25z4.o(.text.SystemInit)
    __arm_cp.0_2                             0x000005e0   Number         4  system_mkl25z4.o(.text.SystemInit)
    __arm_cp.0_3                             0x000005e4   Number         4  system_mkl25z4.o(.text.SystemInit)
    __arm_cp.0_5                             0x000005e8   Number         4  system_mkl25z4.o(.text.SystemInit)
    __arm_cp.0_6                             0x000005ec   Number         4  system_mkl25z4.o(.text.SystemInit)
    __arm_cp.0_7                             0x000005f0   Number         4  system_mkl25z4.o(.text.SystemInit)
    __arm_cp.0_8                             0x000005f4   Number         4  system_mkl25z4.o(.text.SystemInit)
    __arm_cp.0_9                             0x000005f8   Number         4  system_mkl25z4.o(.text.SystemInit)
    __arm_cp.0_10                            0x000005fc   Number         4  system_mkl25z4.o(.text.SystemInit)
    ThreadFlagsCheck                         0x00000601   Thumb Code    78  rtx_thread.o(.text.ThreadFlagsCheck)
    [Anonymous Symbol]                       0x00000600   Section        0  rtx_thread.o(.text.ThreadFlagsCheck)
    TimerInsert                              0x00000651   Thumb Code    76  rtx_timer.o(.text.TimerInsert)
    [Anonymous Symbol]                       0x00000650   Section        0  rtx_timer.o(.text.TimerInsert)
    __arm_cp.8_0                             0x00000698   Number         4  rtx_timer.o(.text.TimerInsert)
    [Anonymous Symbol]                       0x0000069c   Section        0  buzzer.o(.text.initBuzzerPWM)
    __arm_cp.0_0                             0x00000708   Number         4  buzzer.o(.text.initBuzzerPWM)
    __arm_cp.0_1                             0x0000070c   Number         4  buzzer.o(.text.initBuzzerPWM)
    [Anonymous Symbol]                       0x00000710   Section        0  colorhandler.o(.text.initGPIOLED)
    __arm_cp.0_0                             0x000007fc   Number         4  colorhandler.o(.text.initGPIOLED)
    __arm_cp.0_1                             0x00000800   Number         4  colorhandler.o(.text.initGPIOLED)
    __arm_cp.0_3                             0x00000804   Number         4  colorhandler.o(.text.initGPIOLED)
    __arm_cp.0_4                             0x00000808   Number         4  colorhandler.o(.text.initGPIOLED)
    __arm_cp.0_5                             0x0000080c   Number         4  colorhandler.o(.text.initGPIOLED)
    [Anonymous Symbol]                       0x00000810   Section        0  pwm.o(.text.initPWM)
    __arm_cp.0_0                             0x00000938   Number         4  pwm.o(.text.initPWM)
    __arm_cp.0_1                             0x0000093c   Number         4  pwm.o(.text.initPWM)
    __arm_cp.0_2                             0x00000940   Number         4  pwm.o(.text.initPWM)
    __arm_cp.0_3                             0x00000944   Number         4  pwm.o(.text.initPWM)
    __arm_cp.0_4                             0x00000948   Number         4  pwm.o(.text.initPWM)
    __arm_cp.0_5                             0x0000094c   Number         4  pwm.o(.text.initPWM)
    __arm_cp.0_6                             0x00000950   Number         4  pwm.o(.text.initPWM)
    __arm_cp.0_7                             0x00000954   Number         4  pwm.o(.text.initPWM)
    [Anonymous Symbol]                       0x00000958   Section        0  main.o(.text.main)
    __arm_cp.7_6                             0x000009d4   Number         4  main.o(.text.main)
    __arm_cp.7_7                             0x000009d8   Number         4  main.o(.text.main)
    __arm_cp.7_8                             0x000009dc   Number         4  main.o(.text.main)
    __arm_cp.7_9                             0x000009e0   Number         4  main.o(.text.main)
    __arm_cp.7_10                            0x000009e4   Number         4  main.o(.text.main)
    [Anonymous Symbol]                       0x000009e8   Section        0  main.o(.text.motorThread)
    __arm_cp.2_2                             0x00000a58   Number         4  main.o(.text.motorThread)
    __arm_cp.2_3                             0x00000a5c   Number         4  main.o(.text.motorThread)
    [Anonymous Symbol]                       0x00000a60   Section        0  motor_control.o(.text.moveForward)
    __arm_cp.1_0                             0x00000a70   Number         4  motor_control.o(.text.moveForward)
    __arm_cp.1_1                             0x00000a74   Number         4  motor_control.o(.text.moveForward)
    __arm_cp.1_2                             0x00000a78   Number         4  motor_control.o(.text.moveForward)
    [Anonymous Symbol]                       0x00000a7c   Section        0  main.o(.text.movingGreenLED)
    __arm_cp.3_0                             0x00000a94   Number         4  main.o(.text.movingGreenLED)
    [Anonymous Symbol]                       0x00000a98   Section        0  main.o(.text.movingRedLED)
    __arm_cp.5_0                             0x00000ab0   Number         4  main.o(.text.movingRedLED)
    [Anonymous Symbol]                       0x00000ab4   Section        0  rtx_delay.o(.text.osDelay)
    __arm_cp.0_0                             0x00000ad8   Number         4  rtx_delay.o(.text.osDelay)
    [Anonymous Symbol]                       0x00000adc   Section        0  rtx_evflags.o(.text.osEventFlagsClear)
    __arm_cp.3_0                             0x00000afc   Number         4  rtx_evflags.o(.text.osEventFlagsClear)
    [Anonymous Symbol]                       0x00000b00   Section        0  rtx_evflags.o(.text.osEventFlagsNew)
    __arm_cp.0_0                             0x00000b20   Number         4  rtx_evflags.o(.text.osEventFlagsNew)
    [Anonymous Symbol]                       0x00000b24   Section        0  rtx_evflags.o(.text.osEventFlagsSet)
    __arm_cp.2_0                             0x00000b70   Number         4  rtx_evflags.o(.text.osEventFlagsSet)
    [Anonymous Symbol]                       0x00000b74   Section        0  rtx_evflags.o(.text.osEventFlagsWait)
    __arm_cp.7_0                             0x00000bb4   Number         4  rtx_evflags.o(.text.osEventFlagsWait)
    [Anonymous Symbol]                       0x00000bb8   Section        0  rtx_kernel.o(.text.osKernelInitialize)
    __arm_cp.1_0                             0x00000bdc   Number         4  rtx_kernel.o(.text.osKernelInitialize)
    [Anonymous Symbol]                       0x00000be0   Section        0  rtx_kernel.o(.text.osKernelStart)
    __arm_cp.6_0                             0x00000c00   Number         4  rtx_kernel.o(.text.osKernelStart)
    [Anonymous Symbol]                       0x00000c04   Section        0  rtx_msgqueue.o(.text.osMessageQueueGet)
    __arm_cp.3_0                             0x00000c74   Number         4  rtx_msgqueue.o(.text.osMessageQueueGet)
    [Anonymous Symbol]                       0x00000c78   Section        0  rtx_msgqueue.o(.text.osMessageQueueNew)
    __arm_cp.0_0                             0x00000c98   Number         4  rtx_msgqueue.o(.text.osMessageQueueNew)
    [Anonymous Symbol]                       0x00000c9c   Section        0  rtx_msgqueue.o(.text.osMessageQueuePut)
    __arm_cp.2_0                             0x00000d10   Number         4  rtx_msgqueue.o(.text.osMessageQueuePut)
    osRtxEventFlagsPostProcess               0x00000d15   Thumb Code    52  rtx_evflags.o(.text.osRtxEventFlagsPostProcess)
    [Anonymous Symbol]                       0x00000d14   Section        0  rtx_evflags.o(.text.osRtxEventFlagsPostProcess)
    [Anonymous Symbol]                       0x00000d48   Section        0  rtx_memory.o(.text.osRtxMemoryAlloc)
    [Anonymous Symbol]                       0x00000dc4   Section        0  rtx_memory.o(.text.osRtxMemoryFree)
    [Anonymous Symbol]                       0x00000e12   Section        0  rtx_memory.o(.text.osRtxMemoryInit)
    [Anonymous Symbol]                       0x00000e44   Section        0  rtx_mempool.o(.text.osRtxMemoryPoolAlloc)
    [Anonymous Symbol]                       0x00000e72   Section        0  rtx_mempool.o(.text.osRtxMemoryPoolFree)
    [Anonymous Symbol]                       0x00000eac   Section        0  rtx_mempool.o(.text.osRtxMemoryPoolInit)
    osRtxMessageQueuePostProcess             0x00000eeb   Thumb Code   188  rtx_msgqueue.o(.text.osRtxMessageQueuePostProcess)
    [Anonymous Symbol]                       0x00000eea   Section        0  rtx_msgqueue.o(.text.osRtxMessageQueuePostProcess)
    [Anonymous Symbol]                       0x00000fa6   Section        0  rtx_mutex.o(.text.osRtxMutexOwnerRelease)
    [Anonymous Symbol]                       0x00000fec   Section        0  rtx_system.o(.text.osRtxPendSV_Handler)
    [Anonymous Symbol]                       0x00001068   Section        0  rtx_system.o(.text.osRtxPostProcess)
    __arm_cp.2_1                             0x000010cc   Number         4  rtx_system.o(.text.osRtxPostProcess)
    osRtxThreadBlock                         0x000010d1   Thumb Code    52  rtx_thread.o(.text.osRtxThreadBlock)
    [Anonymous Symbol]                       0x000010d0   Section        0  rtx_thread.o(.text.osRtxThreadBlock)
    osRtxThreadDelayInsert                   0x00001105   Thumb Code   124  rtx_thread.o(.text.osRtxThreadDelayInsert)
    [Anonymous Symbol]                       0x00001104   Section        0  rtx_thread.o(.text.osRtxThreadDelayInsert)
    osRtxThreadDelayRemove                   0x00001181   Thumb Code    64  rtx_thread.o(.text.osRtxThreadDelayRemove)
    [Anonymous Symbol]                       0x00001180   Section        0  rtx_thread.o(.text.osRtxThreadDelayRemove)
    [Anonymous Symbol]                       0x000011c0   Section        0  rtx_thread.o(.text.osRtxThreadDelayTick)
    [Anonymous Symbol]                       0x000011f4   Section        0  rtx_thread.o(.text.osRtxThreadDispatch)
    osRtxThreadFree                          0x00001241   Thumb Code    80  rtx_thread.o(.text.osRtxThreadFree)
    [Anonymous Symbol]                       0x00001240   Section        0  rtx_thread.o(.text.osRtxThreadFree)
    [Anonymous Symbol]                       0x00001290   Section        0  rtx_thread.o(.text.osRtxThreadListGet)
    [Anonymous Symbol]                       0x000012a4   Section        0  rtx_thread.o(.text.osRtxThreadListPut)
    [Anonymous Symbol]                       0x000012d0   Section        0  rtx_thread.o(.text.osRtxThreadListRemove)
    osRtxThreadPostProcess                   0x000012e9   Thumb Code    38  rtx_thread.o(.text.osRtxThreadPostProcess)
    [Anonymous Symbol]                       0x000012e8   Section        0  rtx_thread.o(.text.osRtxThreadPostProcess)
    [Anonymous Symbol]                       0x00001310   Section        0  rtx_thread.o(.text.osRtxThreadReadyPut)
    [Anonymous Symbol]                       0x00001324   Section        0  rtx_thread.o(.text.osRtxThreadStackCheck)
    __arm_cp.8_1                             0x00001348   Number         4  rtx_thread.o(.text.osRtxThreadStackCheck)
    [Anonymous Symbol]                       0x0000134c   Section        0  rtx_thread.o(.text.osRtxThreadStartup)
    __arm_cp.15_1                            0x0000137c   Number         4  rtx_thread.o(.text.osRtxThreadStartup)
    __arm_cp.15_3                            0x00001380   Number         4  rtx_thread.o(.text.osRtxThreadStartup)
    [Anonymous Symbol]                       0x00001384   Section        0  rtx_thread.o(.text.osRtxThreadSwitch)
    __arm_cp.7_0                             0x00001394   Number         4  rtx_thread.o(.text.osRtxThreadSwitch)
    [Anonymous Symbol]                       0x00001398   Section        0  rtx_thread.o(.text.osRtxThreadWaitEnter)
    __arm_cp.13_0                            0x000013d0   Number         4  rtx_thread.o(.text.osRtxThreadWaitEnter)
    [Anonymous Symbol]                       0x000013d4   Section        0  rtx_thread.o(.text.osRtxThreadWaitExit)
    [Anonymous Symbol]                       0x000013f8   Section        0  rtx_system.o(.text.osRtxTick_Handler)
    [Anonymous Symbol]                       0x00001468   Section        0  rtx_timer.o(.text.osRtxTimerThread)
    __arm_cp.0_0                             0x00001498   Number         4  rtx_timer.o(.text.osRtxTimerThread)
    __arm_cp.0_1                             0x0000149c   Number         4  rtx_timer.o(.text.osRtxTimerThread)
    __arm_cp.0_2                             0x000014a0   Number         4  rtx_timer.o(.text.osRtxTimerThread)
    osRtxTimerTick                           0x000014a5   Thumb Code    96  rtx_timer.o(.text.osRtxTimerTick)
    [Anonymous Symbol]                       0x000014a4   Section        0  rtx_timer.o(.text.osRtxTimerTick)
    __arm_cp.1_0                             0x00001500   Number         4  rtx_timer.o(.text.osRtxTimerTick)
    [Anonymous Symbol]                       0x00001504   Section        0  rtx_thread.o(.text.osThreadNew)
    __arm_cp.17_0                            0x00001524   Number         4  rtx_thread.o(.text.osThreadNew)
    [Anonymous Symbol]                       0x00001528   Section        0  colorhandler.o(.text.startFastFlashRed)
    [Anonymous Symbol]                       0x00001548   Section        0  colorhandler.o(.text.startMovingGreen)
    [Anonymous Symbol]                       0x000015a0   Section        0  colorhandler.o(.text.startSlowFlashRed)
    __arm_cp.3_0                             0x000015c4   Number         4  colorhandler.o(.text.startSlowFlashRed)
    __arm_cp.3_1                             0x000015c8   Number         4  colorhandler.o(.text.startSlowFlashRed)
    [Anonymous Symbol]                       0x000015cc   Section        0  colorhandler.o(.text.startStationGreen)
    __arm_cp.2_0                             0x000015d8   Number         4  colorhandler.o(.text.startStationGreen)
    [Anonymous Symbol]                       0x000015dc   Section        0  main.o(.text.stationGreenLED)
    __arm_cp.4_0                             0x000015f4   Number         4  main.o(.text.stationGreenLED)
    [Anonymous Symbol]                       0x000015f8   Section        0  main.o(.text.stationRedLED)
    __arm_cp.6_0                             0x00001610   Number         4  main.o(.text.stationRedLED)
    [Anonymous Symbol]                       0x00001614   Section        0  motor_control.o(.text.stopMotors)
    __arm_cp.0_0                             0x00001624   Number         4  motor_control.o(.text.stopMotors)
    __arm_cp.0_1                             0x00001628   Number         4  motor_control.o(.text.stopMotors)
    svcRtxDelay                              0x0000162d   Thumb Code    18  rtx_delay.o(.text.svcRtxDelay)
    [Anonymous Symbol]                       0x0000162c   Section        0  rtx_delay.o(.text.svcRtxDelay)
    svcRtxEventFlagsClear                    0x0000163f   Thumb Code    50  rtx_evflags.o(.text.svcRtxEventFlagsClear)
    [Anonymous Symbol]                       0x0000163e   Section        0  rtx_evflags.o(.text.svcRtxEventFlagsClear)
    svcRtxEventFlagsNew                      0x00001671   Thumb Code   116  rtx_evflags.o(.text.svcRtxEventFlagsNew)
    [Anonymous Symbol]                       0x00001670   Section        0  rtx_evflags.o(.text.svcRtxEventFlagsNew)
    __arm_cp.9_0                             0x000016dc   Number         4  rtx_evflags.o(.text.svcRtxEventFlagsNew)
    __arm_cp.9_1                             0x000016e0   Number         4  rtx_evflags.o(.text.svcRtxEventFlagsNew)
    svcRtxEventFlagsSet                      0x000016e5   Thumb Code   124  rtx_evflags.o(.text.svcRtxEventFlagsSet)
    [Anonymous Symbol]                       0x000016e4   Section        0  rtx_evflags.o(.text.svcRtxEventFlagsSet)
    svcRtxEventFlagsWait                     0x00001761   Thumb Code   100  rtx_evflags.o(.text.svcRtxEventFlagsWait)
    [Anonymous Symbol]                       0x00001760   Section        0  rtx_evflags.o(.text.svcRtxEventFlagsWait)
    __arm_cp.14_0                            0x000017c0   Number         4  rtx_evflags.o(.text.svcRtxEventFlagsWait)
    svcRtxKernelInitialize                   0x000017c5   Thumb Code   320  rtx_kernel.o(.text.svcRtxKernelInitialize)
    [Anonymous Symbol]                       0x000017c4   Section        0  rtx_kernel.o(.text.svcRtxKernelInitialize)
    __arm_cp.20_2                            0x00001900   Number         4  rtx_kernel.o(.text.svcRtxKernelInitialize)
    svcRtxKernelStart                        0x00001905   Thumb Code   128  rtx_kernel.o(.text.svcRtxKernelStart)
    [Anonymous Symbol]                       0x00001904   Section        0  rtx_kernel.o(.text.svcRtxKernelStart)
    __arm_cp.21_1                            0x00001978   Number         4  rtx_kernel.o(.text.svcRtxKernelStart)
    __arm_cp.21_2                            0x0000197c   Number         4  rtx_kernel.o(.text.svcRtxKernelStart)
    __arm_cp.21_3                            0x00001980   Number         4  rtx_kernel.o(.text.svcRtxKernelStart)
    svcRtxMessageQueueGet                    0x00001985   Thumb Code   232  rtx_msgqueue.o(.text.svcRtxMessageQueueGet)
    [Anonymous Symbol]                       0x00001984   Section        0  rtx_msgqueue.o(.text.svcRtxMessageQueueGet)
    __arm_cp.21_0                            0x00001a68   Number         4  rtx_msgqueue.o(.text.svcRtxMessageQueueGet)
    svcRtxMessageQueueNew                    0x00001a6d   Thumb Code   484  rtx_msgqueue.o(.text.svcRtxMessageQueueNew)
    [Anonymous Symbol]                       0x00001a6c   Section        0  rtx_msgqueue.o(.text.svcRtxMessageQueueNew)
    __arm_cp.14_0                            0x00001c38   Number         4  rtx_msgqueue.o(.text.svcRtxMessageQueueNew)
    __arm_cp.14_1                            0x00001c3c   Number         4  rtx_msgqueue.o(.text.svcRtxMessageQueueNew)
    __arm_cp.14_2                            0x00001c40   Number         4  rtx_msgqueue.o(.text.svcRtxMessageQueueNew)
    __arm_cp.14_3                            0x00001c44   Number         4  rtx_msgqueue.o(.text.svcRtxMessageQueueNew)
    __arm_cp.14_4                            0x00001c48   Number         4  rtx_msgqueue.o(.text.svcRtxMessageQueueNew)
    __arm_cp.14_5                            0x00001c4c   Number         4  rtx_msgqueue.o(.text.svcRtxMessageQueueNew)
    svcRtxMessageQueuePut                    0x00001c51   Thumb Code   184  rtx_msgqueue.o(.text.svcRtxMessageQueuePut)
    [Anonymous Symbol]                       0x00001c50   Section        0  rtx_msgqueue.o(.text.svcRtxMessageQueuePut)
    svcRtxThreadExit                         0x00001d09   Thumb Code   108  rtx_thread.o(.text.svcRtxThreadExit)
    [Anonymous Symbol]                       0x00001d08   Section        0  rtx_thread.o(.text.svcRtxThreadExit)
    __arm_cp.54_0                            0x00001d70   Number         4  rtx_thread.o(.text.svcRtxThreadExit)
    svcRtxThreadNew                          0x00001d75   Thumb Code   492  rtx_thread.o(.text.svcRtxThreadNew)
    [Anonymous Symbol]                       0x00001d74   Section        0  rtx_thread.o(.text.svcRtxThreadNew)
    __arm_cp.16_0                            0x00001f48   Number         4  rtx_thread.o(.text.svcRtxThreadNew)
    __arm_cp.16_1                            0x00001f4c   Number         4  rtx_thread.o(.text.svcRtxThreadNew)
    __arm_cp.16_2                            0x00001f50   Number         4  rtx_thread.o(.text.svcRtxThreadNew)
    __arm_cp.16_3                            0x00001f54   Number         4  rtx_thread.o(.text.svcRtxThreadNew)
    __arm_cp.16_4                            0x00001f58   Number         4  rtx_thread.o(.text.svcRtxThreadNew)
    __arm_cp.16_5                            0x00001f5c   Number         4  rtx_thread.o(.text.svcRtxThreadNew)
    i.__scatterload_copy                     0x00001f60   Section       14  handlers.o(i.__scatterload_copy)
    i.__scatterload_zeroinit                 0x00001f6e   Section       14  handlers.o(i.__scatterload_zeroinit)
    __tagsym$$used.0                         0x00001f7c   Number         0  rtx_lib.o(.rodata)
    __tagsym$$used.1                         0x00001fe4   Number         0  rtx_lib.o(.rodata)
    os_idle_thread_attr                      0x00002020   Data          36  rtx_lib.o(.rodata.os_idle_thread_attr)
    [Anonymous Symbol]                       0x00002020   Section        0  rtx_lib.o(.rodata.os_idle_thread_attr)
    os_timer_mq_attr                         0x00002044   Data          24  rtx_lib.o(.rodata.os_timer_mq_attr)
    [Anonymous Symbol]                       0x00002044   Section        0  rtx_lib.o(.rodata.os_timer_mq_attr)
    os_timer_thread_attr                     0x0000205c   Data          36  rtx_lib.o(.rodata.os_timer_thread_attr)
    [Anonymous Symbol]                       0x0000205c   Section        0  rtx_lib.o(.rodata.os_timer_thread_attr)
    .L.str                                   0x00002080   Data          11  rtx_kernel.o(.rodata.str1.4)
    [Anonymous Symbol]                       0x00002080   Section        0  rtx_kernel.o(.rodata.str1.4)
    PendST                                   0x1ffff0a8   Data           1  os_systick.o(.bss.PendST)
    [Anonymous Symbol]                       0x1ffff0a8   Section        0  os_systick.o(.bss.PendST)
    os_isr_queue                             0x1ffff0b8   Data          64  rtx_lib.o(.bss.os)
    [Anonymous Symbol]                       0x1ffff0b8   Section        0  rtx_lib.o(.bss.os)
    os_mem                                   0x1ffff0f8   Data        4096  rtx_lib.o(.bss.os)
    os_timer_mq_cb                           0x200000f8   Data          52  rtx_lib.o(.bss.os.msgqueue.cb)
    [Anonymous Symbol]                       0x200000f8   Section        0  rtx_lib.o(.bss.os.msgqueue.cb)
    os_timer_mq_data                         0x2000012c   Data          80  rtx_lib.o(.bss.os.msgqueue.mem)
    [Anonymous Symbol]                       0x2000012c   Section        0  rtx_lib.o(.bss.os.msgqueue.mem)
    os_idle_thread_cb                        0x2000017c   Data          68  rtx_lib.o(.bss.os.thread.cb)
    [Anonymous Symbol]                       0x2000017c   Section        0  rtx_lib.o(.bss.os.thread.cb)
    os_timer_thread_cb                       0x200001c0   Data          68  rtx_lib.o(.bss.os.thread.cb)
    os_idle_thread_stack                     0x20000208   Data         256  rtx_lib.o(.bss.os.thread.stack)
    [Anonymous Symbol]                       0x20000208   Section        0  rtx_lib.o(.bss.os.thread.stack)
    os_timer_thread_stack                    0x20000308   Data         256  rtx_lib.o(.bss.os.thread.stack)
    STACK                                    0x20000410   Section      256  startup_mkl25z4.o(STACK)

    Global Symbols

    Symbol Name                              Value     Ov Type        Size  Object(Section)

    BuildAttributes$$THM_ISAv3M$S$PE$A:L22$X:L11$S22$IEEE1$IW$~IW$USESV6$~STKCKD$USESV7$~SHL$OTIME$EBA8$MICROLIB$REQ8$PRES8$EABIv2 0x00000000   Number         0  anon$$obj.o ABSOLUTE
    __Vectors                                0x00000000   Data           4  startup_mkl25z4.o(RESET)
    .bss.os.evflags.cb$$Base                  - Undefined Weak Reference
    .bss.os.evflags.cb$$Limit                 - Undefined Weak Reference
    .bss.os.mempool.cb$$Base                  - Undefined Weak Reference
    .bss.os.mempool.cb$$Limit                 - Undefined Weak Reference
    .bss.os.mutex.cb$$Base                    - Undefined Weak Reference
    .bss.os.mutex.cb$$Limit                   - Undefined Weak Reference
    .bss.os.semaphore.cb$$Base                - Undefined Weak Reference
    .bss.os.semaphore.cb$$Limit               - Undefined Weak Reference
    .bss.os.timer.cb$$Base                    - Undefined Weak Reference
    .bss.os.timer.cb$$Limit                   - Undefined Weak Reference
    __cpp_initialize__aeabi_                  - Undefined Weak Reference
    __cxa_finalize                            - Undefined Weak Reference
    __decompress                              - Undefined Weak Reference
    _clock_init                               - Undefined Weak Reference
    _microlib_exit                            - Undefined Weak Reference
    __Vectors_End                            0x000000c0   Data           0  startup_mkl25z4.o(RESET)
    __Vectors_Size                           0x000000c0   Number         0  startup_mkl25z4.o ABSOLUTE
    __main                                   0x000000c1   Thumb Code     0  entry.o(.ARM.Collect$$$$00000000)
    _main_stk                                0x000000c1   Thumb Code     0  entry2.o(.ARM.Collect$$$$00000001)
    _main_scatterload                        0x000000c5   Thumb Code     0  entry5.o(.ARM.Collect$$$$00000004)
    __main_after_scatterload                 0x000000c9   Thumb Code     0  entry5.o(.ARM.Collect$$$$00000004)
    _main_clock                              0x000000c9   Thumb Code     0  entry7b.o(.ARM.Collect$$$$00000008)
    _main_cpp_init                           0x000000c9   Thumb Code     0  entry8b.o(.ARM.Collect$$$$0000000A)
    _main_init                               0x000000c9   Thumb Code     0  entry9a.o(.ARM.Collect$$$$0000000B)
    __rt_final_cpp                           0x000000d1   Thumb Code     0  entry10a.o(.ARM.Collect$$$$0000000D)
    __rt_final_exit                          0x000000d1   Thumb Code     0  entry11a.o(.ARM.Collect$$$$0000000F)
    Reset_Handler                            0x000000d5   Thumb Code    12  startup_mkl25z4.o(.text)
    NMI_Handler                              0x000000e1   Thumb Code     2  startup_mkl25z4.o(.text)
    HardFault_Handler                        0x000000e3   Thumb Code     2  startup_mkl25z4.o(.text)
    ADC0_IRQHandler                          0x000000eb   Thumb Code     0  startup_mkl25z4.o(.text)
    CMP0_IRQHandler                          0x000000eb   Thumb Code     0  startup_mkl25z4.o(.text)
    DAC0_IRQHandler                          0x000000eb   Thumb Code     0  startup_mkl25z4.o(.text)
    DMA0_IRQHandler                          0x000000eb   Thumb Code     0  startup_mkl25z4.o(.text)
    DMA1_IRQHandler                          0x000000eb   Thumb Code     0  startup_mkl25z4.o(.text)
    DMA2_IRQHandler                          0x000000eb   Thumb Code     0  startup_mkl25z4.o(.text)
    DMA3_IRQHandler                          0x000000eb   Thumb Code     0  startup_mkl25z4.o(.text)
    DefaultISR                               0x000000eb   Thumb Code     0  startup_mkl25z4.o(.text)
    FTFA_IRQHandler                          0x000000eb   Thumb Code     0  startup_mkl25z4.o(.text)
    I2C0_IRQHandler                          0x000000eb   Thumb Code     0  startup_mkl25z4.o(.text)
    I2C1_IRQHandler                          0x000000eb   Thumb Code     0  startup_mkl25z4.o(.text)
    LLWU_IRQHandler                          0x000000eb   Thumb Code     0  startup_mkl25z4.o(.text)
    LPTMR0_IRQHandler                        0x000000eb   Thumb Code     0  startup_mkl25z4.o(.text)
    LVD_LVW_IRQHandler                       0x000000eb   Thumb Code     0  startup_mkl25z4.o(.text)
    MCG_IRQHandler                           0x000000eb   Thumb Code     0  startup_mkl25z4.o(.text)
    PIT_IRQHandler                           0x000000eb   Thumb Code     0  startup_mkl25z4.o(.text)
    PORTA_IRQHandler                         0x000000eb   Thumb Code     0  startup_mkl25z4.o(.text)
    PORTD_IRQHandler                         0x000000eb   Thumb Code     0  startup_mkl25z4.o(.text)
    RTC_IRQHandler                           0x000000eb   Thumb Code     0  startup_mkl25z4.o(.text)
    RTC_Seconds_IRQHandler                   0x000000eb   Thumb Code     0  startup_mkl25z4.o(.text)
    Reserved20_IRQHandler                    0x000000eb   Thumb Code     0  startup_mkl25z4.o(.text)
    Reserved39_IRQHandler                    0x000000eb   Thumb Code     0  startup_mkl25z4.o(.text)
    Reserved45_IRQHandler                    0x000000eb   Thumb Code     0  startup_mkl25z4.o(.text)
    SPI0_IRQHandler                          0x000000eb   Thumb Code     0  startup_mkl25z4.o(.text)
    SPI1_IRQHandler                          0x000000eb   Thumb Code     0  startup_mkl25z4.o(.text)
    TPM0_IRQHandler                          0x000000eb   Thumb Code     0  startup_mkl25z4.o(.text)
    TPM1_IRQHandler                          0x000000eb   Thumb Code     0  startup_mkl25z4.o(.text)
    TPM2_IRQHandler                          0x000000eb   Thumb Code     0  startup_mkl25z4.o(.text)
    TSI0_IRQHandler                          0x000000eb   Thumb Code     0  startup_mkl25z4.o(.text)
    UART0_IRQHandler                         0x000000eb   Thumb Code     0  startup_mkl25z4.o(.text)
    UART1_IRQHandler                         0x000000eb   Thumb Code     0  startup_mkl25z4.o(.text)
    UART2_IRQHandler                         0x000000eb   Thumb Code     0  startup_mkl25z4.o(.text)
    USB0_IRQHandler                          0x000000eb   Thumb Code     0  startup_mkl25z4.o(.text)
    SVC_Handler                              0x000000fd   Thumb Code   132  irq_cm0.o(.text)
    PendSV_Handler                           0x00000181   Thumb Code    12  irq_cm0.o(.text)
    SysTick_Handler                          0x0000018d   Thumb Code    12  irq_cm0.o(.text)
    __aeabi_memcpy                           0x000001a1   Thumb Code    36  memcpya.o(.text)
    __aeabi_memcpy4                          0x000001a1   Thumb Code     0  memcpya.o(.text)
    __aeabi_memcpy8                          0x000001a1   Thumb Code     0  memcpya.o(.text)
    __aeabi_memset                           0x000001c5   Thumb Code    14  memseta.o(.text)
    __aeabi_memset4                          0x000001c5   Thumb Code     0  memseta.o(.text)
    __aeabi_memset8                          0x000001c5   Thumb Code     0  memseta.o(.text)
    __aeabi_memclr                           0x000001d3   Thumb Code     4  memseta.o(.text)
    __aeabi_memclr4                          0x000001d3   Thumb Code     0  memseta.o(.text)
    __aeabi_memclr8                          0x000001d3   Thumb Code     0  memseta.o(.text)
    _memset$wrapper                          0x000001d7   Thumb Code    18  memseta.o(.text)
    __aeabi_uidiv                            0x000001e9   Thumb Code     0  uidiv_div0.o(.text)
    __aeabi_uidivmod                         0x000001e9   Thumb Code    62  uidiv_div0.o(.text)
    __scatterload                            0x00000229   Thumb Code    28  init.o(.text)
    __scatterload_rt2                        0x00000229   Thumb Code     0  init.o(.text)
    OS_Tick_AcknowledgeIRQ                   0x00000369   Thumb Code     8  os_systick.o(.text.OS_Tick_AcknowledgeIRQ)
    OS_Tick_Enable                           0x00000371   Thumb Code    36  os_systick.o(.text.OS_Tick_Enable)
    OS_Tick_GetIRQn                          0x00000395   Thumb Code     6  os_systick.o(.text.OS_Tick_GetIRQn)
    OS_Tick_Setup                            0x0000039d   Thumb Code    72  os_systick.o(.text.OS_Tick_Setup)
    osRtxErrorNotify                         0x000003e5   Thumb Code     2  rtx_config.o(.text.osRtxErrorNotify)
    osRtxIdleThread                          0x000003e7   Thumb Code     2  rtx_config.o(.text.osRtxIdleThread)
    osRtxKernelPreInit                       0x000003e9   Thumb Code     2  rtx_kernel.o(.text.osRtxKernelPreInit)
    osRtxThreadRegPtr                        0x000003eb   Thumb Code     6  rtx_thread.o(.text.osRtxThreadRegPtr)
    osThreadExit                             0x000003f1   Thumb Code    12  rtx_thread.o(.text.osThreadExit)
    __scatterload_null                       0x000003fd   Thumb Code     2  handlers.o(i.__scatterload_null)
    SystemCoreClockUpdate                    0x00000411   Thumb Code   240  system_mkl25z4.o(.text.SystemCoreClockUpdate)
    SystemInit                               0x0000051d   Thumb Code   188  system_mkl25z4.o(.text.SystemInit)
    initBuzzerPWM                            0x0000069d   Thumb Code   108  buzzer.o(.text.initBuzzerPWM)
    initGPIOLED                              0x00000711   Thumb Code   236  colorhandler.o(.text.initGPIOLED)
    initPWM                                  0x00000811   Thumb Code   296  pwm.o(.text.initPWM)
    main                                     0x00000959   Thumb Code   124  main.o(.text.main)
    motorThread                              0x000009e9   Thumb Code   112  main.o(.text.motorThread)
    moveForward                              0x00000a61   Thumb Code    16  motor_control.o(.text.moveForward)
    movingGreenLED                           0x00000a7d   Thumb Code    24  main.o(.text.movingGreenLED)
    movingRedLED                             0x00000a99   Thumb Code    24  main.o(.text.movingRedLED)
    osDelay                                  0x00000ab5   Thumb Code    40  rtx_delay.o(.text.osDelay)
    osEventFlagsClear                        0x00000add   Thumb Code    36  rtx_evflags.o(.text.osEventFlagsClear)
    osEventFlagsNew                          0x00000b01   Thumb Code    36  rtx_evflags.o(.text.osEventFlagsNew)
    osEventFlagsSet                          0x00000b25   Thumb Code    80  rtx_evflags.o(.text.osEventFlagsSet)
    osEventFlagsWait                         0x00000b75   Thumb Code    68  rtx_evflags.o(.text.osEventFlagsWait)
    osKernelInitialize                       0x00000bb9   Thumb Code    40  rtx_kernel.o(.text.osKernelInitialize)
    osKernelStart                            0x00000be1   Thumb Code    36  rtx_kernel.o(.text.osKernelStart)
    osMessageQueueGet                        0x00000c05   Thumb Code   116  rtx_msgqueue.o(.text.osMessageQueueGet)
    osMessageQueueNew                        0x00000c79   Thumb Code    36  rtx_msgqueue.o(.text.osMessageQueueNew)
    osMessageQueuePut                        0x00000c9d   Thumb Code   120  rtx_msgqueue.o(.text.osMessageQueuePut)
    osRtxMemoryAlloc                         0x00000d49   Thumb Code   124  rtx_memory.o(.text.osRtxMemoryAlloc)
    osRtxMemoryFree                          0x00000dc5   Thumb Code    78  rtx_memory.o(.text.osRtxMemoryFree)
    osRtxMemoryInit                          0x00000e13   Thumb Code    50  rtx_memory.o(.text.osRtxMemoryInit)
    osRtxMemoryPoolAlloc                     0x00000e45   Thumb Code    46  rtx_mempool.o(.text.osRtxMemoryPoolAlloc)
    osRtxMemoryPoolFree                      0x00000e73   Thumb Code    58  rtx_mempool.o(.text.osRtxMemoryPoolFree)
    osRtxMemoryPoolInit                      0x00000ead   Thumb Code    62  rtx_mempool.o(.text.osRtxMemoryPoolInit)
    osRtxMutexOwnerRelease                   0x00000fa7   Thumb Code    68  rtx_mutex.o(.text.osRtxMutexOwnerRelease)
    osRtxPendSV_Handler                      0x00000fed   Thumb Code   124  rtx_system.o(.text.osRtxPendSV_Handler)
    osRtxPostProcess                         0x00001069   Thumb Code   104  rtx_system.o(.text.osRtxPostProcess)
    osRtxThreadDelayTick                     0x000011c1   Thumb Code    52  rtx_thread.o(.text.osRtxThreadDelayTick)
    osRtxThreadDispatch                      0x000011f5   Thumb Code    76  rtx_thread.o(.text.osRtxThreadDispatch)
    osRtxThreadListGet                       0x00001291   Thumb Code    20  rtx_thread.o(.text.osRtxThreadListGet)
    osRtxThreadListPut                       0x000012a5   Thumb Code    44  rtx_thread.o(.text.osRtxThreadListPut)
    osRtxThreadListRemove                    0x000012d1   Thumb Code    24  rtx_thread.o(.text.osRtxThreadListRemove)
    osRtxThreadReadyPut                      0x00001311   Thumb Code    20  rtx_thread.o(.text.osRtxThreadReadyPut)
    osRtxThreadStackCheck                    0x00001325   Thumb Code    40  rtx_thread.o(.text.osRtxThreadStackCheck)
    osRtxThreadStartup                       0x0000134d   Thumb Code    56  rtx_thread.o(.text.osRtxThreadStartup)
    osRtxThreadSwitch                        0x00001385   Thumb Code    20  rtx_thread.o(.text.osRtxThreadSwitch)
    osRtxThreadWaitEnter                     0x00001399   Thumb Code    60  rtx_thread.o(.text.osRtxThreadWaitEnter)
    osRtxThreadWaitExit                      0x000013d5   Thumb Code    34  rtx_thread.o(.text.osRtxThreadWaitExit)
    osRtxTick_Handler                        0x000013f9   Thumb Code   112  rtx_system.o(.text.osRtxTick_Handler)
    osRtxTimerThread                         0x00001469   Thumb Code    60  rtx_timer.o(.text.osRtxTimerThread)
    osThreadNew                              0x00001505   Thumb Code    36  rtx_thread.o(.text.osThreadNew)
    startFastFlashRed                        0x00001529   Thumb Code    32  colorhandler.o(.text.startFastFlashRed)
    startMovingGreen                         0x00001549   Thumb Code    88  colorhandler.o(.text.startMovingGreen)
    startSlowFlashRed                        0x000015a1   Thumb Code    36  colorhandler.o(.text.startSlowFlashRed)
    startStationGreen                        0x000015cd   Thumb Code    12  colorhandler.o(.text.startStationGreen)
    stationGreenLED                          0x000015dd   Thumb Code    24  main.o(.text.stationGreenLED)
    stationRedLED                            0x000015f9   Thumb Code    24  main.o(.text.stationRedLED)
    stopMotors                               0x00001615   Thumb Code    16  motor_control.o(.text.stopMotors)
    __scatterload_copy                       0x00001f61   Thumb Code    14  handlers.o(i.__scatterload_copy)
    __scatterload_zeroinit                   0x00001f6f   Thumb Code    14  handlers.o(i.__scatterload_zeroinit)
    osRtxConfig                              0x00001f7c   Data         104  rtx_lib.o(.rodata)
    os_cb_sections                           0x00001fe4   Data          56  rtx_lib.o(.rodata)
    osRtxUserSVC                             0x0000201c   Data           4  rtx_lib.o(.rodata.osRtxUserSVC)
    Region$$Table$$Base                      0x0000208c   Number         0  anon$$obj.o(Region$$Table)
    Region$$Table$$Limit                     0x000020ac   Number         0  anon$$obj.o(Region$$Table)
    SystemCoreClock                          0x1ffff000   Data           4  system_mkl25z4.o(.data.SystemCoreClock)
    osRtxInfo                                0x1ffff004   Data         164  rtx_kernel.o(.data.os)
    movingGreenFlag                          0x1ffff0ac   Data           4  main.o(.bss.movingGreenFlag)
    movingRedFlag                            0x1ffff0b0   Data           4  main.o(.bss.movingRedFlag)
    .bss.os.msgqueue.cb$$Base                0x200000f8   Number         0  rtx_lib.o(.bss.os.msgqueue.cb)
    .bss.os.msgqueue.cb$$Limit               0x2000012c   Number         0  rtx_lib.o(.bss.os.msgqueue.cb)
    .bss.os.thread.cb$$Base                  0x2000017c   Number         0  rtx_lib.o(.bss.os.thread.cb)
    .bss.os.thread.cb$$Limit                 0x20000204   Number         0  rtx_lib.o(.bss.os.thread.cb)
    stationGreenFlag                         0x20000408   Data           4  main.o(.bss.stationGreenFlag)
    stationRedFlag                           0x2000040c   Data           4  main.o(.bss.stationRedFlag)
    __initial_sp                             0x20000510   Data           0  startup_mkl25z4.o(STACK)



==============================================================================

Memory Map of the image

  Image Entry point : 0x000000d5

  Load Region LR_1 (Base: 0x00000000, Size: 0x00002154, Max: 0xffffffff, ABSOLUTE)

    Execution Region ER_RO (Exec base: 0x00000000, Load base: 0x00000000, Size: 0x000020ac, Max: 0xffffffff, ABSOLUTE)

    Exec Addr    Load Addr    Size         Type   Attr      Idx    E Section Name        Object

    0x00000000   0x00000000   0x000000c0   Data   RO          131    RESET               startup_mkl25z4.o
    0x000000c0   0x000000c0   0x00000000   Code   RO          659  * .ARM.Collect$$$$00000000  mc_p.l(entry.o)
    0x000000c0   0x000000c0   0x00000004   Code   RO          676    .ARM.Collect$$$$00000001  mc_p.l(entry2.o)
    0x000000c4   0x000000c4   0x00000004   Code   RO          679    .ARM.Collect$$$$00000004  mc_p.l(entry5.o)
    0x000000c8   0x000000c8   0x00000000   Code   RO          681    .ARM.Collect$$$$00000008  mc_p.l(entry7b.o)
    0x000000c8   0x000000c8   0x00000000   Code   RO          683    .ARM.Collect$$$$0000000A  mc_p.l(entry8b.o)
    0x000000c8   0x000000c8   0x00000008   Code   RO          684    .ARM.Collect$$$$0000000B  mc_p.l(entry9a.o)
    0x000000d0   0x000000d0   0x00000000   Code   RO          686    .ARM.Collect$$$$0000000D  mc_p.l(entry10a.o)
    0x000000d0   0x000000d0   0x00000000   Code   RO          688    .ARM.Collect$$$$0000000F  mc_p.l(entry11a.o)
    0x000000d0   0x000000d0   0x00000004   Code   RO          677    .ARM.Collect$$$$00002712  mc_p.l(entry2.o)
    0x000000d4   0x000000d4   0x00000028   Code   RO          133  * .text               startup_mkl25z4.o
    0x000000fc   0x000000fc   0x000000a4   Code   RO          411    .text               RTX_CM0.lib(irq_cm0.o)
    0x000001a0   0x000001a0   0x00000024   Code   RO          670    .text               mc_p.l(memcpya.o)
    0x000001c4   0x000001c4   0x00000024   Code   RO          672    .text               mc_p.l(memseta.o)
    0x000001e8   0x000001e8   0x0000003e   Code   RO          694    .text               mc_p.l(uidiv_div0.o)
    0x00000226   0x00000226   0x00000002   PAD
    0x00000228   0x00000228   0x00000024   Code   RO          700    .text               mc_p.l(init.o)
    0x0000024c   0x0000024c   0x0000004e   Code   RO          392    .text.EventFlagsCheck  RTX_CM0.lib(rtx_evflags.o)
    0x0000029a   0x0000029a   0x0000004c   Code   RO          643    .text.MessageQueueGet  RTX_CM0.lib(rtx_msgqueue.o)
    0x000002e6   0x000002e6   0x00000062   Code   RO          637    .text.MessageQueuePut  RTX_CM0.lib(rtx_msgqueue.o)
    0x00000348   0x00000348   0x0000001e   Code   RO          635    .text.MessageQueueRemove  RTX_CM0.lib(rtx_msgqueue.o)
    0x00000366   0x00000366   0x00000002   PAD
    0x00000368   0x00000368   0x00000008   Code   RO          581    .text.OS_Tick_AcknowledgeIRQ  RTX_CM0.lib(os_systick.o)
    0x00000370   0x00000370   0x00000024   Code   RO          577    .text.OS_Tick_Enable  RTX_CM0.lib(os_systick.o)
    0x00000394   0x00000394   0x00000006   Code   RO          583    .text.OS_Tick_GetIRQn  RTX_CM0.lib(os_systick.o)
    0x0000039a   0x0000039a   0x00000002   PAD
    0x0000039c   0x0000039c   0x00000048   Code   RO          575    .text.OS_Tick_Setup  RTX_CM0.lib(os_systick.o)
    0x000003e4   0x000003e4   0x00000002   Code   RO          121    .text.osRtxErrorNotify  rtx_config.o
    0x000003e6   0x000003e6   0x00000002   Code   RO          119    .text.osRtxIdleThread  rtx_config.o
    0x000003e8   0x000003e8   0x00000002   Code   RO          155    .text.osRtxKernelPreInit  RTX_CM0.lib(rtx_kernel.o)
    0x000003ea   0x000003ea   0x00000006   Code   RO          232    .text.osRtxThreadRegPtr  RTX_CM0.lib(rtx_thread.o)
    0x000003f0   0x000003f0   0x0000000c   Code   RO          282    .text.osThreadExit  RTX_CM0.lib(rtx_thread.o)
    0x000003fc   0x000003fc   0x00000002   Code   RO          705    i.__scatterload_null  mc_p.l(handlers.o)
    0x000003fe   0x000003fe   0x00000002   PAD
    0x00000400   0x00000400   0x00000010   Code   RO          132    .ARM.__at_0x400     startup_mkl25z4.o
    0x00000410   0x00000410   0x0000010c   Code   RO          144    .text.SystemCoreClockUpdate  system_mkl25z4.o
    0x0000051c   0x0000051c   0x000000e4   Code   RO          142    .text.SystemInit    system_mkl25z4.o
    0x00000600   0x00000600   0x0000004e   Code   RO          300    .text.ThreadFlagsCheck  RTX_CM0.lib(rtx_thread.o)
    0x0000064e   0x0000064e   0x00000002   PAD
    0x00000650   0x00000650   0x0000004c   Code   RO          432    .text.TimerInsert   RTX_CM0.lib(rtx_timer.o)
    0x0000069c   0x0000069c   0x00000074   Code   RO           84    .text.initBuzzerPWM  buzzer.o
    0x00000710   0x00000710   0x00000100   Code   RO           67    .text.initGPIOLED   colorhandler.o
    0x00000810   0x00000810   0x00000148   Code   RO           30    .text.initPWM       pwm.o
    0x00000958   0x00000958   0x00000090   Code   RO           16    .text.main          main.o
    0x000009e8   0x000009e8   0x00000078   Code   RO            6    .text.motorThread   main.o
    0x00000a60   0x00000a60   0x0000001c   Code   RO           48    .text.moveForward   motor_control.o
    0x00000a7c   0x00000a7c   0x0000001c   Code   RO            8    .text.movingGreenLED  main.o
    0x00000a98   0x00000a98   0x0000001c   Code   RO           12    .text.movingRedLED  main.o
    0x00000ab4   0x00000ab4   0x00000028   Code   RO          353    .text.osDelay       RTX_CM0.lib(rtx_delay.o)
    0x00000adc   0x00000adc   0x00000024   Code   RO          376    .text.osEventFlagsClear  RTX_CM0.lib(rtx_evflags.o)
    0x00000b00   0x00000b00   0x00000024   Code   RO          370    .text.osEventFlagsNew  RTX_CM0.lib(rtx_evflags.o)
    0x00000b24   0x00000b24   0x00000050   Code   RO          374    .text.osEventFlagsSet  RTX_CM0.lib(rtx_evflags.o)
    0x00000b74   0x00000b74   0x00000044   Code   RO          384    .text.osEventFlagsWait  RTX_CM0.lib(rtx_evflags.o)
    0x00000bb8   0x00000bb8   0x00000028   Code   RO          157    .text.osKernelInitialize  RTX_CM0.lib(rtx_kernel.o)
    0x00000be0   0x00000be0   0x00000024   Code   RO          167    .text.osKernelStart  RTX_CM0.lib(rtx_kernel.o)
    0x00000c04   0x00000c04   0x00000074   Code   RO          609    .text.osMessageQueueGet  RTX_CM0.lib(rtx_msgqueue.o)
    0x00000c78   0x00000c78   0x00000024   Code   RO          603    .text.osMessageQueueNew  RTX_CM0.lib(rtx_msgqueue.o)
    0x00000c9c   0x00000c9c   0x00000078   Code   RO          607    .text.osMessageQueuePut  RTX_CM0.lib(rtx_msgqueue.o)
    0x00000d14   0x00000d14   0x00000034   Code   RO          390    .text.osRtxEventFlagsPostProcess  RTX_CM0.lib(rtx_evflags.o)
    0x00000d48   0x00000d48   0x0000007c   Code   RO          494    .text.osRtxMemoryAlloc  RTX_CM0.lib(rtx_memory.o)
    0x00000dc4   0x00000dc4   0x0000004e   Code   RO          496    .text.osRtxMemoryFree  RTX_CM0.lib(rtx_memory.o)
    0x00000e12   0x00000e12   0x00000032   Code   RO          492    .text.osRtxMemoryInit  RTX_CM0.lib(rtx_memory.o)
    0x00000e44   0x00000e44   0x0000002e   Code   RO          509    .text.osRtxMemoryPoolAlloc  RTX_CM0.lib(rtx_mempool.o)
    0x00000e72   0x00000e72   0x0000003a   Code   RO          511    .text.osRtxMemoryPoolFree  RTX_CM0.lib(rtx_mempool.o)
    0x00000eac   0x00000eac   0x0000003e   Code   RO          507    .text.osRtxMemoryPoolInit  RTX_CM0.lib(rtx_mempool.o)
    0x00000eea   0x00000eea   0x000000bc   Code   RO          633    .text.osRtxMessageQueuePostProcess  RTX_CM0.lib(rtx_msgqueue.o)
    0x00000fa6   0x00000fa6   0x00000044   Code   RO          457    .text.osRtxMutexOwnerRelease  RTX_CM0.lib(rtx_mutex.o)
    0x00000fea   0x00000fea   0x00000002   PAD
    0x00000fec   0x00000fec   0x0000007c   Code   RO          562    .text.osRtxPendSV_Handler  RTX_CM0.lib(rtx_system.o)
    0x00001068   0x00001068   0x00000068   Code   RO          564    .text.osRtxPostProcess  RTX_CM0.lib(rtx_system.o)
    0x000010d0   0x000010d0   0x00000034   Code   RO          240    .text.osRtxThreadBlock  RTX_CM0.lib(rtx_thread.o)
    0x00001104   0x00001104   0x0000007c   Code   RO          248    .text.osRtxThreadDelayInsert  RTX_CM0.lib(rtx_thread.o)
    0x00001180   0x00001180   0x00000040   Code   RO          244    .text.osRtxThreadDelayRemove  RTX_CM0.lib(rtx_thread.o)
    0x000011c0   0x000011c0   0x00000034   Code   RO          230    .text.osRtxThreadDelayTick  RTX_CM0.lib(rtx_thread.o)
    0x000011f4   0x000011f4   0x0000004c   Code   RO          238    .text.osRtxThreadDispatch  RTX_CM0.lib(rtx_thread.o)
    0x00001240   0x00001240   0x00000050   Code   RO          324    .text.osRtxThreadFree  RTX_CM0.lib(rtx_thread.o)
    0x00001290   0x00001290   0x00000014   Code   RO          222    .text.osRtxThreadListGet  RTX_CM0.lib(rtx_thread.o)
    0x000012a4   0x000012a4   0x0000002c   Code   RO          220    .text.osRtxThreadListPut  RTX_CM0.lib(rtx_thread.o)
    0x000012d0   0x000012d0   0x00000018   Code   RO          226    .text.osRtxThreadListRemove  RTX_CM0.lib(rtx_thread.o)
    0x000012e8   0x000012e8   0x00000026   Code   RO          298    .text.osRtxThreadPostProcess  RTX_CM0.lib(rtx_thread.o)
    0x0000130e   0x0000130e   0x00000002   PAD
    0x00001310   0x00001310   0x00000014   Code   RO          228    .text.osRtxThreadReadyPut  RTX_CM0.lib(rtx_thread.o)
    0x00001324   0x00001324   0x00000028   Code   RO          236    .text.osRtxThreadStackCheck  RTX_CM0.lib(rtx_thread.o)
    0x0000134c   0x0000134c   0x00000038   Code   RO          250    .text.osRtxThreadStartup  RTX_CM0.lib(rtx_thread.o)
    0x00001384   0x00001384   0x00000014   Code   RO          234    .text.osRtxThreadSwitch  RTX_CM0.lib(rtx_thread.o)
    0x00001398   0x00001398   0x0000003c   Code   RO          246    .text.osRtxThreadWaitEnter  RTX_CM0.lib(rtx_thread.o)
    0x000013d4   0x000013d4   0x00000022   Code   RO          242    .text.osRtxThreadWaitExit  RTX_CM0.lib(rtx_thread.o)
    0x000013f6   0x000013f6   0x00000002   PAD
    0x000013f8   0x000013f8   0x00000070   Code   RO          560    .text.osRtxTick_Handler  RTX_CM0.lib(rtx_system.o)
    0x00001468   0x00001468   0x0000003c   Code   RO          416    .text.osRtxTimerThread  RTX_CM0.lib(rtx_timer.o)
    0x000014a4   0x000014a4   0x00000060   Code   RO          418    .text.osRtxTimerTick  RTX_CM0.lib(rtx_timer.o)
    0x00001504   0x00001504   0x00000024   Code   RO          254    .text.osThreadNew   RTX_CM0.lib(rtx_thread.o)
    0x00001528   0x00001528   0x00000020   Code   RO           75    .text.startFastFlashRed  colorhandler.o
    0x00001548   0x00001548   0x00000058   Code   RO           69    .text.startMovingGreen  colorhandler.o
    0x000015a0   0x000015a0   0x0000002c   Code   RO           73    .text.startSlowFlashRed  colorhandler.o
    0x000015cc   0x000015cc   0x00000010   Code   RO           71    .text.startStationGreen  colorhandler.o
    0x000015dc   0x000015dc   0x0000001c   Code   RO           10    .text.stationGreenLED  main.o
    0x000015f8   0x000015f8   0x0000001c   Code   RO           14    .text.stationRedLED  main.o
    0x00001614   0x00001614   0x00000018   Code   RO           46    .text.stopMotors    motor_control.o
    0x0000162c   0x0000162c   0x00000012   Code   RO          357    .text.svcRtxDelay   RTX_CM0.lib(rtx_delay.o)
    0x0000163e   0x0000163e   0x00000032   Code   RO          378    .text.svcRtxEventFlagsClear  RTX_CM0.lib(rtx_evflags.o)
    0x00001670   0x00001670   0x00000074   Code   RO          388    .text.svcRtxEventFlagsNew  RTX_CM0.lib(rtx_evflags.o)
    0x000016e4   0x000016e4   0x0000007c   Code   RO          396    .text.svcRtxEventFlagsSet  RTX_CM0.lib(rtx_evflags.o)
    0x00001760   0x00001760   0x00000064   Code   RO          398    .text.svcRtxEventFlagsWait  RTX_CM0.lib(rtx_evflags.o)
    0x000017c4   0x000017c4   0x00000140   Code   RO          195    .text.svcRtxKernelInitialize  RTX_CM0.lib(rtx_kernel.o)
    0x00001904   0x00001904   0x00000080   Code   RO          197    .text.svcRtxKernelStart  RTX_CM0.lib(rtx_kernel.o)
    0x00001984   0x00001984   0x000000e8   Code   RO          645    .text.svcRtxMessageQueueGet  RTX_CM0.lib(rtx_msgqueue.o)
    0x00001a6c   0x00001a6c   0x000001e4   Code   RO          631    .text.svcRtxMessageQueueNew  RTX_CM0.lib(rtx_msgqueue.o)
    0x00001c50   0x00001c50   0x000000b8   Code   RO          641    .text.svcRtxMessageQueuePut  RTX_CM0.lib(rtx_msgqueue.o)
    0x00001d08   0x00001d08   0x0000006c   Code   RO          328    .text.svcRtxThreadExit  RTX_CM0.lib(rtx_thread.o)
    0x00001d74   0x00001d74   0x000001ec   Code   RO          252    .text.svcRtxThreadNew  RTX_CM0.lib(rtx_thread.o)
    0x00001f60   0x00001f60   0x0000000e   Code   RO          704    i.__scatterload_copy  mc_p.l(handlers.o)
    0x00001f6e   0x00001f6e   0x0000000e   Code   RO          706    i.__scatterload_zeroinit  mc_p.l(handlers.o)
    0x00001f7c   0x00001f7c   0x00000068   Data   RO          106    .rodata             rtx_lib.o
    0x00001fe4   0x00001fe4   0x00000038   Data   RO          109    .rodata             rtx_lib.o
    0x0000201c   0x0000201c   0x00000004   Data   RO          108    .rodata.osRtxUserSVC  rtx_lib.o
    0x00002020   0x00002020   0x00000024   Data   RO          103    .rodata.os_idle_thread_attr  rtx_lib.o
    0x00002044   0x00002044   0x00000018   Data   RO          105    .rodata.os_timer_mq_attr  rtx_lib.o
    0x0000205c   0x0000205c   0x00000024   Data   RO          104    .rodata.os_timer_thread_attr  rtx_lib.o
    0x00002080   0x00002080   0x0000000b   Data   RO          209    .rodata.str1.4      RTX_CM0.lib(rtx_kernel.o)
    0x0000208b   0x0000208b   0x00000001   PAD
    0x0000208c   0x0000208c   0x00000020   Data   RO          703    Region$$Table       anon$$obj.o


    Execution Region ER_RW (Exec base: 0x1ffff000, Load base: 0x000020ac, Size: 0x000000a8, Max: 0xffffffff, ABSOLUTE)

    Exec Addr    Load Addr    Size         Type   Attr      Idx    E Section Name        Object

    0x1ffff000   0x000020ac   0x00000004   Data   RW          146    .data.SystemCoreClock  system_mkl25z4.o
    0x1ffff004   0x000020b0   0x000000a4   Data   RW          210    .data.os            RTX_CM0.lib(rtx_kernel.o)


    Execution Region ER_ZI (Exec base: 0x1ffff0a8, Load base: 0x00002154, Size: 0x00001468, Max: 0xffffffff, ABSOLUTE)

    Exec Addr    Load Addr    Size         Type   Attr      Idx    E Section Name        Object

    0x1ffff0a8        -       0x00000001   Zero   RW          593    .bss.PendST         RTX_CM0.lib(os_systick.o)
    0x1ffff0a9   0x00002154   0x00000003   PAD
    0x1ffff0ac        -       0x00000004   Zero   RW           18    .bss.movingGreenFlag  main.o
    0x1ffff0b0        -       0x00000004   Zero   RW           19    .bss.movingRedFlag  main.o
    0x1ffff0b4   0x00002154   0x00000004   PAD
    0x1ffff0b8        -       0x00001040   Zero   RW          102    .bss.os             rtx_lib.o
    0x200000f8        -       0x00000034   Zero   RW          112    .bss.os.msgqueue.cb  rtx_lib.o
    0x2000012c        -       0x00000050   Zero   RW          113    .bss.os.msgqueue.mem  rtx_lib.o
    0x2000017c        -       0x00000088   Zero   RW          110    .bss.os.thread.cb   rtx_lib.o
    0x20000204   0x00002154   0x00000004   PAD
    0x20000208        -       0x00000200   Zero   RW          111    .bss.os.thread.stack  rtx_lib.o
    0x20000408        -       0x00000004   Zero   RW           20    .bss.stationGreenFlag  main.o
    0x2000040c        -       0x00000004   Zero   RW           21    .bss.stationRedFlag  main.o
    0x20000410        -       0x00000100   Zero   RW          129    STACK               startup_mkl25z4.o


==============================================================================

Image component sizes


      Code (inc. data)   RO Data    RW Data    ZI Data      Debug   Object Name

       116          8          0          0          0       2648   buzzer.o
       436         32          0          0          0       2621   colorhandler.o
       376         44          0          0         16       3857   main.o
        52         20          0          0          0       1521   motor_control.o
       328         32          0          0          0       2601   pwm.o
         4          0          0          0          0        715   rtx_config.o
         0          0        260          0       4940       5499   rtx_lib.o
        56         30        192          0        256        920   startup_mkl25z4.o
       496         76          0          4          0       3270   system_mkl25z4.o

    ----------------------------------------------------------------------
      1864        242        484          4       5220      23652   Object Totals
         0          0         32          0          0          0   (incl. Generated)
         0          0          0          0          8          0   (incl. Padding)

    ----------------------------------------------------------------------

      Code (inc. data)   RO Data    RW Data    ZI Data      Debug   Library Member Name

       164          8          0          0          0        496   irq_cm0.o
       122         16          0          0          1       2766   os_systick.o
        58          4          0          0          0       2753   rtx_delay.o
       740         28          0          0          0      12348   rtx_evflags.o
       526         24         11        164          0      16105   rtx_kernel.o
       252          0          0          0          0       2564   rtx_memory.o
       166          0          0          0          0      14282   rtx_mempool.o
      1564         40          0          0          0      17889   rtx_msgqueue.o
        68          0          0          0          0       9201   rtx_mutex.o
       340         14          0          0          0       4635   rtx_system.o
      1536         56          0          0          0      30867   rtx_thread.o
       232         20          0          0          0      10018   rtx_timer.o
         0          0          0          0          0          0   entry.o
         0          0          0          0          0          0   entry10a.o
         0          0          0          0          0          0   entry11a.o
         8          4          0          0          0          0   entry2.o
         4          0          0          0          0          0   entry5.o
         0          0          0          0          0          0   entry7b.o
         0          0          0          0          0          0   entry8b.o
         8          4          0          0          0          0   entry9a.o
        30          0          0          0          0          0   handlers.o
        36          8          0          0          0         68   init.o
        36          0          0          0          0         60   memcpya.o
        36          0          0          0          0        100   memseta.o
        62          0          0          0          0         72   uidiv_div0.o

    ----------------------------------------------------------------------
      6004        226         12        164          4     124224   Library Totals
        16          0          1          0          3          0   (incl. Padding)

    ----------------------------------------------------------------------

      Code (inc. data)   RO Data    RW Data    ZI Data      Debug   Library Name

      5768        210         11        164          1     123924   RTX_CM0.lib
       220         16          0          0          0        300   mc_p.l

    ----------------------------------------------------------------------
      6004        226         12        164          4     124224   Library Totals

    ----------------------------------------------------------------------

==============================================================================


      Code (inc. data)   RO Data    RW Data    ZI Data      Debug   

      7868        468        496        168       5224     147652   Grand Totals
      7868        468        496        168       5224     147652   ELF Image Totals
      7868        468        496        168          0          0   ROM Totals

==============================================================================

    Total RO  Size (Code + RO Data)                 8364 (   8.17kB)
    Total RW  Size (RW Data + ZI Data)              5392 (   5.27kB)
    Total ROM Size (Code + RO Data + RW Data)       8532 (   8.33kB)

==============================================================================

